Archive member included to satisfy reference by file (symbol)

/usr/local/lpcxpresso_7.7.2_379/lpcxpresso/tools/bin/../lib/gcc/arm-none-eabi/5.4.1/armv6-m/libgcc.a(_thumb1_case_uqi.o)
                              release/./hal/uv_hal/freertos/tasks.o (__gnu_thumb1_case_uqi)
/usr/local/lpcxpresso_7.7.2_379/lpcxpresso/tools/bin/../lib/gcc/arm-none-eabi/5.4.1/armv6-m/libgcc.a(_udivsi3.o)
                              release/./CMSIS_CORE_LPC11xx/src/system_LPC11xx.o (__aeabi_uidiv)
/usr/local/lpcxpresso_7.7.2_379/lpcxpresso/tools/bin/../lib/gcc/arm-none-eabi/5.4.1/armv6-m/libgcc.a(_divsi3.o)
                              release/./hal/uv_hal/src/uv_filters.o (__aeabi_idiv)
/usr/local/lpcxpresso_7.7.2_379/lpcxpresso/tools/bin/../lib/gcc/arm-none-eabi/5.4.1/armv6-m/libgcc.a(_dvmd_tls.o)
                              /usr/local/lpcxpresso_7.7.2_379/lpcxpresso/tools/bin/../lib/gcc/arm-none-eabi/5.4.1/armv6-m/libgcc.a(_udivsi3.o) (__aeabi_idiv0)
/usr/local/lpcxpresso_7.7.2_379/lpcxpresso/tools/bin/../lib/gcc/arm-none-eabi/5.4.1/armv6-m/libgcc.a(_arm_cmpsf2.o)
                              release/./src/axis.o (__aeabi_fcmplt)
/usr/local/lpcxpresso_7.7.2_379/lpcxpresso/tools/bin/../lib/gcc/arm-none-eabi/5.4.1/armv6-m/libgcc.a(_fixunssfsi.o)
                              release/./hal/uv_hal/src/uv_timer.o (__aeabi_f2uiz)
/usr/local/lpcxpresso_7.7.2_379/lpcxpresso/tools/bin/../lib/gcc/arm-none-eabi/5.4.1/armv6-m/libgcc.a(_fixunssfdi.o)
                              release/./hal/uv_hal/src/uv_timer.o (__aeabi_f2ulz)
/usr/local/lpcxpresso_7.7.2_379/lpcxpresso/tools/bin/../lib/gcc/arm-none-eabi/5.4.1/armv6-m/libgcc.a(divsf3.o)
                              release/./hal/uv_hal/src/uv_timer.o (__aeabi_fdiv)
/usr/local/lpcxpresso_7.7.2_379/lpcxpresso/tools/bin/../lib/gcc/arm-none-eabi/5.4.1/armv6-m/libgcc.a(eqsf2.o)
                              /usr/local/lpcxpresso_7.7.2_379/lpcxpresso/tools/bin/../lib/gcc/arm-none-eabi/5.4.1/armv6-m/libgcc.a(_arm_cmpsf2.o) (__eqsf2)
/usr/local/lpcxpresso_7.7.2_379/lpcxpresso/tools/bin/../lib/gcc/arm-none-eabi/5.4.1/armv6-m/libgcc.a(gesf2.o)
                              /usr/local/lpcxpresso_7.7.2_379/lpcxpresso/tools/bin/../lib/gcc/arm-none-eabi/5.4.1/armv6-m/libgcc.a(_arm_cmpsf2.o) (__gesf2)
/usr/local/lpcxpresso_7.7.2_379/lpcxpresso/tools/bin/../lib/gcc/arm-none-eabi/5.4.1/armv6-m/libgcc.a(lesf2.o)
                              /usr/local/lpcxpresso_7.7.2_379/lpcxpresso/tools/bin/../lib/gcc/arm-none-eabi/5.4.1/armv6-m/libgcc.a(_arm_cmpsf2.o) (__lesf2)
/usr/local/lpcxpresso_7.7.2_379/lpcxpresso/tools/bin/../lib/gcc/arm-none-eabi/5.4.1/armv6-m/libgcc.a(mulsf3.o)
                              release/./hal/uv_hal/src/uv_timer.o (__aeabi_fmul)
/usr/local/lpcxpresso_7.7.2_379/lpcxpresso/tools/bin/../lib/gcc/arm-none-eabi/5.4.1/armv6-m/libgcc.a(subsf3.o)
                              release/./hal/uv_hal/src/uv_timer.o (__aeabi_fsub)
/usr/local/lpcxpresso_7.7.2_379/lpcxpresso/tools/bin/../lib/gcc/arm-none-eabi/5.4.1/armv6-m/libgcc.a(fixsfsi.o)
                              /usr/local/lpcxpresso_7.7.2_379/lpcxpresso/tools/bin/../lib/gcc/arm-none-eabi/5.4.1/armv6-m/libgcc.a(_fixunssfsi.o) (__aeabi_f2iz)
/usr/local/lpcxpresso_7.7.2_379/lpcxpresso/tools/bin/../lib/gcc/arm-none-eabi/5.4.1/armv6-m/libgcc.a(floatsisf.o)
                              release/./src/axis.o (__aeabi_i2f)
/usr/local/lpcxpresso_7.7.2_379/lpcxpresso/tools/bin/../lib/gcc/arm-none-eabi/5.4.1/armv6-m/libgcc.a(floatunsisf.o)
                              release/./hal/uv_hal/src/uv_timer.o (__aeabi_ui2f)
/usr/local/lpcxpresso_7.7.2_379/lpcxpresso/tools/bin/../lib/gcc/arm-none-eabi/5.4.1/armv6-m/libgcc.a(muldf3.o)
                              /usr/local/lpcxpresso_7.7.2_379/lpcxpresso/tools/bin/../lib/gcc/arm-none-eabi/5.4.1/armv6-m/libgcc.a(_fixunssfdi.o) (__aeabi_dmul)
/usr/local/lpcxpresso_7.7.2_379/lpcxpresso/tools/bin/../lib/gcc/arm-none-eabi/5.4.1/armv6-m/libgcc.a(subdf3.o)
                              /usr/local/lpcxpresso_7.7.2_379/lpcxpresso/tools/bin/../lib/gcc/arm-none-eabi/5.4.1/armv6-m/libgcc.a(_fixunssfdi.o) (__aeabi_dsub)
/usr/local/lpcxpresso_7.7.2_379/lpcxpresso/tools/bin/../lib/gcc/arm-none-eabi/5.4.1/armv6-m/libgcc.a(floatunsidf.o)
                              /usr/local/lpcxpresso_7.7.2_379/lpcxpresso/tools/bin/../lib/gcc/arm-none-eabi/5.4.1/armv6-m/libgcc.a(_fixunssfdi.o) (__aeabi_ui2d)
/usr/local/lpcxpresso_7.7.2_379/lpcxpresso/tools/bin/../lib/gcc/arm-none-eabi/5.4.1/armv6-m/libgcc.a(extendsfdf2.o)
                              /usr/local/lpcxpresso_7.7.2_379/lpcxpresso/tools/bin/../lib/gcc/arm-none-eabi/5.4.1/armv6-m/libgcc.a(_fixunssfdi.o) (__aeabi_f2d)
/usr/local/lpcxpresso_7.7.2_379/lpcxpresso/tools/bin/../lib/gcc/arm-none-eabi/5.4.1/armv6-m/libgcc.a(_clzsi2.o)
                              /usr/local/lpcxpresso_7.7.2_379/lpcxpresso/tools/bin/../lib/gcc/arm-none-eabi/5.4.1/armv6-m/libgcc.a(divsf3.o) (__clzsi2)
[...]
Memory Configuration

Name             Origin             Length             Attributes
MFlash32         0x00000000         0x00007000         xr
RamLoc8          0x100000b8         0x00001f28         xrw
*default*        0x00000000         0xffffffff

Linker script and memory map

LOAD release/./CMSIS_CORE_LPC11xx/src/system_LPC11xx.o
LOAD release/./hal/uv_hal/freertos/heap_2.o
LOAD release/./hal/uv_hal/freertos/tasks.o
LOAD release/./hal/uv_hal/freertos/timers.o
LOAD release/./hal/uv_hal/freertos/event_groups.o
LOAD release/./hal/uv_hal/freertos/list.o
LOAD release/./hal/uv_hal/freertos/croutine.o
LOAD release/./hal/uv_hal/freertos/queue.o
LOAD release/./hal/uv_hal/freertos/portable/GCC/ARM_CM4F/port.o
LOAD release/./hal/uv_hal/freertos/portable/GCC/ARM_CM0/port.o
LOAD release/./hal/uv_hal/freertos/portable/GCC/ARM_CM3/port.o
LOAD release/./hal/uv_hal/src/uv_uart.o
LOAD release/./hal/uv_hal/src/uv_button.o
LOAD release/./hal/uv_hal/src/uv_filters.o
LOAD release/./hal/uv_hal/src/uv_can.o
LOAD release/./hal/uv_hal/src/uv_eeprom.o
LOAD release/./hal/uv_hal/src/uv_json.o
LOAD release/./hal/uv_hal/src/uv_i2c.o
LOAD release/./hal/uv_hal/src/printf.o
LOAD release/./hal/uv_hal/src/uv_canopen.o
LOAD release/./hal/uv_hal/src/uv_rtc.o
LOAD release/./hal/uv_hal/src/uv_emc.o
LOAD release/./hal/uv_hal/src/uv_gpio.o
LOAD release/./hal/uv_hal/src/uv_pwm.o
LOAD release/./hal/uv_hal/src/uv_stdout.o
LOAD release/./hal/uv_hal/src/uv_lcd.o
LOAD release/./hal/uv_hal/src/uv_reset.o
LOAD release/./hal/uv_hal/src/uv_adc.o
LOAD release/./hal/uv_hal/src/uv_spi.o
LOAD release/./hal/uv_hal/src/uv_wdt.o
LOAD release/./hal/uv_hal/src/uv_terminal.o
LOAD release/./hal/uv_hal/src/uv_timer.o
LOAD release/./hal/uv_hal/src/uv_utilities.o
LOAD release/./hal/uv_hal/src/uv_memory.o
LOAD release/./hal/uv_hal/src/uv_errors.o
LOAD release/./hal/uv_hal/src/uv_rtos.o
LOAD release/./hal/uv_hal/src/ui/uv_ui_styles.o
LOAD release/./hal/uv_hal/src/ui/uv_uibutton.o
LOAD release/./hal/uv_hal/src/ui/uv_uislider.o
LOAD release/./hal/uv_hal/src/ui/uv_uidisplay.o
LOAD release/./hal/uv_hal/src/ui/uv_uiwindow.o
LOAD release/./hal/uv_hal/src/ui/uv_uitabwindow.o
LOAD release/./hal/uv_hal/src/ui/uv_uifonts.o
LOAD release/./hal/uv_hal/src/ui/uv_uitogglebutton.o
LOAD release/./hal/uv_hal/src/ui/uv_uilist.o
LOAD release/./hal/uv_hal/src/ui/uv_uikeyboard.o
LOAD release/./hal/uv_hal/src/ui/uv_uilabel.o
LOAD release/./hal/uv_hal/src/ui/uv_uiprogressbar.o
LOAD release/./src/buttons.o
LOAD release/./src/crp.o
LOAD release/./src/messages.o
LOAD release/./src/main.o
LOAD release/./src/cr_startup_lpc11xx.o
LOAD release/./src/axis.o
START GROUP
LOAD /usr/local/lpcxpresso_7.7.2_379/lpcxpresso/tools/bin/../lib/gcc/arm-none-eabi/5.4.1/armv6-m/libgcc.a
LOAD /usr/local/lpcxpresso_7.7.2_379/lpcxpresso/tools/bin/../lib/gcc/arm-none-eabi/5.4.1/../../../../arm-none-eabi/lib/armv6-m/libc_nano.a
LOAD /usr/local/lpcxpresso_7.7.2_379/lpcxpresso/tools/bin/../lib/gcc/arm-none-eabi/5.4.1/../../../../arm-none-eabi/lib/armv6-m/libm.a
END GROUP
                0x00007000                __top_MFlash32 = 0x7000
                0x10001fe0                __top_RamLoc8 = 0x10001fe0

.text           0x00000000     0x4590
 FILL mask 0xff
                0x00000000                __vectors_start__ = ABSOLUTE (.)
 *(.isr_vector)
 .isr_vector    0x00000000       0xc0 release/./src/cr_startup_lpc11xx.o
                0x00000000                g_pfnVectors
                0x000000c0                . = ALIGN (0x4)
                0x000000c0                __section_table_start = .
                0x000000c0                __data_section_table = .
                0x000000c0        0x4 LONG 0x4590 LOADADDR (.data)
                0x000000c4        0x4 LONG 0x100000b8 ADDR (.data)
                0x000000c8        0x4 LONG 0x88 SIZEOF (.data)
                0x000000cc                __data_section_table_end = .
                0x000000cc                __bss_section_table = .
                0x000000cc        0x4 LONG 0x10000140 ADDR (.bss)
                0x000000d0        0x4 LONG 0x1168 SIZEOF (.bss)
                0x000000d4                __bss_section_table_end = .
                0x000000d4                __section_table_end = .
 *(.after_vectors*)
 .after_vectors
                0x000000d4       0x70 release/./src/cr_startup_lpc11xx.o
                0x000000de                TIMER16_0_IRQHandler
                0x000000de                TIMER32_0_IRQHandler
                0x000000de                TIMER32_1_IRQHandler
                0x000000de                SSP0_IRQHandler
                0x000000de                TIMER16_1_IRQHandler
                0x000000de                ADC_IRQHandler
                0x000000de                SSP1_IRQHandler
                0x000000de                BOD_IRQHandler
                0x000000de                WAKEUP_IRQHandler
                0x000000de                I2C_IRQHandler
                0x000000de                WDT_IRQHandler
                0x000000e0                data_init
                0x000000f2                bss_init
                0x00000102                ResetISR
                0x000002fc                . = 0x2fc
 *fill*         0x00000144      0x1b8 ff
                0x000002fc                PROVIDE (__CRP_WORD_START__, .)
 *(.crp)
 .crp           0x000002fc        0x4 release/./src/crp.o
                0x000002fc                CRP_WORD
                0x00000300                PROVIDE (__CRP_WORD_END__, .)
                0x00000001                ASSERT (! ((__CRP_WORD_START__ == __CRP_WORD_END__)), Linker CRP Enabled, but no CRP_WORD provided within application)
 *(.text*)
 .text.SystemCoreClockUpdate
                0x00000300       0xb8 release/./CMSIS_CORE_LPC11xx/src/system_LPC11xx.o
                0x00000300                SystemCoreClockUpdate
 .text.SystemInit
                0x000003b8       0xa8 release/./CMSIS_CORE_LPC11xx/src/system_LPC11xx.o
                0x000003b8                SystemInit
 .text.pvPortMalloc
                0x00000460       0xb8 release/./hal/uv_hal/freertos/heap_2.o
                0x00000460                pvPortMalloc
 .text.vPortFree
                0x00000518       0x38 release/./hal/uv_hal/freertos/heap_2.o
                0x00000518                vPortFree
 .text.prvResetNextTaskUnblockTime
                0x00000550       0x28 release/./hal/uv_hal/freertos/tasks.o
 .text.prvAddCurrentTaskToDelayedList
                0x00000578       0x74 release/./hal/uv_hal/freertos/tasks.o
 .text.xTaskGenericCreate
                0x000005ec      0x1a8 release/./hal/uv_hal/freertos/tasks.o
                0x000005ec                xTaskGenericCreate
 .text.vTaskStartScheduler
                0x00000794       0x5c release/./hal/uv_hal/freertos/tasks.o
                0x00000794                vTaskStartScheduler
 .text.vTaskSuspendAll
                0x000007f0       0x10 release/./hal/uv_hal/freertos/tasks.o
                0x000007f0                vTaskSuspendAll
 .text.xTaskGetTickCount
                0x00000800        0xc release/./hal/uv_hal/freertos/tasks.o
                0x00000800                xTaskGetTickCount
 .text.xTaskIncrementTick
                0x0000080c       0xf8 release/./hal/uv_hal/freertos/tasks.o
                0x0000080c                xTaskIncrementTick
 .text.xTaskResumeAll
                0x00000904       0xd0 release/./hal/uv_hal/freertos/tasks.o
                0x00000904                xTaskResumeAll
 .text.vTaskDelayUntil
                0x000009d4       0x4c release/./hal/uv_hal/freertos/tasks.o
                0x000009d4                vTaskDelayUntil
 .text.prvIdleTask
                0x00000a20       0x68 release/./hal/uv_hal/freertos/tasks.o
 .text.vTaskSwitchContext
                0x00000a88       0x84 release/./hal/uv_hal/freertos/tasks.o
                0x00000a88                vTaskSwitchContext
 .text.vTaskPlaceOnEventList
                0x00000b0c       0x1c release/./hal/uv_hal/freertos/tasks.o
                0x00000b0c                vTaskPlaceOnEventList
 .text.vTaskPlaceOnEventListRestricted
                0x00000b28       0x28 release/./hal/uv_hal/freertos/tasks.o
                0x00000b28                vTaskPlaceOnEventListRestricted
 .text.xTaskRemoveFromEventList
                0x00000b50       0x70 release/./hal/uv_hal/freertos/tasks.o
                0x00000b50                xTaskRemoveFromEventList
 .text.vTaskSetTimeOutState
                0x00000bc0       0x18 release/./hal/uv_hal/freertos/tasks.o
                0x00000bc0                vTaskSetTimeOutState
 .text.xTaskCheckForTimeOut
                0x00000bd8       0x50 release/./hal/uv_hal/freertos/tasks.o
                0x00000bd8                xTaskCheckForTimeOut
 .text.vTaskMissedYield
                0x00000c28        0xc release/./hal/uv_hal/freertos/tasks.o
                0x00000c28                vTaskMissedYield
 .text.xTaskGetSchedulerState
                0x00000c34       0x20 release/./hal/uv_hal/freertos/tasks.o
                0x00000c34                xTaskGetSchedulerState
 .text.vTaskPriorityInherit
                0x00000c54       0x6c release/./hal/uv_hal/freertos/tasks.o
                0x00000c54                vTaskPriorityInherit
 .text.xTaskPriorityDisinherit
                0x00000cc0       0x54 release/./hal/uv_hal/freertos/tasks.o
                0x00000cc0                xTaskPriorityDisinherit
 .text.pvTaskIncrementMutexHeldCount
                0x00000d14       0x18 release/./hal/uv_hal/freertos/tasks.o
                0x00000d14                pvTaskIncrementMutexHeldCount
 .text.prvCheckForValidListAndQueue
                0x00000d2c       0x60 release/./hal/uv_hal/freertos/timers.o
 .text.prvInsertTimerInActiveList
                0x00000d8c       0x3c release/./hal/uv_hal/freertos/timers.o
 .text.xTimerCreateTimerTask
                0x00000dc8       0x38 release/./hal/uv_hal/freertos/timers.o
                0x00000dc8                xTimerCreateTimerTask
 .text.xTimerGenericCommand
                0x00000e00       0x48 release/./hal/uv_hal/freertos/timers.o
                0x00000e00                xTimerGenericCommand
 .text.prvSwitchTimerLists
                0x00000e48       0x60 release/./hal/uv_hal/freertos/timers.o
 .text.prvTimerTask
                0x00000ea8      0x16c release/./hal/uv_hal/freertos/timers.o
 .text.vListInitialise
                0x00001014       0x16 release/./hal/uv_hal/freertos/list.o
                0x00001014                vListInitialise
 .text.vListInitialiseItem
                0x0000102a        0x6 release/./hal/uv_hal/freertos/list.o
                0x0000102a                vListInitialiseItem
 .text.vListInsertEnd
                0x00001030       0x18 release/./hal/uv_hal/freertos/list.o
                0x00001030                vListInsertEnd
 .text.vListInsert
                0x00001048       0x30 release/./hal/uv_hal/freertos/list.o
                0x00001048                vListInsert
 .text.uxListRemove
                0x00001078       0x20 release/./hal/uv_hal/freertos/list.o
                0x00001078                uxListRemove
 .text.prvCopyDataToQueue
                0x00001098       0x72 release/./hal/uv_hal/freertos/queue.o
 .text.prvCopyDataFromQueue
                0x0000110a       0x24 release/./hal/uv_hal/freertos/queue.o
 .text.prvUnlockQueue
                0x0000112e       0x6a release/./hal/uv_hal/freertos/queue.o
 .text.xQueueGenericReset
                0x00001198       0x5e release/./hal/uv_hal/freertos/queue.o
                0x00001198                xQueueGenericReset
 .text.xQueueGenericCreate
                0x000011f6       0x3c release/./hal/uv_hal/freertos/queue.o
                0x000011f6                xQueueGenericCreate
 .text.xQueueGenericSend
                0x00001232       0xdc release/./hal/uv_hal/freertos/queue.o
                0x00001232                xQueueGenericSend
 .text.xQueueGenericSendFromISR
                0x0000130e       0x5c release/./hal/uv_hal/freertos/queue.o
                0x0000130e                xQueueGenericSendFromISR
 .text.xQueueGenericReceive
                0x0000136a      0x11c release/./hal/uv_hal/freertos/queue.o
                0x0000136a                xQueueGenericReceive
 *fill*         0x00001486        0x2 ff
 .text.vQueueAddToRegistry
                0x00001488       0x24 release/./hal/uv_hal/freertos/queue.o
                0x00001488                vQueueAddToRegistry
 .text.vQueueWaitForMessageRestricted
                0x000014ac       0x3e release/./hal/uv_hal/freertos/queue.o
                0x000014ac                vQueueWaitForMessageRestricted
 .text.prvTaskExitError
                0x000014ea        0x4 release/./hal/uv_hal/freertos/portable/GCC/ARM_CM0/port.o
 *fill*         0x000014ee        0x2 ff
 .text.vPortStartFirstTask
                0x000014f0       0x24 release/./hal/uv_hal/freertos/portable/GCC/ARM_CM0/port.o
 .text.pxPortInitialiseStack
                0x00001514       0x20 release/./hal/uv_hal/freertos/portable/GCC/ARM_CM0/port.o
                0x00001514                pxPortInitialiseStack
 .text.SVC_Handler
                0x00001534        0x2 release/./hal/uv_hal/freertos/portable/GCC/ARM_CM0/port.o
                0x00001534                SVC_Handler
 *fill*         0x00001536        0x2 ff
 .text.xPortStartScheduler
                0x00001538       0x54 release/./hal/uv_hal/freertos/portable/GCC/ARM_CM0/port.o
                0x00001538                xPortStartScheduler
 .text.vPortYield
                0x0000158c       0x18 release/./hal/uv_hal/freertos/portable/GCC/ARM_CM0/port.o
                0x0000158c                vPortYield
 .text.vPortEnterCritical
                0x000015a4       0x18 release/./hal/uv_hal/freertos/portable/GCC/ARM_CM0/port.o
                0x000015a4                vPortEnterCritical
 .text.vPortExitCritical
                0x000015bc       0x14 release/./hal/uv_hal/freertos/portable/GCC/ARM_CM0/port.o
                0x000015bc                vPortExitCritical
 .text.ulSetInterruptMaskFromISR
                0x000015d0        0xa release/./hal/uv_hal/freertos/portable/GCC/ARM_CM0/port.o
                0x000015d0                ulSetInterruptMaskFromISR
 .text.vClearInterruptMaskFromISR
                0x000015da        0x6 release/./hal/uv_hal/freertos/portable/GCC/ARM_CM0/port.o
                0x000015da                vClearInterruptMaskFromISR
 .text.PendSV_Handler
                0x000015e0       0x44 release/./hal/uv_hal/freertos/portable/GCC/ARM_CM0/port.o
                0x000015e0                PendSV_Handler
 .text.SysTick_Handler
                0x00001624       0x24 release/./hal/uv_hal/freertos/portable/GCC/ARM_CM0/port.o
                0x00001624                SysTick_Handler
 .text.check_uart
                0x00001648       0x24 release/./hal/uv_hal/src/uv_uart.o
 .text.UART_IRQHandler
                0x0000166c       0x48 release/./hal/uv_hal/src/uv_uart.o
                0x0000166c                UART_IRQHandler
 .text._uv_uart_init
                0x000016b4       0xc8 release/./hal/uv_hal/src/uv_uart.o
                0x000016b4                _uv_uart_init
 .text.uv_uart_send_char
                0x0000177c       0x50 release/./hal/uv_hal/src/uv_uart.o
                0x0000177c                uv_uart_send_char
 .text.uv_uart_get_char
                0x000017cc       0x38 release/./hal/uv_hal/src/uv_uart.o
                0x000017cc                uv_uart_get_char
 .text.uv_uart_is_initialized
                0x00001804       0x18 release/./hal/uv_hal/src/uv_uart.o
                0x00001804                uv_uart_is_initialized
 .text.CAN_tx   0x0000181c       0x10 release/./hal/uv_hal/src/uv_can.o
                0x0000181c                CAN_tx
 .text.CAN_error
                0x0000182c        0x2 release/./hal/uv_hal/src/uv_can.o
                0x0000182c                CAN_error
 *fill*         0x0000182e        0x2 ff
 .text.CAN_rx   0x00001830       0x84 release/./hal/uv_hal/src/uv_can.o
                0x00001830                CAN_rx
 .text.check_channel
                0x000018b4       0x24 release/./hal/uv_hal/src/uv_can.o
 .text.CAN_IRQHandler
                0x000018d8       0x14 release/./hal/uv_hal/src/uv_can.o
                0x000018d8                CAN_IRQHandler
 .text.uv_can_step
                0x000018ec       0x34 release/./hal/uv_hal/src/uv_can.o
                0x000018ec                uv_can_step
 .text.uv_can_config_rx_message
                0x00001920       0x80 release/./hal/uv_hal/src/uv_can.o
                0x00001920                uv_can_config_rx_message
 .text._uv_can_init
                0x000019a0       0xd0 release/./hal/uv_hal/src/uv_can.o
                0x000019a0                _uv_can_init
 .text.uv_can_pop_message
                0x00001a70       0x28 release/./hal/uv_hal/src/uv_can.o
                0x00001a70                uv_can_pop_message
 .text.uv_can_get_error_state
                0x00001a98       0x24 release/./hal/uv_hal/src/uv_can.o
                0x00001a98                uv_can_get_error_state
 .text.uv_can_send_message
                0x00001abc       0xa4 release/./hal/uv_hal/src/uv_can.o
                0x00001abc                uv_can_send_message
 .text.uv_can_get_char
                0x00001b60       0x14 release/./hal/uv_hal/src/uv_can.o
                0x00001b60                uv_can_get_char
 .text._uv_can_hal_step
                0x00001b74       0x1c release/./hal/uv_hal/src/uv_can.o
                0x00001b74                _uv_can_hal_step
 .text.printchar
                0x00001b90       0x1a release/./hal/uv_hal/src/printf.o
 .text.prints   0x00001baa       0x82 release/./hal/uv_hal/src/printf.o
 .text.printi   0x00001c2c       0xae release/./hal/uv_hal/src/printf.o
 *fill*         0x00001cda        0x2 ff
 .text.print    0x00001cdc      0x108 release/./hal/uv_hal/src/printf.o
                0x00001cdc                print
 .text.printf   0x00001de4       0x1c release/./hal/uv_hal/src/printf.o
                0x00001de4                printf
 .text.find_object
                0x00001e00       0x3a release/./hal/uv_hal/src/uv_canopen.o
 .text.sdo_send_response.isra.1
                0x00001e3a       0x80 release/./hal/uv_hal/src/uv_canopen.o
 .text.sdo_send_error.isra.2
                0x00001eba       0x52 release/./hal/uv_hal/src/uv_canopen.o
 .text.array_read
                0x00001f0c       0x22 release/./hal/uv_hal/src/uv_canopen.o
 *fill*         0x00001f2e        0x2 ff
 .text.uv_canopen_init
                0x00001f30       0xd0 release/./hal/uv_hal/src/uv_canopen.o
                0x00001f30                uv_canopen_init
 .text.uv_canopen_restore_defaults
                0x00002000      0x124 release/./hal/uv_hal/src/uv_canopen.o
                0x00002000                uv_canopen_restore_defaults
 .text.uv_canopen_step
                0x00002124      0x490 release/./hal/uv_hal/src/uv_canopen.o
                0x00002124                uv_canopen_step
 .text.isr      0x000025b4       0x60 release/./hal/uv_hal/src/uv_gpio.o
 .text.PIOINT0_IRQHandler
                0x00002614        0xe release/./hal/uv_hal/src/uv_gpio.o
                0x00002614                PIOINT0_IRQHandler
 *fill*         0x00002622        0x2 ff
 .text.PIOINT1_IRQHandler
                0x00002624       0x10 release/./hal/uv_hal/src/uv_gpio.o
                0x00002624                PIOINT1_IRQHandler
 .text.PIOINT2_IRQHandler
                0x00002634       0x10 release/./hal/uv_hal/src/uv_gpio.o
                0x00002634                PIOINT2_IRQHandler
 .text.PIOINT3_IRQHandler
                0x00002644       0x10 release/./hal/uv_hal/src/uv_gpio.o
                0x00002644                PIOINT3_IRQHandler
 .text.send_can_msg
                0x00002654       0x70 release/./hal/uv_hal/src/uv_stdout.o
 .text.outbyte  0x000026c4       0x44 release/./hal/uv_hal/src/uv_stdout.o
                0x000026c4                outbyte
 .text.uv_stdout_send
                0x00002708       0x16 release/./hal/uv_hal/src/uv_stdout.o
                0x00002708                uv_stdout_send
 *fill*         0x0000271e        0x2 ff
 .text._uv_stdout_hal_step
                0x00002720       0x28 release/./hal/uv_hal/src/uv_stdout.o
                0x00002720                _uv_stdout_hal_step
 .text.uv_system_reset
                0x00002748       0x28 release/./hal/uv_hal/src/uv_reset.o
                0x00002748                uv_system_reset
 .text._uv_adc_init
                0x00002770       0x8c release/./hal/uv_hal/src/uv_adc.o
                0x00002770                _uv_adc_init
 .text.uv_adc_read
                0x000027fc       0x68 release/./hal/uv_hal/src/uv_adc.o
                0x000027fc                uv_adc_read
 .text.uv_adc_read_average
                0x00002864       0x24 release/./hal/uv_hal/src/uv_adc.o
                0x00002864                uv_adc_read_average
 .text._uv_wdt_init
                0x00002888       0x6c release/./hal/uv_hal/src/uv_wdt.o
                0x00002888                _uv_wdt_init
 .text.uv_wdt_update
                0x000028f4       0x14 release/./hal/uv_hal/src/uv_wdt.o
                0x000028f4                uv_wdt_update
 .text.uv_wdt_reset
                0x00002908       0x18 release/./hal/uv_hal/src/uv_wdt.o
                0x00002908                uv_wdt_reset
 .text.uv_terminal_dev_callb
                0x00002920       0x20 release/./hal/uv_hal/src/uv_terminal.o
                0x00002920                uv_terminal_dev_callb
 .text.uv_terminal_help_callb
                0x00002940       0x54 release/./hal/uv_hal/src/uv_terminal.o
                0x00002940                uv_terminal_help_callb
 .text.uv_terminal_reset_callb
                0x00002994       0x1c release/./hal/uv_hal/src/uv_terminal.o
                0x00002994                uv_terminal_reset_callb
 .text.uv_terminal_save_callb
                0x000029b0       0x18 release/./hal/uv_hal/src/uv_terminal.o
                0x000029b0                uv_terminal_save_callb
 .text.uv_terminal_revert_callb
                0x000029c8       0x18 release/./hal/uv_hal/src/uv_terminal.o
                0x000029c8                uv_terminal_revert_callb
 .text.uv_terminal_init
                0x000029e0       0x30 release/./hal/uv_hal/src/uv_terminal.o
                0x000029e0                uv_terminal_init
 .text.uv_terminal_step
                0x00002a10      0x1d0 release/./hal/uv_hal/src/uv_terminal.o
                0x00002a10                uv_terminal_step
 .text.uv_set_application_ptr
                0x00002be0        0xc release/./hal/uv_hal/src/uv_utilities.o
                0x00002be0                uv_set_application_ptr
 .text.uv_ring_buffer_init
                0x00002bec       0x1c release/./hal/uv_hal/src/uv_utilities.o
                0x00002bec                uv_ring_buffer_init
 .text.uv_ring_buffer_push
                0x00002c08       0x50 release/./hal/uv_hal/src/uv_utilities.o
                0x00002c08                uv_ring_buffer_push
 .text.uv_ring_buffer_pop
                0x00002c58       0x54 release/./hal/uv_hal/src/uv_utilities.o
                0x00002c58                uv_ring_buffer_pop
 .text.uv_vector_push_back
                0x00002cac       0x34 release/./hal/uv_hal/src/uv_utilities.o
                0x00002cac                uv_vector_push_back
 .text._delay_ms
                0x00002ce0       0x40 release/./hal/uv_hal/src/uv_utilities.o
                0x00002ce0                _delay_ms
 .text.uv_set_int_priority
                0x00002d20       0x78 release/./hal/uv_hal/src/uv_utilities.o
                0x00002d20                uv_set_int_priority
 .text.__uv_get_user_ptr
                0x00002d98        0xc release/./hal/uv_hal/src/uv_utilities.o
                0x00002d98                __uv_get_user_ptr
 .text.NMI_Handler
                0x00002da4       0x14 release/./hal/uv_hal/src/uv_utilities.o
                0x00002da4                NMI_Handler
 .text.HardFault_Handler
                0x00002db8       0x14 release/./hal/uv_hal/src/uv_utilities.o
                0x00002db8                HardFault_Handler
 .text.uv_enter_ISP_mode
                0x00002dcc       0x1c release/./hal/uv_hal/src/uv_memory.o
                0x00002dcc                uv_enter_ISP_mode
 .text.uv_memory_load
                0x00002de8       0x64 release/./hal/uv_hal/src/uv_memory.o
                0x00002de8                uv_memory_load
 .text.uv_erase_and_write_to_flash
                0x00002e4c       0xcc release/./hal/uv_hal/src/uv_memory.o
                0x00002e4c                uv_erase_and_write_to_flash
 .text.uv_memory_save
                0x00002f18       0xc8 release/./hal/uv_hal/src/uv_memory.o
                0x00002f18                uv_memory_save
 .text.__uv_save_previous_non_volatile_data
                0x00002fe0       0x34 release/./hal/uv_hal/src/uv_memory.o
                0x00002fe0                __uv_save_previous_non_volatile_data
 .text.__uv_clear_previous_non_volatile_data
                0x00003014       0x84 release/./hal/uv_hal/src/uv_memory.o
                0x00003014                __uv_clear_previous_non_volatile_data
 .text.uv_set_id
                0x00003098       0x10 release/./hal/uv_hal/src/uv_memory.o
                0x00003098                uv_set_id
 .text.uv_get_id
                0x000030a8       0x1c release/./hal/uv_hal/src/uv_memory.o
                0x000030a8                uv_get_id
 .text.__uv_log_error
                0x000030c4       0x18 release/./hal/uv_hal/src/uv_errors.o
                0x000030c4                __uv_log_error
 .text.uv_rtos_task_delay
                0x000030dc       0x14 release/./hal/uv_hal/src/uv_rtos.o
                0x000030dc                uv_rtos_task_delay
 .text.hal_task
                0x000030f0       0x20 release/./hal/uv_hal/src/uv_rtos.o
                0x000030f0                hal_task
 .text.vApplicationStackOverflowHook
                0x00003110       0x28 release/./hal/uv_hal/src/uv_rtos.o
                0x00003110                vApplicationStackOverflowHook
 .text.uv_init  0x00003138       0x68 release/./hal/uv_hal/src/uv_rtos.o
                0x00003138                uv_init
 .text.button_step
                0x000031a0       0x22 release/./src/buttons.o
                0x000031a0                button_step
 *fill*         0x000031c2        0x2 ff
 .text.terminal_callback
                0x000031c4       0x88 release/./src/messages.o
                0x000031c4                terminal_callback
 .text.object_dictionary_size
                0x0000324c        0x4 release/./src/messages.o
                0x0000324c                object_dictionary_size
 .text.terminal_commands_size
                0x00003250        0x4 release/./src/messages.o
                0x00003250                terminal_commands_size
 .text.keypad_init
                0x00003254      0x260 release/./src/main.o
                0x00003254                keypad_init
 .text.keypad_step
                0x000034b4      0x284 release/./src/main.o
                0x000034b4                keypad_step
 .text.startup.main
                0x00003738       0x6c release/./src/main.o
                0x00003738                main
 .text.axis_calib_start
                0x000037a4       0x24 release/./src/axis.o
                0x000037a4                axis_calib_start
 .text.axis_step
                0x000037c8       0xe8 release/./src/axis.o
                0x000037c8                axis_step
 .text          0x000038b0       0x14 /usr/local/lpcxpresso_7.7.2_379/lpcxpresso/tools/bin/../lib/gcc/arm-none-eabi/5.4.1/armv6-m/libgcc.a(_thumb1_case_uqi.o)
                0x000038b0                __gnu_thumb1_case_uqi
 .text          0x000038c4      0x114 /usr/local/lpcxpresso_7.7.2_379/lpcxpresso/tools/bin/../lib/gcc/arm-none-eabi/5.4.1/armv6-m/libgcc.a(_udivsi3.o)
                0x000038c4                __udivsi3
                0x000038c4                __aeabi_uidiv
                0x000039d0                __aeabi_uidivmod
 .text          0x000039d8      0x1d4 /usr/local/lpcxpresso_7.7.2_379/lpcxpresso/tools/bin/../lib/gcc/arm-none-eabi/5.4.1/armv6-m/libgcc.a(_divsi3.o)
                0x000039d8                __aeabi_idiv
                0x000039d8                __divsi3
                0x00003ba4                __aeabi_idivmod
 .text          0x00003bac        0x4 /usr/local/lpcxpresso_7.7.2_379/lpcxpresso/tools/bin/../lib/gcc/arm-none-eabi/5.4.1/armv6-m/libgcc.a(_dvmd_tls.o)
                0x00003bac                __aeabi_ldiv0
                0x00003bac                __aeabi_idiv0
 .text          0x00003bb0       0x74 /usr/local/lpcxpresso_7.7.2_379/lpcxpresso/tools/bin/../lib/gcc/arm-none-eabi/5.4.1/armv6-m/libgcc.a(_arm_cmpsf2.o)
                0x00003bb0                __aeabi_cfrcmple
                0x00003bb8                __aeabi_cfcmple
                0x00003bb8                __aeabi_cfcmpeq
                0x00003bc8                __aeabi_fcmpeq
                0x00003bd4                __aeabi_fcmplt
                0x00003be8                __aeabi_fcmple
                0x00003bfc                __aeabi_fcmpgt
                0x00003c10                __aeabi_fcmpge
 .text          0x00003c24       0x50 /usr/local/lpcxpresso_7.7.2_379/lpcxpresso/tools/bin/../lib/gcc/arm-none-eabi/5.4.1/armv6-m/libgcc.a(eqsf2.o)
                0x00003c24                __nesf2
                0x00003c24                __eqsf2
 .text          0x00003c74       0x88 /usr/local/lpcxpresso_7.7.2_379/lpcxpresso/tools/bin/../lib/gcc/arm-none-eabi/5.4.1/armv6-m/libgcc.a(gesf2.o)
                0x00003c74                __gtsf2
                0x00003c74                __gesf2
 .text          0x00003cfc       0x88 /usr/local/lpcxpresso_7.7.2_379/lpcxpresso/tools/bin/../lib/gcc/arm-none-eabi/5.4.1/armv6-m/libgcc.a(lesf2.o)
                0x00003cfc                __lesf2
                0x00003cfc                __ltsf2
 .text          0x00003d84       0x90 /usr/local/lpcxpresso_7.7.2_379/lpcxpresso/tools/bin/../lib/gcc/arm-none-eabi/5.4.1/armv6-m/libgcc.a(floatsisf.o)
                0x00003d84                __aeabi_i2f
 .text          0x00003e14       0x3c /usr/local/lpcxpresso_7.7.2_379/lpcxpresso/tools/bin/../lib/gcc/arm-none-eabi/5.4.1/armv6-m/libgcc.a(_clzsi2.o)
                0x00003e14                __clzsi2
 .text.memcpy   0x00003e50       0x12 /usr/local/lpcxpresso_7.7.2_379/lpcxpresso/tools/bin/../lib/gcc/arm-none-eabi/5.4.1/../../../../arm-none-eabi/lib/armv6-m/libc_nano.a(lib_a-memcpy-stub.o)
                0x00003e50                memcpy
 .text.memset   0x00003e62       0x10 /usr/local/lpcxpresso_7.7.2_379/lpcxpresso/tools/bin/../lib/gcc/arm-none-eabi/5.4.1/../../../../arm-none-eabi/lib/armv6-m/libc_nano.a(lib_a-memset.o)
                0x00003e62                memset
 .text          0x00003e72       0x14 /usr/local/lpcxpresso_7.7.2_379/lpcxpresso/tools/bin/../lib/gcc/arm-none-eabi/5.4.1/../../../../arm-none-eabi/lib/armv6-m/libc_nano.a(lib_a-strcmp.o)
                0x00003e72                strcmp
 *fill*         0x00003e86        0x2 ff
 .text._strtol_r
                0x00003e88      0x124 /usr/local/lpcxpresso_7.7.2_379/lpcxpresso/tools/bin/../lib/gcc/arm-none-eabi/5.4.1/../../../../arm-none-eabi/lib/armv6-m/libc_nano.a(lib_a-strtol.o)
                0x00003e88                _strtol_r
 .text.strtol   0x00003fac       0x18 /usr/local/lpcxpresso_7.7.2_379/lpcxpresso/tools/bin/../lib/gcc/arm-none-eabi/5.4.1/../../../../arm-none-eabi/lib/armv6-m/libc_nano.a(lib_a-strtol.o)
                0x00003fac                strtol
 *(.rodata .rodata.* .constdata .constdata.*)
 .rodata.CSWTCH.7
                0x00003fc4       0x40 release/./CMSIS_CORE_LPC11xx/src/system_LPC11xx.o
 .rodata.str1.1
                0x00004004        0x5 release/./hal/uv_hal/freertos/tasks.o
 .rodata.str1.1
                0x00004009        0xd release/./hal/uv_hal/freertos/timers.o
 *fill*         0x00004016        0x2 ff
 .rodata        0x00004018       0x20 release/./hal/uv_hal/src/uv_can.o
 .rodata.str1.1
                0x00004038        0x7 release/./hal/uv_hal/src/printf.o
 .rodata.str1.1
                0x0000403f       0x82 release/./hal/uv_hal/src/uv_terminal.o
                                 0x87 (size before relaxing)
 *fill*         0x000040c1        0x3 ff
 .rodata.common_cmds
                0x000040c4       0x3c release/./hal/uv_hal/src/uv_terminal.o
                0x000040c4                common_cmds
 .rodata.str1.1
                0x00004100       0x63 release/./hal/uv_hal/src/uv_utilities.o
 .rodata.str1.1
                0x00004163       0x3a release/./hal/uv_hal/src/uv_memory.o
 .rodata.str1.1
                0x0000419d       0x41 release/./hal/uv_hal/src/uv_errors.o
 .rodata.str1.1
                0x000041de       0x12 release/./hal/uv_hal/src/uv_rtos.o
 .rodata.str1.1
                0x000041f0       0x84 release/./src/messages.o
                                 0x89 (size before relaxing)
 .rodata.terminal_commands
                0x00004274       0x90 release/./src/messages.o
                0x00004274                terminal_commands
 .rodata.obj_dict
                0x00004304       0xcc release/./src/messages.o
                0x00004304                obj_dict
 .rodata.str1.1
                0x000043d0       0xbb release/./src/main.o
 .rodata._ctype_
                0x0000448b      0x101 /usr/local/lpcxpresso_7.7.2_379/lpcxpresso/tools/bin/../lib/gcc/arm-none-eabi/5.4.1/../../../../arm-none-eabi/lib/armv6-m/libc_nano.a(lib_a-ctype_.o)
                0x0000448b                _ctype_
 .rodata.str1.1
                0x0000458c        0x2 /usr/local/lpcxpresso_7.7.2_379/lpcxpresso/tools/bin/../lib/gcc/arm-none-eabi/5.4.1/../../../../arm-none-eabi/lib/armv6-m/libc_nano.a(lib_a-impure.o)
                0x00004590                . = ALIGN (0x4)
 *fill*         0x0000458e        0x2 ff

.glue_7         0x00004590        0x0
 .glue_7        0x00004590        0x0 linker stubs

.glue_7t        0x00004590        0x0
 .glue_7t       0x00004590        0x0 linker stubs

.vfp11_veneer   0x00004590        0x0
 .vfp11_veneer  0x00004590        0x0 linker stubs

.v4_bx          0x00004590        0x0
 .v4_bx         0x00004590        0x0 linker stubs

.iplt           0x00004590        0x0
 .iplt          0x00004590        0x0 release/./CMSIS_CORE_LPC11xx/src/system_LPC11xx.o

.rel.dyn        0x00004590        0x0
 .rel.iplt      0x00004590        0x0 release/./CMSIS_CORE_LPC11xx/src/system_LPC11xx.o

.ARM.extab
 *(.ARM.extab* .gnu.linkonce.armextab.*)
                0x00004590                __exidx_start = .

.ARM.exidx
 *(.ARM.exidx* .gnu.linkonce.armexidx.*)
                0x00004590                __exidx_end = .
                0x00004590                _etext = .

.uninit_RESERVED
                0x100000b8        0x0
 *(.bss.$RESERVED*)
                0x100000b8                . = ALIGN (0x4)
                0x100000b8                _end_uninit_RESERVED = .

.data           0x100000b8       0x88 load address 0x00004590
 FILL mask 0xff
                0x100000b8                _data = .
 *(vtable)
 *(.ramfunc*)
 *(.data*)
 .data.SystemCoreClock
                0x100000b8        0x4 release/./CMSIS_CORE_LPC11xx/src/system_LPC11xx.o
                0x100000b8                SystemCoreClock
 .data.xFreeBytesRemaining
                0x100000bc        0x4 release/./hal/uv_hal/freertos/heap_2.o
 .data.uxCriticalNesting
                0x100000c0        0x4 release/./hal/uv_hal/freertos/portable/GCC/ARM_CM0/port.o
 .data.can_vec  0x100000c4        0xc release/./hal/uv_hal/src/uv_stdout.o
 .data.uv_projname
                0x100000d0        0x4 release/./hal/uv_hal/src/uv_memory.o
                0x100000d0                uv_projname
 .data.uv_datetime
                0x100000d4        0x4 release/./hal/uv_hal/src/uv_memory.o
                0x100000d4                uv_datetime
 .data.__ctype_ptr__
                0x100000d8        0x4 /usr/local/lpcxpresso_7.7.2_379/lpcxpresso/tools/bin/../lib/gcc/arm-none-eabi/5.4.1/../../../../arm-none-eabi/lib/armv6-m/libc_nano.a(lib_a-ctype_.o)
                0x100000d8                __ctype_ptr__
 .data.impure_data
                0x100000dc       0x60 /usr/local/lpcxpresso_7.7.2_379/lpcxpresso/tools/bin/../lib/gcc/arm-none-eabi/5.4.1/../../../../arm-none-eabi/lib/armv6-m/libc_nano.a(lib_a-impure.o)
 .data._impure_ptr
                0x1000013c        0x4 /usr/local/lpcxpresso_7.7.2_379/lpcxpresso/tools/bin/../lib/gcc/arm-none-eabi/5.4.1/../../../../arm-none-eabi/lib/armv6-m/libc_nano.a(lib_a-impure.o)
                0x1000013c                _impure_ptr
                0x10000140                . = ALIGN (0x4)
                0x10000140                _edata = .

.igot.plt       0x10000140        0x0 load address 0x00004618
 .igot.plt      0x10000140        0x0 release/./CMSIS_CORE_LPC11xx/src/system_LPC11xx.o

.bss            0x10000140     0x1168 load address 0x00004618
                0x10000140                _bss = .
 *(.bss*)
 .bss.xStart    0x10000140        0x8 release/./hal/uv_hal/freertos/heap_2.o
 .bss.ucHeap    0x10000148      0xbb8 release/./hal/uv_hal/freertos/heap_2.o
 .bss.xHeapHasBeenInitialised.5182
                0x10000d00        0x4 release/./hal/uv_hal/freertos/heap_2.o
 .bss.xEnd      0x10000d04        0x8 release/./hal/uv_hal/freertos/heap_2.o
 .bss.xNumOfOverflows
                0x10000d0c        0x4 release/./hal/uv_hal/freertos/tasks.o
 .bss.pxDelayedTaskList
                0x10000d10        0x4 release/./hal/uv_hal/freertos/tasks.o
 .bss.xSchedulerRunning
                0x10000d14        0x4 release/./hal/uv_hal/freertos/tasks.o
 .bss.uxSchedulerSuspended
                0x10000d18        0x4 release/./hal/uv_hal/freertos/tasks.o
 .bss.xDelayedTaskList1
                0x10000d1c       0x14 release/./hal/uv_hal/freertos/tasks.o
 .bss.pxOverflowDelayedTaskList
                0x10000d30        0x4 release/./hal/uv_hal/freertos/tasks.o
 .bss.uxPendedTicks
                0x10000d34        0x4 release/./hal/uv_hal/freertos/tasks.o
 .bss.pxReadyTasksLists
                0x10000d38       0x64 release/./hal/uv_hal/freertos/tasks.o
 .bss.xTasksWaitingTermination
                0x10000d9c       0x14 release/./hal/uv_hal/freertos/tasks.o
 .bss.uxDeletedTasksWaitingCleanUp
                0x10000db0        0x4 release/./hal/uv_hal/freertos/tasks.o
 .bss.pxCurrentTCB
                0x10000db4        0x4 release/./hal/uv_hal/freertos/tasks.o
                0x10000db4                pxCurrentTCB
 .bss.xPendingReadyList
                0x10000db8       0x14 release/./hal/uv_hal/freertos/tasks.o
 .bss.xTickCount
                0x10000dcc        0x4 release/./hal/uv_hal/freertos/tasks.o
 .bss.xNextTaskUnblockTime
                0x10000dd0        0x4 release/./hal/uv_hal/freertos/tasks.o
 .bss.uxTaskNumber
                0x10000dd4        0x4 release/./hal/uv_hal/freertos/tasks.o
 .bss.uxCurrentNumberOfTasks
                0x10000dd8        0x4 release/./hal/uv_hal/freertos/tasks.o
 .bss.xDelayedTaskList2
                0x10000ddc       0x14 release/./hal/uv_hal/freertos/tasks.o
 .bss.xIdleTaskHandle
                0x10000df0        0x4 release/./hal/uv_hal/freertos/tasks.o
 .bss.xSuspendedTaskList
                0x10000df4       0x14 release/./hal/uv_hal/freertos/tasks.o
 .bss.uxTopReadyPriority
                0x10000e08        0x4 release/./hal/uv_hal/freertos/tasks.o
 .bss.xYieldPending
                0x10000e0c        0x4 release/./hal/uv_hal/freertos/tasks.o
 .bss.pxCurrentTimerList
                0x10000e10        0x4 release/./hal/uv_hal/freertos/timers.o
 .bss.xActiveTimerList1
                0x10000e14       0x14 release/./hal/uv_hal/freertos/timers.o
 .bss.xActiveTimerList2
                0x10000e28       0x14 release/./hal/uv_hal/freertos/timers.o
 .bss.xLastTime.5425
                0x10000e3c        0x4 release/./hal/uv_hal/freertos/timers.o
 .bss.xTimerQueue
                0x10000e40        0x4 release/./hal/uv_hal/freertos/timers.o
 .bss.pxOverflowTimerList
                0x10000e44        0x4 release/./hal/uv_hal/freertos/timers.o
 .bss.uart0_rxbuffer
                0x10000e48        0x8 release/./hal/uv_hal/src/uv_uart.o
 .bss._this     0x10000e50       0x20 release/./hal/uv_hal/src/uv_uart.o
 .bss._can      0x10000e70      0x190 release/./hal/uv_hal/src/uv_can.o
 .bss.callback  0x10001000        0x4 release/./hal/uv_hal/src/uv_gpio.o
 .bss.can_buffer
                0x10001004        0x8 release/./hal/uv_hal/src/uv_stdout.o
 .bss.can_delay
                0x1000100c        0x1 release/./hal/uv_hal/src/uv_stdout.o
 *fill*         0x1000100d        0x3 
 .bss.user_ptr  0x10001010        0x4 release/./hal/uv_hal/src/uv_utilities.o
                0x10001010                user_ptr
 .bss.last_start
                0x10001014        0x4 release/./hal/uv_hal/src/uv_memory.o
 .bss.last_end  0x10001018        0x4 release/./hal/uv_hal/src/uv_memory.o
 .bss.rtos_init
                0x1000101c        0x1 release/./hal/uv_hal/src/uv_rtos.o
                0x1000101c                rtos_init
 .bss.ledi.7265
                0x1000101d        0x1 release/./src/main.o
 *(COMMON)
 *fill*         0x1000101e        0x2 
 COMMON         0x10001020       0x50 release/./hal/uv_hal/freertos/queue.o
                0x10001020                xQueueRegistry
 COMMON         0x10001070       0xf0 release/./hal/uv_hal/src/uv_terminal.o
                0x10001070                _terminal
 COMMON         0x10001160        0x4 release/./hal/uv_hal/src/uv_errors.o
                0x10001160                __uv_error
 COMMON         0x10001164      0x144 release/./src/main.o
                0x10001164                keypad
                0x100012a8                . = ALIGN (0x4)
                0x100012a8                _ebss = .
                [!provide]                PROVIDE (end, .)

.noinit         0x100012a8        0x0 load address 0x00004618
                0x100012a8                _noinit = .
 *(.noinit*)
                0x100012a8                . = ALIGN (0x4)
                0x100012a8                _end_noinit = .
                [!provide]                PROVIDE (_pvHeapStart, DEFINED (__user_heap_base)?__user_heap_base:.)
                0x10001fe0                PROVIDE (_vStackTop, DEFINED (__user_stack_top)?__user_stack_top:(__top_RamLoc8 - 0x0))
OUTPUT(keypad.axf elf32-littlearm)

.debug_info     0x00000000    0x11354
 .debug_info    0x00000000      0x461 release/./CMSIS_CORE_LPC11xx/src/system_LPC11xx.o
 .debug_info    0x00000461      0x34d release/./hal/uv_hal/freertos/heap_2.o
 .debug_info    0x000007ae     0x2481 release/./hal/uv_hal/freertos/tasks.o
 .debug_info    0x00002c2f      0xfdf release/./hal/uv_hal/freertos/timers.o
 .debug_info    0x00003c0e      0x2a5 release/./hal/uv_hal/freertos/list.o
 .debug_info    0x00003eb3     0x163a release/./hal/uv_hal/freertos/queue.o
 .debug_info    0x000054ed      0x2ab release/./hal/uv_hal/freertos/portable/GCC/ARM_CM0/port.o
 .debug_info    0x00005798     0x12ed release/./hal/uv_hal/src/uv_uart.o
 .debug_info    0x00006a85     0x1955 release/./hal/uv_hal/src/uv_can.o
 .debug_info    0x000083da      0x59d release/./hal/uv_hal/src/printf.o
 .debug_info    0x00008977     0x17fa release/./hal/uv_hal/src/uv_canopen.o
 .debug_info    0x0000a171      0x5d1 release/./hal/uv_hal/src/uv_gpio.o
 .debug_info    0x0000a742      0x5b9 release/./hal/uv_hal/src/uv_stdout.o
 .debug_info    0x0000acfb      0x237 release/./hal/uv_hal/src/uv_reset.o
 .debug_info    0x0000af32      0xb03 release/./hal/uv_hal/src/uv_adc.o
 .debug_info    0x0000ba35      0x535 release/./hal/uv_hal/src/uv_wdt.o
 .debug_info    0x0000bf6a      0xb09 release/./hal/uv_hal/src/uv_terminal.o
 .debug_info    0x0000ca73      0xd3c release/./hal/uv_hal/src/uv_utilities.o
 .debug_info    0x0000d7af      0xb05 release/./hal/uv_hal/src/uv_memory.o
 .debug_info    0x0000e2b4       0xf8 release/./hal/uv_hal/src/uv_errors.o
 .debug_info    0x0000e3ac      0x7bd release/./hal/uv_hal/src/uv_rtos.o
 .debug_info    0x0000eb69       0xfa release/./src/buttons.o
 .debug_info    0x0000ec63       0x3f release/./src/crp.o
 .debug_info    0x0000eca2      0xa5d release/./src/messages.o
 .debug_info    0x0000f6ff     0x172d release/./src/main.o
 .debug_info    0x00010e2c      0x241 release/./src/cr_startup_lpc11xx.o
 .debug_info    0x0001106d      0x2e7 release/./src/axis.o

.debug_abbrev   0x00000000     0x3993
 .debug_abbrev  0x00000000      0x106 release/./CMSIS_CORE_LPC11xx/src/system_LPC11xx.o
 .debug_abbrev  0x00000106      0x1c1 release/./hal/uv_hal/freertos/heap_2.o
 .debug_abbrev  0x000002c7      0x332 release/./hal/uv_hal/freertos/tasks.o
 .debug_abbrev  0x000005f9      0x2d6 release/./hal/uv_hal/freertos/timers.o
 .debug_abbrev  0x000008cf       0xdf release/./hal/uv_hal/freertos/list.o
 .debug_abbrev  0x000009ae      0x29f release/./hal/uv_hal/freertos/queue.o
 .debug_abbrev  0x00000c4d      0x1fe release/./hal/uv_hal/freertos/portable/GCC/ARM_CM0/port.o
 .debug_abbrev  0x00000e4b      0x369 release/./hal/uv_hal/src/uv_uart.o
 .debug_abbrev  0x000011b4      0x439 release/./hal/uv_hal/src/uv_can.o
 .debug_abbrev  0x000015ed      0x1d6 release/./hal/uv_hal/src/printf.o
 .debug_abbrev  0x000017c3      0x3e3 release/./hal/uv_hal/src/uv_canopen.o
 .debug_abbrev  0x00001ba6      0x23a release/./hal/uv_hal/src/uv_gpio.o
 .debug_abbrev  0x00001de0      0x2c2 release/./hal/uv_hal/src/uv_stdout.o
 .debug_abbrev  0x000020a2      0x159 release/./hal/uv_hal/src/uv_reset.o
 .debug_abbrev  0x000021fb      0x221 release/./hal/uv_hal/src/uv_adc.o
 .debug_abbrev  0x0000241c      0x131 release/./hal/uv_hal/src/uv_wdt.o
 .debug_abbrev  0x0000254d      0x2b6 release/./hal/uv_hal/src/uv_terminal.o
 .debug_abbrev  0x00002803      0x2e9 release/./hal/uv_hal/src/uv_utilities.o
 .debug_abbrev  0x00002aec      0x364 release/./hal/uv_hal/src/uv_memory.o
 .debug_abbrev  0x00002e50       0x9c release/./hal/uv_hal/src/uv_errors.o
 .debug_abbrev  0x00002eec      0x1fd release/./hal/uv_hal/src/uv_rtos.o
 .debug_abbrev  0x000030e9       0x88 release/./src/buttons.o
 .debug_abbrev  0x00003171       0x36 release/./src/crp.o
 .debug_abbrev  0x000031a7      0x215 release/./src/messages.o
 .debug_abbrev  0x000033bc      0x380 release/./src/main.o
 .debug_abbrev  0x0000373c      0x105 release/./src/cr_startup_lpc11xx.o
 .debug_abbrev  0x00003841      0x152 release/./src/axis.o

.debug_loc      0x00000000     0x62b1
 .debug_loc     0x00000000       0x8f release/./CMSIS_CORE_LPC11xx/src/system_LPC11xx.o
 .debug_loc     0x0000008f      0x208 release/./hal/uv_hal/freertos/heap_2.o
 .debug_loc     0x00000297     0x15ec release/./hal/uv_hal/freertos/tasks.o
 .debug_loc     0x00001883      0x73b release/./hal/uv_hal/freertos/timers.o
 .debug_loc     0x00001fbe       0x89 release/./hal/uv_hal/freertos/list.o
 .debug_loc     0x00002047     0x1000 release/./hal/uv_hal/freertos/queue.o
 .debug_loc     0x00003047       0xb4 release/./hal/uv_hal/freertos/portable/GCC/ARM_CM0/port.o
 .debug_loc     0x000030fb      0x2c4 release/./hal/uv_hal/src/uv_uart.o
 .debug_loc     0x000033bf      0x3b9 release/./hal/uv_hal/src/uv_can.o
 .debug_loc     0x00003778      0x692 release/./hal/uv_hal/src/printf.o
 .debug_loc     0x00003e0a      0x93c release/./hal/uv_hal/src/uv_canopen.o
 .debug_loc     0x00004746       0xfc release/./hal/uv_hal/src/uv_gpio.o
 .debug_loc     0x00004842      0x141 release/./hal/uv_hal/src/uv_stdout.o
 .debug_loc     0x00004983       0x2c release/./hal/uv_hal/src/uv_reset.o
 .debug_loc     0x000049af       0xfc release/./hal/uv_hal/src/uv_adc.o
 .debug_loc     0x00004aab       0x1f release/./hal/uv_hal/src/uv_wdt.o
 .debug_loc     0x00004aca      0x4ee release/./hal/uv_hal/src/uv_terminal.o
 .debug_loc     0x00004fb8      0x541 release/./hal/uv_hal/src/uv_utilities.o
 .debug_loc     0x000054f9      0x4c9 release/./hal/uv_hal/src/uv_memory.o
 .debug_loc     0x000059c2       0x21 release/./hal/uv_hal/src/uv_errors.o
 .debug_loc     0x000059e3      0x13a release/./hal/uv_hal/src/uv_rtos.o
 .debug_loc     0x00005b1d      0x20d release/./src/messages.o
 .debug_loc     0x00005d2a      0x29f release/./src/main.o
 .debug_loc     0x00005fc9      0x1d4 release/./src/cr_startup_lpc11xx.o
 .debug_loc     0x0000619d      0x114 release/./src/axis.o

.debug_aranges  0x00000000      0x9d0
 .debug_aranges
                0x00000000       0x28 release/./CMSIS_CORE_LPC11xx/src/system_LPC11xx.o
 .debug_aranges
                0x00000028       0x38 release/./hal/uv_hal/freertos/heap_2.o
 .debug_aranges
                0x00000060      0x1a0 release/./hal/uv_hal/freertos/tasks.o
 .debug_aranges
                0x00000200       0x70 release/./hal/uv_hal/freertos/timers.o
 .debug_aranges
                0x00000270       0x40 release/./hal/uv_hal/freertos/list.o
 .debug_aranges
                0x000002b0       0xf8 release/./hal/uv_hal/freertos/queue.o
 .debug_aranges
                0x000003a8       0x78 release/./hal/uv_hal/freertos/portable/GCC/ARM_CM0/port.o
 .debug_aranges
                0x00000420       0x60 release/./hal/uv_hal/src/uv_uart.o
 .debug_aranges
                0x00000480       0x88 release/./hal/uv_hal/src/uv_can.o
 .debug_aranges
                0x00000508       0x50 release/./hal/uv_hal/src/printf.o
 .debug_aranges
                0x00000558       0x60 release/./hal/uv_hal/src/uv_canopen.o
 .debug_aranges
                0x000005b8       0x48 release/./hal/uv_hal/src/uv_gpio.o
 .debug_aranges
                0x00000600       0x38 release/./hal/uv_hal/src/uv_stdout.o
 .debug_aranges
                0x00000638       0x28 release/./hal/uv_hal/src/uv_reset.o
 .debug_aranges
                0x00000660       0x30 release/./hal/uv_hal/src/uv_adc.o
 .debug_aranges
                0x00000690       0x30 release/./hal/uv_hal/src/uv_wdt.o
 .debug_aranges
                0x000006c0       0x60 release/./hal/uv_hal/src/uv_terminal.o
 .debug_aranges
                0x00000720       0xb8 release/./hal/uv_hal/src/uv_utilities.o
 .debug_aranges
                0x000007d8       0x68 release/./hal/uv_hal/src/uv_memory.o
 .debug_aranges
                0x00000840       0x20 release/./hal/uv_hal/src/uv_errors.o
 .debug_aranges
                0x00000860       0x50 release/./hal/uv_hal/src/uv_rtos.o
 .debug_aranges
                0x000008b0       0x20 release/./src/buttons.o
 .debug_aranges
                0x000008d0       0x18 release/./src/crp.o
 .debug_aranges
                0x000008e8       0x30 release/./src/messages.o
 .debug_aranges
                0x00000918       0x30 release/./src/main.o
 .debug_aranges
                0x00000948       0x60 release/./src/cr_startup_lpc11xx.o
 .debug_aranges
                0x000009a8       0x28 release/./src/axis.o

.debug_ranges   0x00000000      0xc48
 .debug_ranges  0x00000000       0x18 release/./CMSIS_CORE_LPC11xx/src/system_LPC11xx.o
 .debug_ranges  0x00000018       0x40 release/./hal/uv_hal/freertos/heap_2.o
 .debug_ranges  0x00000058      0x288 release/./hal/uv_hal/freertos/tasks.o
 .debug_ranges  0x000002e0       0x60 release/./hal/uv_hal/freertos/timers.o
 .debug_ranges  0x00000340       0x30 release/./hal/uv_hal/freertos/list.o
 .debug_ranges  0x00000370      0x108 release/./hal/uv_hal/freertos/queue.o
 .debug_ranges  0x00000478       0x80 release/./hal/uv_hal/freertos/portable/GCC/ARM_CM0/port.o
 .debug_ranges  0x000004f8       0x80 release/./hal/uv_hal/src/uv_uart.o
 .debug_ranges  0x00000578       0xc0 release/./hal/uv_hal/src/uv_can.o
 .debug_ranges  0x00000638       0x58 release/./hal/uv_hal/src/printf.o
 .debug_ranges  0x00000690       0xe0 release/./hal/uv_hal/src/uv_canopen.o
 .debug_ranges  0x00000770       0x60 release/./hal/uv_hal/src/uv_gpio.o
 .debug_ranges  0x000007d0       0x28 release/./hal/uv_hal/src/uv_stdout.o
 .debug_ranges  0x000007f8       0x18 release/./hal/uv_hal/src/uv_reset.o
 .debug_ranges  0x00000810       0x40 release/./hal/uv_hal/src/uv_adc.o
 .debug_ranges  0x00000850       0x20 release/./hal/uv_hal/src/uv_wdt.o
 .debug_ranges  0x00000870       0x80 release/./hal/uv_hal/src/uv_terminal.o
 .debug_ranges  0x000008f0       0xc0 release/./hal/uv_hal/src/uv_utilities.o
 .debug_ranges  0x000009b0       0xd0 release/./hal/uv_hal/src/uv_memory.o
 .debug_ranges  0x00000a80       0x10 release/./hal/uv_hal/src/uv_errors.o
 .debug_ranges  0x00000a90       0x40 release/./hal/uv_hal/src/uv_rtos.o
 .debug_ranges  0x00000ad0       0x10 release/./src/buttons.o
 .debug_ranges  0x00000ae0       0x20 release/./src/messages.o
 .debug_ranges  0x00000b00       0xe0 release/./src/main.o
 .debug_ranges  0x00000be0       0x50 release/./src/cr_startup_lpc11xx.o
 .debug_ranges  0x00000c30       0x18 release/./src/axis.o

.debug_macro    0x00000000     0x747f
 .debug_macro   0x00000000      0x161 release/./CMSIS_CORE_LPC11xx/src/system_LPC11xx.o
 .debug_macro   0x00000161      0x844 release/./CMSIS_CORE_LPC11xx/src/system_LPC11xx.o
 .debug_macro   0x000009a5       0x22 release/./CMSIS_CORE_LPC11xx/src/system_LPC11xx.o
 .debug_macro   0x000009c7       0x87 release/./CMSIS_CORE_LPC11xx/src/system_LPC11xx.o
 .debug_macro   0x00000a4e       0x44 release/./CMSIS_CORE_LPC11xx/src/system_LPC11xx.o
 .debug_macro   0x00000a92       0xfd release/./CMSIS_CORE_LPC11xx/src/system_LPC11xx.o
 .debug_macro   0x00000b8f       0x5e release/./CMSIS_CORE_LPC11xx/src/system_LPC11xx.o
 .debug_macro   0x00000bed      0x1df release/./CMSIS_CORE_LPC11xx/src/system_LPC11xx.o
 .debug_macro   0x00000dcc       0x1c release/./CMSIS_CORE_LPC11xx/src/system_LPC11xx.o
 .debug_macro   0x00000de8       0x3a release/./CMSIS_CORE_LPC11xx/src/system_LPC11xx.o
 .debug_macro   0x00000e22       0x1f release/./CMSIS_CORE_LPC11xx/src/system_LPC11xx.o
 .debug_macro   0x00000e41      0x242 release/./CMSIS_CORE_LPC11xx/src/system_LPC11xx.o
 .debug_macro   0x00001083      0x131 release/./CMSIS_CORE_LPC11xx/src/system_LPC11xx.o
 .debug_macro   0x000011b4      0x1f3 release/./hal/uv_hal/freertos/heap_2.o
 .debug_macro   0x000013a7       0x4c release/./hal/uv_hal/freertos/heap_2.o
 .debug_macro   0x000013f3       0x8d release/./hal/uv_hal/freertos/heap_2.o
 .debug_macro   0x00001480       0x35 release/./hal/uv_hal/freertos/heap_2.o
 .debug_macro   0x000014b5       0x9c release/./hal/uv_hal/freertos/heap_2.o
 .debug_macro   0x00001551       0x16 release/./hal/uv_hal/freertos/heap_2.o
 .debug_macro   0x00001567      0x10e release/./hal/uv_hal/freertos/heap_2.o
 .debug_macro   0x00001675       0x8d release/./hal/uv_hal/freertos/heap_2.o
 .debug_macro   0x00001702       0x4a release/./hal/uv_hal/freertos/heap_2.o
 .debug_macro   0x0000174c       0x52 release/./hal/uv_hal/freertos/heap_2.o
 .debug_macro   0x0000179e       0x1f release/./hal/uv_hal/freertos/heap_2.o
 .debug_macro   0x000017bd       0x43 release/./hal/uv_hal/freertos/heap_2.o
 .debug_macro   0x00001800       0x20 release/./hal/uv_hal/freertos/heap_2.o
 .debug_macro   0x00001820      0x187 release/./hal/uv_hal/freertos/heap_2.o
 .debug_macro   0x000019a7      0x30d release/./hal/uv_hal/freertos/heap_2.o
 .debug_macro   0x00001cb4       0x16 release/./hal/uv_hal/freertos/heap_2.o
 .debug_macro   0x00001cca       0x29 release/./hal/uv_hal/freertos/heap_2.o
 .debug_macro   0x00001cf3      0x396 release/./hal/uv_hal/freertos/heap_2.o
 .debug_macro   0x00002089       0xfd release/./hal/uv_hal/freertos/heap_2.o
 .debug_macro   0x00002186      0x164 release/./hal/uv_hal/freertos/heap_2.o
 .debug_macro   0x000022ea       0xb4 release/./hal/uv_hal/freertos/heap_2.o
 .debug_macro   0x0000239e       0x10 release/./hal/uv_hal/freertos/heap_2.o
 .debug_macro   0x000023ae       0x1f release/./hal/uv_hal/freertos/heap_2.o
 .debug_macro   0x000023cd      0x3f4 release/./hal/uv_hal/freertos/heap_2.o
 .debug_macro   0x000027c1       0xc0 release/./hal/uv_hal/freertos/heap_2.o
 .debug_macro   0x00002881       0x9a release/./hal/uv_hal/freertos/heap_2.o
 .debug_macro   0x0000291b      0x29e release/./hal/uv_hal/freertos/tasks.o
 .debug_macro   0x00002bb9       0x16 release/./hal/uv_hal/freertos/tasks.o
 .debug_macro   0x00002bcf       0x35 release/./hal/uv_hal/freertos/tasks.o
 .debug_macro   0x00002c04       0x98 release/./hal/uv_hal/freertos/tasks.o
 .debug_macro   0x00002c9c       0x10 release/./hal/uv_hal/freertos/tasks.o
 .debug_macro   0x00002cac      0x202 release/./hal/uv_hal/freertos/timers.o
 .debug_macro   0x00002eae       0x94 release/./hal/uv_hal/freertos/timers.o
 .debug_macro   0x00002f42      0x1c5 release/./hal/uv_hal/freertos/list.o
 .debug_macro   0x00003107      0x244 release/./hal/uv_hal/freertos/queue.o
 .debug_macro   0x0000334b      0x168 release/./hal/uv_hal/freertos/portable/GCC/ARM_CM0/port.o
 .debug_macro   0x000034b3      0x31f release/./hal/uv_hal/src/uv_uart.o
 .debug_macro   0x000037d2       0x22 release/./hal/uv_hal/src/uv_uart.o
 .debug_macro   0x000037f4       0x50 release/./hal/uv_hal/src/uv_uart.o
 .debug_macro   0x00003844       0x52 release/./hal/uv_hal/src/uv_uart.o
 .debug_macro   0x00003896       0x1c release/./hal/uv_hal/src/uv_uart.o
 .debug_macro   0x000038b2       0x10 release/./hal/uv_hal/src/uv_uart.o
 .debug_macro   0x000038c2       0x10 release/./hal/uv_hal/src/uv_uart.o
 .debug_macro   0x000038d2       0x1c release/./hal/uv_hal/src/uv_uart.o
 .debug_macro   0x000038ee       0x52 release/./hal/uv_hal/src/uv_uart.o
 .debug_macro   0x00003940       0x40 release/./hal/uv_hal/src/uv_uart.o
 .debug_macro   0x00003980       0x10 release/./hal/uv_hal/src/uv_uart.o
 .debug_macro   0x00003990       0x40 release/./hal/uv_hal/src/uv_uart.o
 .debug_macro   0x000039d0       0xd7 release/./hal/uv_hal/src/uv_uart.o
 .debug_macro   0x00003aa7       0x16 release/./hal/uv_hal/src/uv_uart.o
 .debug_macro   0x00003abd      0x189 release/./hal/uv_hal/src/uv_uart.o
 .debug_macro   0x00003c46       0x16 release/./hal/uv_hal/src/uv_uart.o
 .debug_macro   0x00003c5c       0x52 release/./hal/uv_hal/src/uv_uart.o
 .debug_macro   0x00003cae       0x1c release/./hal/uv_hal/src/uv_uart.o
 .debug_macro   0x00003cca      0x460 release/./hal/uv_hal/src/uv_uart.o
 .debug_macro   0x0000412a       0x3e release/./hal/uv_hal/src/uv_uart.o
 .debug_macro   0x00004168      0x26c release/./hal/uv_hal/src/uv_uart.o
 .debug_macro   0x000043d4      0x103 release/./hal/uv_hal/src/uv_uart.o
 .debug_macro   0x000044d7       0x78 release/./hal/uv_hal/src/uv_uart.o
 .debug_macro   0x0000454f       0x34 release/./hal/uv_hal/src/uv_uart.o
 .debug_macro   0x00004583      0x394 release/./hal/uv_hal/src/uv_can.o
 .debug_macro   0x00004917       0x20 release/./hal/uv_hal/src/uv_can.o
 .debug_macro   0x00004937       0x52 release/./hal/uv_hal/src/uv_can.o
 .debug_macro   0x00004989       0x1c release/./hal/uv_hal/src/uv_can.o
 .debug_macro   0x000049a5       0x10 release/./hal/uv_hal/src/uv_can.o
 .debug_macro   0x000049b5      0x16a release/./hal/uv_hal/src/printf.o
 .debug_macro   0x00004b1f       0x58 release/./hal/uv_hal/src/printf.o
 .debug_macro   0x00004b77      0x33c release/./hal/uv_hal/src/uv_canopen.o
 .debug_macro   0x00004eb3      0x23e release/./hal/uv_hal/src/uv_gpio.o
 .debug_macro   0x000050f1      0x312 release/./hal/uv_hal/src/uv_stdout.o
 .debug_macro   0x00005403       0xc3 release/./hal/uv_hal/src/uv_reset.o
 .debug_macro   0x000054c6      0x2d9 release/./hal/uv_hal/src/uv_adc.o
 .debug_macro   0x0000579f       0xb0 release/./hal/uv_hal/src/uv_wdt.o
 .debug_macro   0x0000584f      0x36b release/./hal/uv_hal/src/uv_terminal.o
 .debug_macro   0x00005bba      0x27d release/./hal/uv_hal/src/uv_utilities.o
 .debug_macro   0x00005e37       0x4c release/./hal/uv_hal/src/uv_utilities.o
 .debug_macro   0x00005e83      0x35a release/./hal/uv_hal/src/uv_memory.o
 .debug_macro   0x000061dd       0x10 release/./hal/uv_hal/src/uv_memory.o
 .debug_macro   0x000061ed      0x190 release/./hal/uv_hal/src/uv_errors.o
 .debug_macro   0x0000637d       0x4a release/./hal/uv_hal/src/uv_errors.o
 .debug_macro   0x000063c7      0x351 release/./hal/uv_hal/src/uv_rtos.o
 .debug_macro   0x00006718      0x282 release/./src/buttons.o
 .debug_macro   0x0000699a       0x1a release/./src/crp.o
 .debug_macro   0x000069b4       0x34 release/./src/crp.o
 .debug_macro   0x000069e8      0x30d release/./src/messages.o
 .debug_macro   0x00006cf5       0x1c release/./src/messages.o
 .debug_macro   0x00006d11      0x3e0 release/./src/main.o
 .debug_macro   0x000070f1       0x82 release/./src/main.o
 .debug_macro   0x00007173       0x76 release/./src/main.o
 .debug_macro   0x000071e9       0x22 release/./src/main.o
 .debug_macro   0x0000720b       0x1d release/./src/cr_startup_lpc11xx.o
 .debug_macro   0x00007228      0x257 release/./src/axis.o

.debug_line     0x00000000     0x8c6d
 .debug_line    0x00000000      0x2cd release/./CMSIS_CORE_LPC11xx/src/system_LPC11xx.o
 .debug_line    0x000002cd      0x490 release/./hal/uv_hal/freertos/heap_2.o
 .debug_line    0x0000075d      0xd0b release/./hal/uv_hal/freertos/tasks.o
 .debug_line    0x00001468      0x5aa release/./hal/uv_hal/freertos/timers.o
 .debug_line    0x00001a12      0x472 release/./hal/uv_hal/freertos/list.o
 .debug_line    0x00001e84      0x834 release/./hal/uv_hal/freertos/queue.o
 .debug_line    0x000026b8      0x46a release/./hal/uv_hal/freertos/portable/GCC/ARM_CM0/port.o
 .debug_line    0x00002b22      0x69c release/./hal/uv_hal/src/uv_uart.o
 .debug_line    0x000031be      0x730 release/./hal/uv_hal/src/uv_can.o
 .debug_line    0x000038ee      0x45b release/./hal/uv_hal/src/printf.o
 .debug_line    0x00003d49      0x68e release/./hal/uv_hal/src/uv_canopen.o
 .debug_line    0x000043d7      0x48a release/./hal/uv_hal/src/uv_gpio.o
 .debug_line    0x00004861      0x5b1 release/./hal/uv_hal/src/uv_stdout.o
 .debug_line    0x00004e12      0x2cf release/./hal/uv_hal/src/uv_reset.o
 .debug_line    0x000050e1      0x54a release/./hal/uv_hal/src/uv_adc.o
 .debug_line    0x0000562b      0x2fe release/./hal/uv_hal/src/uv_wdt.o
 .debug_line    0x00005929      0x6ef release/./hal/uv_hal/src/uv_terminal.o
 .debug_line    0x00006018      0x659 release/./hal/uv_hal/src/uv_utilities.o
 .debug_line    0x00006671      0x74e release/./hal/uv_hal/src/uv_memory.o
 .debug_line    0x00006dbf      0x30b release/./hal/uv_hal/src/uv_errors.o
 .debug_line    0x000070ca      0x61b release/./hal/uv_hal/src/uv_rtos.o
 .debug_line    0x000076e5      0x41e release/./src/buttons.o
 .debug_line    0x00007b03       0x7e release/./src/crp.o
 .debug_line    0x00007b81      0x4d5 release/./src/messages.o
 .debug_line    0x00008056      0x732 release/./src/main.o
 .debug_line    0x00008788       0x86 release/./src/cr_startup_lpc11xx.o
 .debug_line    0x0000880e      0x45f release/./src/axis.o

.debug_str      0x00000000    0x1875e
 .debug_str     0x00000000     0x4d2f release/./CMSIS_CORE_LPC11xx/src/system_LPC11xx.o
                               0x4e9e (size before relaxing)
 .debug_str     0x00004d2f     0x75eb release/./hal/uv_hal/freertos/heap_2.o
                               0xbf3a (size before relaxing)
 .debug_str     0x0000c31a     0x1dfa release/./hal/uv_hal/freertos/tasks.o
                               0xdac7 (size before relaxing)
 .debug_str     0x0000e114      0xcd4 release/./hal/uv_hal/freertos/timers.o
                               0xd40d (size before relaxing)
 .debug_str     0x0000ede8       0x51 release/./hal/uv_hal/freertos/list.o
                               0xb528 (size before relaxing)
 .debug_str     0x0000ee39      0x769 release/./hal/uv_hal/freertos/queue.o
                               0xcf31 (size before relaxing)
 .debug_str     0x0000f5a2      0x2d7 release/./hal/uv_hal/freertos/portable/GCC/ARM_CM0/port.o
                               0x97c3 (size before relaxing)
 .debug_str     0x0000f879     0x4c75 release/./hal/uv_hal/src/uv_uart.o
                              0x112b1 (size before relaxing)
 .debug_str     0x000144ee      0x9a2 release/./hal/uv_hal/src/uv_can.o
                              0x118a5 (size before relaxing)
 .debug_str     0x00014e90      0x51a release/./hal/uv_hal/src/printf.o
                               0x7858 (size before relaxing)
 .debug_str     0x000153aa     0x1472 release/./hal/uv_hal/src/uv_canopen.o
                               0xdad6 (size before relaxing)
 .debug_str     0x0001681c       0xb3 release/./hal/uv_hal/src/uv_gpio.o
                               0xc035 (size before relaxing)
 .debug_str     0x000168cf       0xd8 release/./hal/uv_hal/src/uv_stdout.o
                              0x1075b (size before relaxing)
 .debug_str     0x000169a7      0x11d release/./hal/uv_hal/src/uv_reset.o
                               0x5d40 (size before relaxing)
 .debug_str     0x00016ac4      0x36d release/./hal/uv_hal/src/uv_adc.o
                               0xecfe (size before relaxing)
 .debug_str     0x00016e31       0x65 release/./hal/uv_hal/src/uv_wdt.o
                               0x5eac (size before relaxing)
 .debug_str     0x00016e96      0x1d8 release/./hal/uv_hal/src/uv_terminal.o
                              0x10f02 (size before relaxing)
 .debug_str     0x0001706e      0x30c release/./hal/uv_hal/src/uv_utilities.o
                               0xcb54 (size before relaxing)
 .debug_str     0x0001737a      0x439 release/./hal/uv_hal/src/uv_memory.o
                              0x10e61 (size before relaxing)
 .debug_str     0x000177b3       0x1b release/./hal/uv_hal/src/uv_errors.o
                               0x7910 (size before relaxing)
 .debug_str     0x000177ce      0x1a0 release/./hal/uv_hal/src/uv_rtos.o
                              0x10c2a (size before relaxing)
 .debug_str     0x0001796e      0x113 release/./src/buttons.o
                               0xbf01 (size before relaxing)
 .debug_str     0x00017a81       0xe6 release/./src/crp.o
                               0x247a (size before relaxing)
 .debug_str     0x00017b67      0x362 release/./src/messages.o
                               0xc92b (size before relaxing)
 .debug_str     0x00017ec9      0x768 release/./src/main.o
                              0x11a90 (size before relaxing)
 .debug_str     0x00018631      0x11a release/./src/cr_startup_lpc11xx.o
                               0x2528 (size before relaxing)
 .debug_str     0x0001874b       0x13 release/./src/axis.o
                               0xbeb8 (size before relaxing)

.comment        0x00000000       0x6e
 .comment       0x00000000       0x6e release/./CMSIS_CORE_LPC11xx/src/system_LPC11xx.o
                                 0x6f (size before relaxing)
 .comment       0x0000006e       0x6f release/./hal/uv_hal/freertos/heap_2.o
 .comment       0x0000006e       0x6f release/./hal/uv_hal/freertos/tasks.o
 .comment       0x0000006e       0x6f release/./hal/uv_hal/freertos/timers.o
 .comment       0x0000006e       0x6f release/./hal/uv_hal/freertos/list.o
 .comment       0x0000006e       0x6f release/./hal/uv_hal/freertos/queue.o
 .comment       0x0000006e       0x6f release/./hal/uv_hal/freertos/portable/GCC/ARM_CM0/port.o
 .comment       0x0000006e       0x6f release/./hal/uv_hal/src/uv_uart.o
 .comment       0x0000006e       0x6f release/./hal/uv_hal/src/uv_can.o
 .comment       0x0000006e       0x6f release/./hal/uv_hal/src/printf.o
 .comment       0x0000006e       0x6f release/./hal/uv_hal/src/uv_canopen.o
 .comment       0x0000006e       0x6f release/./hal/uv_hal/src/uv_gpio.o
 .comment       0x0000006e       0x6f release/./hal/uv_hal/src/uv_stdout.o
 .comment       0x0000006e       0x6f release/./hal/uv_hal/src/uv_reset.o
 .comment       0x0000006e       0x6f release/./hal/uv_hal/src/uv_adc.o
 .comment       0x0000006e       0x6f release/./hal/uv_hal/src/uv_wdt.o
 .comment       0x0000006e       0x6f release/./hal/uv_hal/src/uv_terminal.o
 .comment       0x0000006e       0x6f release/./hal/uv_hal/src/uv_utilities.o
 .comment       0x0000006e       0x6f release/./hal/uv_hal/src/uv_memory.o
 .comment       0x0000006e       0x6f release/./hal/uv_hal/src/uv_errors.o
 .comment       0x0000006e       0x6f release/./hal/uv_hal/src/uv_rtos.o
 .comment       0x0000006e       0x6f release/./src/buttons.o
 .comment       0x0000006e       0x6f release/./src/crp.o
 .comment       0x0000006e       0x6f release/./src/messages.o
 .comment       0x0000006e       0x6f release/./src/main.o
 .comment       0x0000006e       0x6f release/./src/cr_startup_lpc11xx.o
 .comment       0x0000006e       0x6f release/./src/axis.o

.ARM.attributes
                0x00000000       0x2f
 .ARM.attributes
                0x00000000       0x31 release/./CMSIS_CORE_LPC11xx/src/system_LPC11xx.o
 .ARM.attributes
                0x00000031       0x31 release/./hal/uv_hal/freertos/heap_2.o
 .ARM.attributes
                0x00000062       0x31 release/./hal/uv_hal/freertos/tasks.o
 .ARM.attributes
                0x00000093       0x31 release/./hal/uv_hal/freertos/timers.o
 .ARM.attributes
                0x000000c4       0x31 release/./hal/uv_hal/freertos/list.o
 .ARM.attributes
                0x000000f5       0x31 release/./hal/uv_hal/freertos/queue.o
 .ARM.attributes
                0x00000126       0x31 release/./hal/uv_hal/freertos/portable/GCC/ARM_CM0/port.o
 .ARM.attributes
                0x00000157       0x31 release/./hal/uv_hal/src/uv_uart.o
 .ARM.attributes
                0x00000188       0x31 release/./hal/uv_hal/src/uv_can.o
 .ARM.attributes
                0x000001b9       0x31 release/./hal/uv_hal/src/printf.o
 .ARM.attributes
                0x000001ea       0x31 release/./hal/uv_hal/src/uv_canopen.o
 .ARM.attributes
                0x0000021b       0x31 release/./hal/uv_hal/src/uv_gpio.o
 .ARM.attributes
                0x0000024c       0x31 release/./hal/uv_hal/src/uv_stdout.o
 .ARM.attributes
                0x0000027d       0x31 release/./hal/uv_hal/src/uv_reset.o
 .ARM.attributes
                0x000002ae       0x31 release/./hal/uv_hal/src/uv_adc.o
 .ARM.attributes
                0x000002df       0x31 release/./hal/uv_hal/src/uv_wdt.o
 .ARM.attributes
                0x00000310       0x31 release/./hal/uv_hal/src/uv_terminal.o
 .ARM.attributes
                0x00000341       0x31 release/./hal/uv_hal/src/uv_utilities.o
 .ARM.attributes
                0x00000372       0x31 release/./hal/uv_hal/src/uv_memory.o
 .ARM.attributes
                0x000003a3       0x31 release/./hal/uv_hal/src/uv_errors.o
 .ARM.attributes
                0x000003d4       0x31 release/./hal/uv_hal/src/uv_rtos.o
 .ARM.attributes
                0x00000405       0x31 release/./src/buttons.o
 .ARM.attributes
                0x00000436       0x31 release/./src/crp.o
 .ARM.attributes
                0x00000467       0x31 release/./src/messages.o
 .ARM.attributes
                0x00000498       0x31 release/./src/main.o
 .ARM.attributes
                0x000004c9       0x31 release/./src/cr_startup_lpc11xx.o
 .ARM.attributes
                0x000004fa       0x31 release/./src/axis.o
 .ARM.attributes
                0x0000052b       0x1e /usr/local/lpcxpresso_7.7.2_379/lpcxpresso/tools/bin/../lib/gcc/arm-none-eabi/5.4.1/armv6-m/libgcc.a(_thumb1_case_uqi.o)
 .ARM.attributes
                0x00000549       0x1e /usr/local/lpcxpresso_7.7.2_379/lpcxpresso/tools/bin/../lib/gcc/arm-none-eabi/5.4.1/armv6-m/libgcc.a(_udivsi3.o)
 .ARM.attributes
                0x00000567       0x1e /usr/local/lpcxpresso_7.7.2_379/lpcxpresso/tools/bin/../lib/gcc/arm-none-eabi/5.4.1/armv6-m/libgcc.a(_divsi3.o)
 .ARM.attributes
                0x00000585       0x1e /usr/local/lpcxpresso_7.7.2_379/lpcxpresso/tools/bin/../lib/gcc/arm-none-eabi/5.4.1/armv6-m/libgcc.a(_dvmd_tls.o)
 .ARM.attributes
                0x000005a3       0x1e /usr/local/lpcxpresso_7.7.2_379/lpcxpresso/tools/bin/../lib/gcc/arm-none-eabi/5.4.1/armv6-m/libgcc.a(_arm_cmpsf2.o)
 .ARM.attributes
                0x000005c1       0x2c /usr/local/lpcxpresso_7.7.2_379/lpcxpresso/tools/bin/../lib/gcc/arm-none-eabi/5.4.1/armv6-m/libgcc.a(eqsf2.o)
 .ARM.attributes
                0x000005ed       0x2c /usr/local/lpcxpresso_7.7.2_379/lpcxpresso/tools/bin/../lib/gcc/arm-none-eabi/5.4.1/armv6-m/libgcc.a(gesf2.o)
 .ARM.attributes
                0x00000619       0x2c /usr/local/lpcxpresso_7.7.2_379/lpcxpresso/tools/bin/../lib/gcc/arm-none-eabi/5.4.1/armv6-m/libgcc.a(lesf2.o)
 .ARM.attributes
                0x00000645       0x2c /usr/local/lpcxpresso_7.7.2_379/lpcxpresso/tools/bin/../lib/gcc/arm-none-eabi/5.4.1/armv6-m/libgcc.a(floatsisf.o)
 .ARM.attributes
                0x00000671       0x1e /usr/local/lpcxpresso_7.7.2_379/lpcxpresso/tools/bin/../lib/gcc/arm-none-eabi/5.4.1/armv6-m/libgcc.a(_clzsi2.o)
 .ARM.attributes
                0x0000068f       0x2c /usr/local/lpcxpresso_7.7.2_379/lpcxpresso/tools/bin/../lib/gcc/arm-none-eabi/5.4.1/../../../../arm-none-eabi/lib/armv6-m/libc_nano.a(lib_a-ctype_.o)
 .ARM.attributes
                0x000006bb       0x2c /usr/local/lpcxpresso_7.7.2_379/lpcxpresso/tools/bin/../lib/gcc/arm-none-eabi/5.4.1/../../../../arm-none-eabi/lib/armv6-m/libc_nano.a(lib_a-memcpy-stub.o)
 .ARM.attributes
                0x000006e7       0x2c /usr/local/lpcxpresso_7.7.2_379/lpcxpresso/tools/bin/../lib/gcc/arm-none-eabi/5.4.1/../../../../arm-none-eabi/lib/armv6-m/libc_nano.a(lib_a-memset.o)
 .ARM.attributes
                0x00000713       0x1c /usr/local/lpcxpresso_7.7.2_379/lpcxpresso/tools/bin/../lib/gcc/arm-none-eabi/5.4.1/../../../../arm-none-eabi/lib/armv6-m/libc_nano.a(lib_a-strcmp.o)
 .ARM.attributes
                0x0000072f       0x2c /usr/local/lpcxpresso_7.7.2_379/lpcxpresso/tools/bin/../lib/gcc/arm-none-eabi/5.4.1/../../../../arm-none-eabi/lib/armv6-m/libc_nano.a(lib_a-strtol.o)
 .ARM.attributes
                0x0000075b       0x2c /usr/local/lpcxpresso_7.7.2_379/lpcxpresso/tools/bin/../lib/gcc/arm-none-eabi/5.4.1/../../../../arm-none-eabi/lib/armv6-m/libc_nano.a(lib_a-impure.o)

.debug_frame    0x00000000     0x1a24
 .debug_frame   0x00000000       0x44 release/./CMSIS_CORE_LPC11xx/src/system_LPC11xx.o
 .debug_frame   0x00000044       0x64 release/./hal/uv_hal/freertos/heap_2.o
 .debug_frame   0x000000a8      0x50c release/./hal/uv_hal/freertos/tasks.o
 .debug_frame   0x000005b4      0x154 release/./hal/uv_hal/freertos/timers.o
 .debug_frame   0x00000708       0x6c release/./hal/uv_hal/freertos/list.o
 .debug_frame   0x00000774      0x2e8 release/./hal/uv_hal/freertos/queue.o
 .debug_frame   0x00000a5c       0xf8 release/./hal/uv_hal/freertos/portable/GCC/ARM_CM0/port.o
 .debug_frame   0x00000b54      0x108 release/./hal/uv_hal/src/uv_uart.o
 .debug_frame   0x00000c5c      0x164 release/./hal/uv_hal/src/uv_can.o
 .debug_frame   0x00000dc0       0xf0 release/./hal/uv_hal/src/printf.o
 .debug_frame   0x00000eb0      0x124 release/./hal/uv_hal/src/uv_canopen.o
 .debug_frame   0x00000fd4       0xa4 release/./hal/uv_hal/src/uv_gpio.o
 .debug_frame   0x00001078       0x80 release/./hal/uv_hal/src/uv_stdout.o
 .debug_frame   0x000010f8       0x38 release/./hal/uv_hal/src/uv_reset.o
 .debug_frame   0x00001130       0x68 release/./hal/uv_hal/src/uv_adc.o
 .debug_frame   0x00001198       0x48 release/./hal/uv_hal/src/uv_wdt.o
 .debug_frame   0x000011e0       0xec release/./hal/uv_hal/src/uv_terminal.o
 .debug_frame   0x000012cc      0x1ec release/./hal/uv_hal/src/uv_utilities.o
 .debug_frame   0x000014b8      0x108 release/./hal/uv_hal/src/uv_memory.o
 .debug_frame   0x000015c0       0x28 release/./hal/uv_hal/src/uv_errors.o
 .debug_frame   0x000015e8       0xc0 release/./hal/uv_hal/src/uv_rtos.o
 .debug_frame   0x000016a8       0x20 release/./src/buttons.o
 .debug_frame   0x000016c8       0x48 release/./src/messages.o
 .debug_frame   0x00001710       0x70 release/./src/main.o
 .debug_frame   0x00001780       0xb0 release/./src/cr_startup_lpc11xx.o
 .debug_frame   0x00001830       0x4c release/./src/axis.o
 .debug_frame   0x0000187c       0x20 /usr/local/lpcxpresso_7.7.2_379/lpcxpresso/tools/bin/../lib/gcc/arm-none-eabi/5.4.1/armv6-m/libgcc.a(_udivsi3.o)
 .debug_frame   0x0000189c       0x20 /usr/local/lpcxpresso_7.7.2_379/lpcxpresso/tools/bin/../lib/gcc/arm-none-eabi/5.4.1/armv6-m/libgcc.a(_divsi3.o)
 .debug_frame   0x000018bc       0x2c /usr/local/lpcxpresso_7.7.2_379/lpcxpresso/tools/bin/../lib/gcc/arm-none-eabi/5.4.1/armv6-m/libgcc.a(eqsf2.o)
 .debug_frame   0x000018e8       0x30 /usr/local/lpcxpresso_7.7.2_379/lpcxpresso/tools/bin/../lib/gcc/arm-none-eabi/5.4.1/armv6-m/libgcc.a(gesf2.o)
 .debug_frame   0x00001918       0x30 /usr/local/lpcxpresso_7.7.2_379/lpcxpresso/tools/bin/../lib/gcc/arm-none-eabi/5.4.1/armv6-m/libgcc.a(lesf2.o)
 .debug_frame   0x00001948       0x2c /usr/local/lpcxpresso_7.7.2_379/lpcxpresso/tools/bin/../lib/gcc/arm-none-eabi/5.4.1/armv6-m/libgcc.a(floatsisf.o)
 .debug_frame   0x00001974       0x28 /usr/local/lpcxpresso_7.7.2_379/lpcxpresso/tools/bin/../lib/gcc/arm-none-eabi/5.4.1/../../../../arm-none-eabi/lib/armv6-m/libc_nano.a(lib_a-memcpy-stub.o)
 .debug_frame   0x0000199c       0x20 /usr/local/lpcxpresso_7.7.2_379/lpcxpresso/tools/bin/../lib/gcc/arm-none-eabi/5.4.1/../../../../arm-none-eabi/lib/armv6-m/libc_nano.a(lib_a-memset.o)
 .debug_frame   0x000019bc       0x20 /usr/local/lpcxpresso_7.7.2_379/lpcxpresso/tools/bin/../lib/gcc/arm-none-eabi/5.4.1/../../../../arm-none-eabi/lib/armv6-m/libc_nano.a(lib_a-strcmp.o)
 .debug_frame   0x000019dc       0x48 /usr/local/lpcxpresso_7.7.2_379/lpcxpresso/tools/bin/../lib/gcc/arm-none-eabi/5.4.1/../../../../arm-none-eabi/lib/armv6-m/libc_nano.a(lib_a-strtol.o)

Cross Reference Table

Symbol                                            File
ADC_IRQHandler                                    release/./src/cr_startup_lpc11xx.o
BOD_IRQHandler                                    release/./src/cr_startup_lpc11xx.o
BusFault_Handler                                  release/./hal/uv_hal/src/uv_utilities.o
CAN_IRQHandler                                    release/./hal/uv_hal/src/uv_can.o
CAN_error                                         release/./hal/uv_hal/src/uv_can.o
CAN_rx                                            release/./hal/uv_hal/src/uv_can.o
CAN_tx                                            release/./hal/uv_hal/src/uv_can.o
CRP_WORD                                          release/./src/crp.o
HardFault_Handler                                 release/./hal/uv_hal/src/uv_utilities.o
I2C_IRQHandler                                    release/./src/cr_startup_lpc11xx.o
IntDefaultHandler                                 release/./hal/uv_hal/src/uv_utilities.o
MemManage_Handler                                 release/./hal/uv_hal/src/uv_utilities.o
NMI_Handler                                       release/./hal/uv_hal/src/uv_utilities.o
PIOINT0_IRQHandler                                release/./hal/uv_hal/src/uv_gpio.o
PIOINT1_IRQHandler                                release/./hal/uv_hal/src/uv_gpio.o
PIOINT2_IRQHandler                                release/./hal/uv_hal/src/uv_gpio.o
PIOINT3_IRQHandler                                release/./hal/uv_hal/src/uv_gpio.o
PendSV_Handler                                    release/./hal/uv_hal/freertos/portable/GCC/ARM_CM0/port.o
ResetISR                                          release/./src/cr_startup_lpc11xx.o
SSP0_IRQHandler                                   release/./src/cr_startup_lpc11xx.o
SSP1_IRQHandler                                   release/./src/cr_startup_lpc11xx.o
SVC_Handler                                       release/./hal/uv_hal/freertos/portable/GCC/ARM_CM0/port.o
SysTick_Handler                                   release/./hal/uv_hal/freertos/portable/GCC/ARM_CM0/port.o
SystemCoreClock                                   release/./CMSIS_CORE_LPC11xx/src/system_LPC11xx.o
                                                  release/./hal/uv_hal/src/uv_memory.o
                                                  release/./hal/uv_hal/src/uv_utilities.o
                                                  release/./hal/uv_hal/src/uv_timer.o
                                                  release/./hal/uv_hal/src/uv_wdt.o
                                                  release/./hal/uv_hal/src/uv_adc.o
                                                  release/./hal/uv_hal/src/uv_can.o
                                                  release/./hal/uv_hal/src/uv_uart.o
                                                  release/./hal/uv_hal/freertos/portable/GCC/ARM_CM0/port.o
SystemCoreClockUpdate                             release/./CMSIS_CORE_LPC11xx/src/system_LPC11xx.o
                                                  release/./hal/uv_hal/src/uv_memory.o
                                                  release/./hal/uv_hal/src/uv_timer.o
                                                  release/./hal/uv_hal/src/uv_wdt.o
                                                  release/./hal/uv_hal/src/uv_adc.o
                                                  release/./hal/uv_hal/src/uv_can.o
                                                  release/./hal/uv_hal/src/uv_uart.o
SystemInit                                        release/./CMSIS_CORE_LPC11xx/src/system_LPC11xx.o
                                                  release/./src/cr_startup_lpc11xx.o
TIMER16_0_IRQHandler                              release/./src/cr_startup_lpc11xx.o
TIMER16_1_IRQHandler                              release/./src/cr_startup_lpc11xx.o
TIMER32_0_IRQHandler                              release/./src/cr_startup_lpc11xx.o
TIMER32_1_IRQHandler                              release/./src/cr_startup_lpc11xx.o
UART_IRQHandler                                   release/./hal/uv_hal/src/uv_uart.o
UsageFault_Handler                                release/./hal/uv_hal/src/uv_utilities.o
WAKEUP_IRQHandler                                 release/./src/cr_startup_lpc11xx.o
WDT_IRQHandler                                    release/./src/cr_startup_lpc11xx.o
__aeabi_cdcmpeq                                   /usr/local/lpcxpresso_7.7.2_379/lpcxpresso/tools/bin/../lib/gcc/arm-none-eabi/5.4.1/armv6-m/libgcc.a(_arm_cmpdf2.o)
__aeabi_cdcmple                                   /usr/local/lpcxpresso_7.7.2_379/lpcxpresso/tools/bin/../lib/gcc/arm-none-eabi/5.4.1/armv6-m/libgcc.a(_arm_cmpdf2.o)
__aeabi_cdrcmple                                  /usr/local/lpcxpresso_7.7.2_379/lpcxpresso/tools/bin/../lib/gcc/arm-none-eabi/5.4.1/armv6-m/libgcc.a(_arm_cmpdf2.o)
__aeabi_cfcmpeq                                   /usr/local/lpcxpresso_7.7.2_379/lpcxpresso/tools/bin/../lib/gcc/arm-none-eabi/5.4.1/armv6-m/libgcc.a(_arm_cmpsf2.o)
__aeabi_cfcmple                                   /usr/local/lpcxpresso_7.7.2_379/lpcxpresso/tools/bin/../lib/gcc/arm-none-eabi/5.4.1/armv6-m/libgcc.a(_arm_cmpsf2.o)
__aeabi_cfrcmple                                  /usr/local/lpcxpresso_7.7.2_379/lpcxpresso/tools/bin/../lib/gcc/arm-none-eabi/5.4.1/armv6-m/libgcc.a(_arm_cmpsf2.o)
__aeabi_d2iz                                      /usr/local/lpcxpresso_7.7.2_379/lpcxpresso/tools/bin/../lib/gcc/arm-none-eabi/5.4.1/armv6-m/libgcc.a(fixdfsi.o)
                                                  /usr/local/lpcxpresso_7.7.2_379/lpcxpresso/tools/bin/../lib/gcc/arm-none-eabi/5.4.1/armv6-m/libgcc.a(_fixunsdfsi.o)
__aeabi_d2uiz                                     /usr/local/lpcxpresso_7.7.2_379/lpcxpresso/tools/bin/../lib/gcc/arm-none-eabi/5.4.1/armv6-m/libgcc.a(_fixunsdfsi.o)
                                                  /usr/local/lpcxpresso_7.7.2_379/lpcxpresso/tools/bin/../lib/gcc/arm-none-eabi/5.4.1/armv6-m/libgcc.a(_fixunssfdi.o)
__aeabi_dcmpeq                                    /usr/local/lpcxpresso_7.7.2_379/lpcxpresso/tools/bin/../lib/gcc/arm-none-eabi/5.4.1/armv6-m/libgcc.a(_arm_cmpdf2.o)
__aeabi_dcmpge                                    /usr/local/lpcxpresso_7.7.2_379/lpcxpresso/tools/bin/../lib/gcc/arm-none-eabi/5.4.1/armv6-m/libgcc.a(_arm_cmpdf2.o)
                                                  /usr/local/lpcxpresso_7.7.2_379/lpcxpresso/tools/bin/../lib/gcc/arm-none-eabi/5.4.1/armv6-m/libgcc.a(_fixunsdfsi.o)
__aeabi_dcmpgt                                    /usr/local/lpcxpresso_7.7.2_379/lpcxpresso/tools/bin/../lib/gcc/arm-none-eabi/5.4.1/armv6-m/libgcc.a(_arm_cmpdf2.o)
__aeabi_dcmple                                    /usr/local/lpcxpresso_7.7.2_379/lpcxpresso/tools/bin/../lib/gcc/arm-none-eabi/5.4.1/armv6-m/libgcc.a(_arm_cmpdf2.o)
__aeabi_dcmplt                                    /usr/local/lpcxpresso_7.7.2_379/lpcxpresso/tools/bin/../lib/gcc/arm-none-eabi/5.4.1/armv6-m/libgcc.a(_arm_cmpdf2.o)
__aeabi_dmul                                      /usr/local/lpcxpresso_7.7.2_379/lpcxpresso/tools/bin/../lib/gcc/arm-none-eabi/5.4.1/armv6-m/libgcc.a(muldf3.o)
                                                  /usr/local/lpcxpresso_7.7.2_379/lpcxpresso/tools/bin/../lib/gcc/arm-none-eabi/5.4.1/armv6-m/libgcc.a(_fixunssfdi.o)
__aeabi_dsub                                      /usr/local/lpcxpresso_7.7.2_379/lpcxpresso/tools/bin/../lib/gcc/arm-none-eabi/5.4.1/armv6-m/libgcc.a(subdf3.o)
                                                  /usr/local/lpcxpresso_7.7.2_379/lpcxpresso/tools/bin/../lib/gcc/arm-none-eabi/5.4.1/armv6-m/libgcc.a(_fixunsdfsi.o)
                                                  /usr/local/lpcxpresso_7.7.2_379/lpcxpresso/tools/bin/../lib/gcc/arm-none-eabi/5.4.1/armv6-m/libgcc.a(_fixunssfdi.o)
__aeabi_f2d                                       /usr/local/lpcxpresso_7.7.2_379/lpcxpresso/tools/bin/../lib/gcc/arm-none-eabi/5.4.1/armv6-m/libgcc.a(extendsfdf2.o)
                                                  /usr/local/lpcxpresso_7.7.2_379/lpcxpresso/tools/bin/../lib/gcc/arm-none-eabi/5.4.1/armv6-m/libgcc.a(_fixunssfdi.o)
__aeabi_f2iz                                      /usr/local/lpcxpresso_7.7.2_379/lpcxpresso/tools/bin/../lib/gcc/arm-none-eabi/5.4.1/armv6-m/libgcc.a(fixsfsi.o)
                                                  /usr/local/lpcxpresso_7.7.2_379/lpcxpresso/tools/bin/../lib/gcc/arm-none-eabi/5.4.1/armv6-m/libgcc.a(_fixunssfsi.o)
__aeabi_f2uiz                                     /usr/local/lpcxpresso_7.7.2_379/lpcxpresso/tools/bin/../lib/gcc/arm-none-eabi/5.4.1/armv6-m/libgcc.a(_fixunssfsi.o)
                                                  release/./hal/uv_hal/src/uv_timer.o
__aeabi_f2ulz                                     /usr/local/lpcxpresso_7.7.2_379/lpcxpresso/tools/bin/../lib/gcc/arm-none-eabi/5.4.1/armv6-m/libgcc.a(_fixunssfdi.o)
                                                  release/./hal/uv_hal/src/uv_timer.o
__aeabi_fcmpeq                                    /usr/local/lpcxpresso_7.7.2_379/lpcxpresso/tools/bin/../lib/gcc/arm-none-eabi/5.4.1/armv6-m/libgcc.a(_arm_cmpsf2.o)
__aeabi_fcmpge                                    /usr/local/lpcxpresso_7.7.2_379/lpcxpresso/tools/bin/../lib/gcc/arm-none-eabi/5.4.1/armv6-m/libgcc.a(_arm_cmpsf2.o)
                                                  /usr/local/lpcxpresso_7.7.2_379/lpcxpresso/tools/bin/../lib/gcc/arm-none-eabi/5.4.1/armv6-m/libgcc.a(_fixunssfsi.o)
__aeabi_fcmpgt                                    /usr/local/lpcxpresso_7.7.2_379/lpcxpresso/tools/bin/../lib/gcc/arm-none-eabi/5.4.1/armv6-m/libgcc.a(_arm_cmpsf2.o)
                                                  release/./src/axis.o
__aeabi_fcmple                                    /usr/local/lpcxpresso_7.7.2_379/lpcxpresso/tools/bin/../lib/gcc/arm-none-eabi/5.4.1/armv6-m/libgcc.a(_arm_cmpsf2.o)
__aeabi_fcmplt                                    /usr/local/lpcxpresso_7.7.2_379/lpcxpresso/tools/bin/../lib/gcc/arm-none-eabi/5.4.1/armv6-m/libgcc.a(_arm_cmpsf2.o)
                                                  release/./src/axis.o
__aeabi_fdiv                                      /usr/local/lpcxpresso_7.7.2_379/lpcxpresso/tools/bin/../lib/gcc/arm-none-eabi/5.4.1/armv6-m/libgcc.a(divsf3.o)
                                                  release/./hal/uv_hal/src/uv_timer.o
__aeabi_fmul                                      /usr/local/lpcxpresso_7.7.2_379/lpcxpresso/tools/bin/../lib/gcc/arm-none-eabi/5.4.1/armv6-m/libgcc.a(mulsf3.o)
                                                  release/./hal/uv_hal/src/uv_timer.o
__aeabi_fsub                                      /usr/local/lpcxpresso_7.7.2_379/lpcxpresso/tools/bin/../lib/gcc/arm-none-eabi/5.4.1/armv6-m/libgcc.a(subsf3.o)
                                                  /usr/local/lpcxpresso_7.7.2_379/lpcxpresso/tools/bin/../lib/gcc/arm-none-eabi/5.4.1/armv6-m/libgcc.a(_fixunssfsi.o)
                                                  release/./hal/uv_hal/src/uv_timer.o
__aeabi_i2f                                       /usr/local/lpcxpresso_7.7.2_379/lpcxpresso/tools/bin/../lib/gcc/arm-none-eabi/5.4.1/armv6-m/libgcc.a(floatsisf.o)
                                                  release/./src/axis.o
__aeabi_idiv                                      /usr/local/lpcxpresso_7.7.2_379/lpcxpresso/tools/bin/../lib/gcc/arm-none-eabi/5.4.1/armv6-m/libgcc.a(_divsi3.o)
                                                  release/./src/axis.o
                                                  release/./hal/uv_hal/src/uv_filters.o
__aeabi_idiv0                                     /usr/local/lpcxpresso_7.7.2_379/lpcxpresso/tools/bin/../lib/gcc/arm-none-eabi/5.4.1/armv6-m/libgcc.a(_dvmd_tls.o)
                                                  /usr/local/lpcxpresso_7.7.2_379/lpcxpresso/tools/bin/../lib/gcc/arm-none-eabi/5.4.1/armv6-m/libgcc.a(_divsi3.o)
                                                  /usr/local/lpcxpresso_7.7.2_379/lpcxpresso/tools/bin/../lib/gcc/arm-none-eabi/5.4.1/armv6-m/libgcc.a(_udivsi3.o)
__aeabi_idivmod                                   /usr/local/lpcxpresso_7.7.2_379/lpcxpresso/tools/bin/../lib/gcc/arm-none-eabi/5.4.1/armv6-m/libgcc.a(_divsi3.o)
__aeabi_ldiv0                                     /usr/local/lpcxpresso_7.7.2_379/lpcxpresso/tools/bin/../lib/gcc/arm-none-eabi/5.4.1/armv6-m/libgcc.a(_dvmd_tls.o)
__aeabi_ui2d                                      /usr/local/lpcxpresso_7.7.2_379/lpcxpresso/tools/bin/../lib/gcc/arm-none-eabi/5.4.1/armv6-m/libgcc.a(floatunsidf.o)
                                                  /usr/local/lpcxpresso_7.7.2_379/lpcxpresso/tools/bin/../lib/gcc/arm-none-eabi/5.4.1/armv6-m/libgcc.a(_fixunssfdi.o)
__aeabi_ui2f                                      /usr/local/lpcxpresso_7.7.2_379/lpcxpresso/tools/bin/../lib/gcc/arm-none-eabi/5.4.1/armv6-m/libgcc.a(floatunsisf.o)
                                                  release/./hal/uv_hal/src/uv_timer.o
__aeabi_uidiv                                     /usr/local/lpcxpresso_7.7.2_379/lpcxpresso/tools/bin/../lib/gcc/arm-none-eabi/5.4.1/armv6-m/libgcc.a(_udivsi3.o)
                                                  /usr/local/lpcxpresso_7.7.2_379/lpcxpresso/tools/bin/../lib/gcc/arm-none-eabi/5.4.1/../../../../arm-none-eabi/lib/armv6-m/libc_nano.a(lib_a-utoa.o)
                                                  /usr/local/lpcxpresso_7.7.2_379/lpcxpresso/tools/bin/../lib/gcc/arm-none-eabi/5.4.1/../../../../arm-none-eabi/lib/armv6-m/libc_nano.a(lib_a-strtol.o)
                                                  release/./hal/uv_hal/src/uv_memory.o
                                                  release/./hal/uv_hal/src/uv_utilities.o
                                                  release/./hal/uv_hal/src/uv_adc.o
                                                  release/./hal/uv_hal/src/printf.o
                                                  release/./hal/uv_hal/src/uv_can.o
                                                  release/./hal/uv_hal/src/uv_uart.o
                                                  release/./hal/uv_hal/freertos/portable/GCC/ARM_CM0/port.o
                                                  release/./CMSIS_CORE_LPC11xx/src/system_LPC11xx.o
__aeabi_uidivmod                                  /usr/local/lpcxpresso_7.7.2_379/lpcxpresso/tools/bin/../lib/gcc/arm-none-eabi/5.4.1/armv6-m/libgcc.a(_udivsi3.o)
                                                  /usr/local/lpcxpresso_7.7.2_379/lpcxpresso/tools/bin/../lib/gcc/arm-none-eabi/5.4.1/../../../../arm-none-eabi/lib/armv6-m/libc_nano.a(lib_a-utoa.o)
                                                  /usr/local/lpcxpresso_7.7.2_379/lpcxpresso/tools/bin/../lib/gcc/arm-none-eabi/5.4.1/../../../../arm-none-eabi/lib/armv6-m/libc_nano.a(lib_a-strtol.o)
                                                  release/./hal/uv_hal/src/printf.o
__bss_section_table_end                           release/./src/cr_startup_lpc11xx.o
__clzsi2                                          /usr/local/lpcxpresso_7.7.2_379/lpcxpresso/tools/bin/../lib/gcc/arm-none-eabi/5.4.1/armv6-m/libgcc.a(_clzsi2.o)
                                                  /usr/local/lpcxpresso_7.7.2_379/lpcxpresso/tools/bin/../lib/gcc/arm-none-eabi/5.4.1/armv6-m/libgcc.a(extendsfdf2.o)
                                                  /usr/local/lpcxpresso_7.7.2_379/lpcxpresso/tools/bin/../lib/gcc/arm-none-eabi/5.4.1/armv6-m/libgcc.a(floatunsidf.o)
                                                  /usr/local/lpcxpresso_7.7.2_379/lpcxpresso/tools/bin/../lib/gcc/arm-none-eabi/5.4.1/armv6-m/libgcc.a(subdf3.o)
                                                  /usr/local/lpcxpresso_7.7.2_379/lpcxpresso/tools/bin/../lib/gcc/arm-none-eabi/5.4.1/armv6-m/libgcc.a(muldf3.o)
                                                  /usr/local/lpcxpresso_7.7.2_379/lpcxpresso/tools/bin/../lib/gcc/arm-none-eabi/5.4.1/armv6-m/libgcc.a(floatunsisf.o)
                                                  /usr/local/lpcxpresso_7.7.2_379/lpcxpresso/tools/bin/../lib/gcc/arm-none-eabi/5.4.1/armv6-m/libgcc.a(floatsisf.o)
                                                  /usr/local/lpcxpresso_7.7.2_379/lpcxpresso/tools/bin/../lib/gcc/arm-none-eabi/5.4.1/armv6-m/libgcc.a(subsf3.o)
                                                  /usr/local/lpcxpresso_7.7.2_379/lpcxpresso/tools/bin/../lib/gcc/arm-none-eabi/5.4.1/armv6-m/libgcc.a(mulsf3.o)
                                                  /usr/local/lpcxpresso_7.7.2_379/lpcxpresso/tools/bin/../lib/gcc/arm-none-eabi/5.4.1/armv6-m/libgcc.a(divsf3.o)
__ctype_ptr__                                     /usr/local/lpcxpresso_7.7.2_379/lpcxpresso/tools/bin/../lib/gcc/arm-none-eabi/5.4.1/../../../../arm-none-eabi/lib/armv6-m/libc_nano.a(lib_a-ctype_.o)
                                                  /usr/local/lpcxpresso_7.7.2_379/lpcxpresso/tools/bin/../lib/gcc/arm-none-eabi/5.4.1/../../../../arm-none-eabi/lib/armv6-m/libc_nano.a(lib_a-strtol.o)
                                                  release/./hal/uv_hal/src/uv_json.o
__data_section_table                              release/./src/cr_startup_lpc11xx.o