Archive member included to satisfy reference by file (symbol)

/usr/local/lpcxpresso_8.2.2_650/lpcxpresso/tools/bin/../lib/gcc/arm-none-eabi/5.4.1/armv6-m/libgcc.a(_thumb1_case_uqi.o)
                              release/./hal/uv_hal/freertos/tasks.o (__gnu_thumb1_case_uqi)
/usr/local/lpcxpresso_8.2.2_650/lpcxpresso/tools/bin/../lib/gcc/arm-none-eabi/5.4.1/armv6-m/libgcc.a(_udivsi3.o)
                              release/./hal/uv_hal/freertos/portable/GCC/ARM_CM0/port.o (__aeabi_uidiv)
/usr/local/lpcxpresso_8.2.2_650/lpcxpresso/tools/bin/../lib/gcc/arm-none-eabi/5.4.1/armv6-m/libgcc.a(_divsi3.o)
                              release/./hal/uv_hal/src/uv_filters.o (__aeabi_idiv)
/usr/local/lpcxpresso_8.2.2_650/lpcxpresso/tools/bin/../lib/gcc/arm-none-eabi/5.4.1/armv6-m/libgcc.a(_dvmd_tls.o)
                              /usr/local/lpcxpresso_8.2.2_650/lpcxpresso/tools/bin/../lib/gcc/arm-none-eabi/5.4.1/armv6-m/libgcc.a(_udivsi3.o) (__aeabi_idiv0)
/usr/local/lpcxpresso_8.2.2_650/lpcxpresso/tools/bin/../lib/gcc/arm-none-eabi/5.4.1/armv6-m/libgcc.a(_arm_cmpsf2.o)
                              release/./hal/uv_hal/src/uv_utilities.o (__aeabi_fcmpeq)
/usr/local/lpcxpresso_8.2.2_650/lpcxpresso/tools/bin/../lib/gcc/arm-none-eabi/5.4.1/armv6-m/libgcc.a(_fixunssfsi.o)
                              release/./hal/uv_hal/src/uv_timer.o (__aeabi_f2uiz)
/usr/local/lpcxpresso_8.2.2_650/lpcxpresso/tools/bin/../lib/gcc/arm-none-eabi/5.4.1/armv6-m/libgcc.a(_fixunssfdi.o)
                              release/./hal/uv_hal/src/uv_timer.o (__aeabi_f2ulz)
/usr/local/lpcxpresso_8.2.2_650/lpcxpresso/tools/bin/../lib/gcc/arm-none-eabi/5.4.1/armv6-m/libgcc.a(addsf3.o)
                              release/./hal/uv_hal/src/uv_utilities.o (__aeabi_fadd)
/usr/local/lpcxpresso_8.2.2_650/lpcxpresso/tools/bin/../lib/gcc/arm-none-eabi/5.4.1/armv6-m/libgcc.a(divsf3.o)
                              release/./hal/uv_hal/src/uv_timer.o (__aeabi_fdiv)
/usr/local/lpcxpresso_8.2.2_650/lpcxpresso/tools/bin/../lib/gcc/arm-none-eabi/5.4.1/armv6-m/libgcc.a(eqsf2.o)
                              /usr/local/lpcxpresso_8.2.2_650/lpcxpresso/tools/bin/../lib/gcc/arm-none-eabi/5.4.1/armv6-m/libgcc.a(_arm_cmpsf2.o) (__eqsf2)
/usr/local/lpcxpresso_8.2.2_650/lpcxpresso/tools/bin/../lib/gcc/arm-none-eabi/5.4.1/armv6-m/libgcc.a(gesf2.o)
                              /usr/local/lpcxpresso_8.2.2_650/lpcxpresso/tools/bin/../lib/gcc/arm-none-eabi/5.4.1/armv6-m/libgcc.a(_arm_cmpsf2.o) (__gesf2)
/usr/local/lpcxpresso_8.2.2_650/lpcxpresso/tools/bin/../lib/gcc/arm-none-eabi/5.4.1/armv6-m/libgcc.a(lesf2.o)
                              /usr/local/lpcxpresso_8.2.2_650/lpcxpresso/tools/bin/../lib/gcc/arm-none-eabi/5.4.1/armv6-m/libgcc.a(_arm_cmpsf2.o) (__lesf2)
/usr/local/lpcxpresso_8.2.2_650/lpcxpresso/tools/bin/../lib/gcc/arm-none-eabi/5.4.1/armv6-m/libgcc.a(mulsf3.o)
                              release/./hal/uv_hal/src/uv_timer.o (__aeabi_fmul)
/usr/local/lpcxpresso_8.2.2_650/lpcxpresso/tools/bin/../lib/gcc/arm-none-eabi/5.4.1/armv6-m/libgcc.a(subsf3.o)
                              release/./hal/uv_hal/src/uv_timer.o (__aeabi_fsub)
/usr/local/lpcxpresso_8.2.2_650/lpcxpresso/tools/bin/../lib/gcc/arm-none-eabi/5.4.1/armv6-m/libgcc.a(fixsfsi.o)
                              /usr/local/lpcxpresso_8.2.2_650/lpcxpresso/tools/bin/../lib/gcc/arm-none-eabi/5.4.1/armv6-m/libgcc.a(_fixunssfsi.o) (__aeabi_f2iz)
/usr/local/lpcxpresso_8.2.2_650/lpcxpresso/tools/bin/../lib/gcc/arm-none-eabi/5.4.1/armv6-m/libgcc.a(floatsisf.o)
                              release/./hal/uv_hal/src/uv_utilities.o (__aeabi_i2f)
/usr/local/lpcxpresso_8.2.2_650/lpcxpresso/tools/bin/../lib/gcc/arm-none-eabi/5.4.1/armv6-m/libgcc.a(floatunsisf.o)
                              release/./hal/uv_hal/src/uv_timer.o (__aeabi_ui2f)
/usr/local/lpcxpresso_8.2.2_650/lpcxpresso/tools/bin/../lib/gcc/arm-none-eabi/5.4.1/armv6-m/libgcc.a(muldf3.o)
                              /usr/local/lpcxpresso_8.2.2_650/lpcxpresso/tools/bin/../lib/gcc/arm-none-eabi/5.4.1/armv6-m/libgcc.a(_fixunssfdi.o) (__aeabi_dmul)
/usr/local/lpcxpresso_8.2.2_650/lpcxpresso/tools/bin/../lib/gcc/arm-none-eabi/5.4.1/armv6-m/libgcc.a(subdf3.o)
                              /usr/local/lpcxpresso_8.2.2_650/lpcxpresso/tools/bin/../lib/gcc/arm-none-eabi/5.4.1/armv6-m/libgcc.a(_fixunssfdi.o) (__aeabi_dsub)
/usr/local/lpcxpresso_8.2.2_650/lpcxpresso/tools/bin/../lib/gcc/arm-none-eabi/5.4.1/armv6-m/libgcc.a(floatunsidf.o)
                              /usr/local/lpcxpresso_8.2.2_650/lpcxpresso/tools/bin/../lib/gcc/arm-none-eabi/5.4.1/armv6-m/libgcc.a(_fixunssfdi.o) (__aeabi_ui2d)
/usr/local/lpcxpresso_8.2.2_650/lpcxpresso/tools/bin/../lib/gcc/arm-none-eabi/5.4.1/armv6-m/libgcc.a(extendsfdf2.o)
                              /usr/local/lpcxpresso_8.2.2_650/lpcxpresso/tools/bin/../lib/gcc/arm-none-eabi/5.4.1/armv6-m/libgcc.a(_fixunssfdi.o) (__aeabi_f2d)
[...]
Memory Configuration

Name             Origin             Length             Attributes
MFlash32         0x00000000         0x00007000         xr
RamLoc8          0x100000b8         0x00001f28         xrw
*default*        0x00000000         0xffffffff

Linker script and memory map

LOAD release/./hal/uv_hal/freertos/portable/GCC/ARM_CM3/port.o
LOAD release/./hal/uv_hal/freertos/portable/GCC/ARM_CM0/port.o
LOAD release/./hal/uv_hal/freertos/portable/GCC/ARM_CM4F/port.o
LOAD release/./hal/uv_hal/freertos/tasks.o
LOAD release/./hal/uv_hal/freertos/event_groups.o
LOAD release/./hal/uv_hal/freertos/list.o
LOAD release/./hal/uv_hal/freertos/timers.o
LOAD release/./hal/uv_hal/freertos/heap_2.o
LOAD release/./hal/uv_hal/freertos/queue.o
LOAD release/./hal/uv_hal/freertos/croutine.o
LOAD release/./hal/uv_hal/src/uv_rtos.o
LOAD release/./hal/uv_hal/src/uv_gpio.o
LOAD release/./hal/uv_hal/src/uv_rtc.o
LOAD release/./hal/uv_hal/src/uv_canopen.o
LOAD release/./hal/uv_hal/src/uv_can.o
LOAD release/./hal/uv_hal/src/uv_button.o
LOAD release/./hal/uv_hal/src/uv_adc.o
LOAD release/./hal/uv_hal/src/uv_emc.o
LOAD release/./hal/uv_hal/src/uv_eeprom.o
LOAD release/./hal/uv_hal/src/ui/uv_uilabel.o
LOAD release/./hal/uv_hal/src/ui/uv_uitabwindow.o
LOAD release/./hal/uv_hal/src/ui/uv_uidisplay.o
LOAD release/./hal/uv_hal/src/ui/uv_ui_styles.o
LOAD release/./hal/uv_hal/src/ui/uv_uilist.o
LOAD release/./hal/uv_hal/src/ui/uv_uiobject.o
LOAD release/./hal/uv_hal/src/ui/uv_uilayout.o
LOAD release/./hal/uv_hal/src/ui/uv_uiwindow.o
LOAD release/./hal/uv_hal/src/ui/uv_uislider.o
LOAD release/./hal/uv_hal/src/ui/uv_uibutton.o
LOAD release/./hal/uv_hal/src/ui/uv_uikeyboard.o
LOAD release/./hal/uv_hal/src/ui/uv_uitogglebutton.o
LOAD release/./hal/uv_hal/src/ui/uv_uiprogressbar.o
LOAD release/./hal/uv_hal/src/ui/uv_uifonts.o
LOAD release/./hal/uv_hal/src/uv_spi.o
LOAD release/./hal/uv_hal/src/uv_uart.o
LOAD release/./hal/uv_hal/src/uv_wdt.o
LOAD release/./hal/uv_hal/src/uv_pwm.o
LOAD release/./hal/uv_hal/src/uv_terminal.o
LOAD release/./hal/uv_hal/src/uv_stdout.o
LOAD release/./hal/uv_hal/src/uv_timer.o
LOAD release/./hal/uv_hal/src/uv_filters.o
LOAD release/./hal/uv_hal/src/uv_i2c.o
LOAD release/./hal/uv_hal/src/uv_utilities.o
LOAD release/./hal/uv_hal/src/printf.o
LOAD release/./hal/uv_hal/src/uv_json.o
LOAD release/./hal/uv_hal/src/uv_reset.o
LOAD release/./hal/uv_hal/src/uv_memory.o
LOAD release/./hal/uv_hal/src/uv_errors.o
LOAD release/./hal/uv_hal/src/uv_lcd.o
LOAD release/./src/axis.o
LOAD release/./src/crp.o
LOAD release/./src/cr_startup_lpc11xx.o
LOAD release/./src/messages.o
LOAD release/./src/buttons.o
LOAD release/./src/main.o
LOAD release/./CMSIS_CORE_LPC11xx/src/system_LPC11xx.o
START GROUP
LOAD /usr/local/lpcxpresso_8.2.2_650/lpcxpresso/tools/bin/../lib/gcc/arm-none-eabi/5.4.1/armv6-m/libgcc.a
LOAD /usr/local/lpcxpresso_8.2.2_650/lpcxpresso/tools/bin/../lib/gcc/arm-none-eabi/5.4.1/../../../../arm-none-eabi/lib/armv6-m/libc_nano.a
LOAD /usr/local/lpcxpresso_8.2.2_650/lpcxpresso/tools/bin/../lib/gcc/arm-none-eabi/5.4.1/../../../../arm-none-eabi/lib/armv6-m/libm.a
END GROUP
                0x00007000                __top_MFlash32 = 0x7000
                0x10001fe0                __top_RamLoc8 = 0x10001fe0

.text           0x00000000     0x4640
 FILL mask 0xff
                0x00000000                __vectors_start__ = ABSOLUTE (.)
 *(.isr_vector)
 .isr_vector    0x00000000       0xc0 release/./src/cr_startup_lpc11xx.o
                0x00000000                g_pfnVectors
                0x000000c0                . = ALIGN (0x4)
                0x000000c0                __section_table_start = .
                0x000000c0                __data_section_table = .
                0x000000c0        0x4 LONG 0x4640 LOADADDR (.data)
                0x000000c4        0x4 LONG 0x100000b8 ADDR (.data)
                0x000000c8        0x4 LONG 0x88 SIZEOF (.data)
                0x000000cc                __data_section_table_end = .
                0x000000cc                __bss_section_table = .
                0x000000cc        0x4 LONG 0x10000140 ADDR (.bss)
                0x000000d0        0x4 LONG 0x1170 SIZEOF (.bss)
                0x000000d4                __bss_section_table_end = .
                0x000000d4                __section_table_end = .
 *(.after_vectors*)
 .after_vectors
                0x000000d4       0x70 release/./src/cr_startup_lpc11xx.o
                0x000000de                TIMER16_0_IRQHandler
                0x000000de                TIMER32_0_IRQHandler
                0x000000de                TIMER32_1_IRQHandler
                0x000000de                SSP0_IRQHandler
                0x000000de                TIMER16_1_IRQHandler
                0x000000de                ADC_IRQHandler
                0x000000de                SSP1_IRQHandler
                0x000000de                BOD_IRQHandler
                0x000000de                WAKEUP_IRQHandler
                0x000000de                I2C_IRQHandler
                0x000000de                WDT_IRQHandler
                0x000000e0                data_init
                0x000000f2                bss_init
                0x00000102                ResetISR
                0x000002fc                . = 0x2fc
 *fill*         0x00000144      0x1b8 ff
                0x000002fc                PROVIDE (__CRP_WORD_START__, .)
 *(.crp)
 .crp           0x000002fc        0x4 release/./src/crp.o
                0x000002fc                CRP_WORD
                0x00000300                PROVIDE (__CRP_WORD_END__, .)
                0x00000001                ASSERT (! ((__CRP_WORD_START__ == __CRP_WORD_END__)), Linker CRP Enabled, but no CRP_WORD provided within application)
 *(.text*)
 .text.prvTaskExitError
                0x00000300        0x4 release/./hal/uv_hal/freertos/portable/GCC/ARM_CM0/port.o
 *fill*         0x00000304        0xc ff
 .text.vPortStartFirstTask
                0x00000310       0x24 release/./hal/uv_hal/freertos/portable/GCC/ARM_CM0/port.o
 .text.pxPortInitialiseStack
                0x00000334       0x20 release/./hal/uv_hal/freertos/portable/GCC/ARM_CM0/port.o
                0x00000334                pxPortInitialiseStack
 .text.SVC_Handler
                0x00000354        0x2 release/./hal/uv_hal/freertos/portable/GCC/ARM_CM0/port.o
                0x00000354                SVC_Handler
 *fill*         0x00000356        0x2 ff
 .text.xPortStartScheduler
                0x00000358       0x54 release/./hal/uv_hal/freertos/portable/GCC/ARM_CM0/port.o
                0x00000358                xPortStartScheduler
 .text.vPortYield
                0x000003ac       0x18 release/./hal/uv_hal/freertos/portable/GCC/ARM_CM0/port.o
                0x000003ac                vPortYield
 .text.vPortEnterCritical
                0x000003c4       0x18 release/./hal/uv_hal/freertos/portable/GCC/ARM_CM0/port.o
                0x000003c4                vPortEnterCritical
 .text.vPortExitCritical
                0x000003dc       0x14 release/./hal/uv_hal/freertos/portable/GCC/ARM_CM0/port.o
                0x000003dc                vPortExitCritical
 .text.ulSetInterruptMaskFromISR
                0x000003f0        0xa release/./hal/uv_hal/freertos/portable/GCC/ARM_CM0/port.o
                0x000003f0                ulSetInterruptMaskFromISR
 .text.vClearInterruptMaskFromISR
                0x000003fa        0x6 release/./hal/uv_hal/freertos/portable/GCC/ARM_CM0/port.o
                0x000003fa                vClearInterruptMaskFromISR
 .text.PendSV_Handler
                0x00000400       0x44 release/./hal/uv_hal/freertos/portable/GCC/ARM_CM0/port.o
                0x00000400                PendSV_Handler
 .text.SysTick_Handler
                0x00000444       0x24 release/./hal/uv_hal/freertos/portable/GCC/ARM_CM0/port.o
                0x00000444                SysTick_Handler
 .text.prvResetNextTaskUnblockTime
                0x00000468       0x28 release/./hal/uv_hal/freertos/tasks.o
 .text.prvAddCurrentTaskToDelayedList
                0x00000490       0x74 release/./hal/uv_hal/freertos/tasks.o
 .text.xTaskGenericCreate
                0x00000504      0x1a8 release/./hal/uv_hal/freertos/tasks.o
                0x00000504                xTaskGenericCreate
 .text.vTaskStartScheduler
                0x000006ac       0x5c release/./hal/uv_hal/freertos/tasks.o
                0x000006ac                vTaskStartScheduler
 .text.vTaskSuspendAll
                0x00000708       0x10 release/./hal/uv_hal/freertos/tasks.o
                0x00000708                vTaskSuspendAll
 .text.xTaskGetTickCount
                0x00000718        0xc release/./hal/uv_hal/freertos/tasks.o
                0x00000718                xTaskGetTickCount
 .text.xTaskIncrementTick
                0x00000724       0xf8 release/./hal/uv_hal/freertos/tasks.o
                0x00000724                xTaskIncrementTick
 .text.xTaskResumeAll
                0x0000081c       0xd0 release/./hal/uv_hal/freertos/tasks.o
                0x0000081c                xTaskResumeAll
 .text.vTaskDelayUntil
                0x000008ec       0x4c release/./hal/uv_hal/freertos/tasks.o
                0x000008ec                vTaskDelayUntil
 .text.prvIdleTask
                0x00000938       0x68 release/./hal/uv_hal/freertos/tasks.o
 .text.vTaskSwitchContext
                0x000009a0       0x84 release/./hal/uv_hal/freertos/tasks.o
                0x000009a0                vTaskSwitchContext
 .text.vTaskPlaceOnEventList
                0x00000a24       0x1c release/./hal/uv_hal/freertos/tasks.o
                0x00000a24                vTaskPlaceOnEventList
 .text.vTaskPlaceOnEventListRestricted
                0x00000a40       0x28 release/./hal/uv_hal/freertos/tasks.o
                0x00000a40                vTaskPlaceOnEventListRestricted
 .text.xTaskRemoveFromEventList
                0x00000a68       0x70 release/./hal/uv_hal/freertos/tasks.o
                0x00000a68                xTaskRemoveFromEventList
 .text.vTaskSetTimeOutState
                0x00000ad8       0x18 release/./hal/uv_hal/freertos/tasks.o
                0x00000ad8                vTaskSetTimeOutState
 .text.xTaskCheckForTimeOut
                0x00000af0       0x50 release/./hal/uv_hal/freertos/tasks.o
                0x00000af0                xTaskCheckForTimeOut
 .text.vTaskMissedYield
                0x00000b40        0xc release/./hal/uv_hal/freertos/tasks.o
                0x00000b40                vTaskMissedYield
 .text.xTaskGetSchedulerState
                0x00000b4c       0x20 release/./hal/uv_hal/freertos/tasks.o
                0x00000b4c                xTaskGetSchedulerState
 .text.vTaskPriorityInherit
                0x00000b6c       0x6c release/./hal/uv_hal/freertos/tasks.o
                0x00000b6c                vTaskPriorityInherit
 .text.xTaskPriorityDisinherit
                0x00000bd8       0x54 release/./hal/uv_hal/freertos/tasks.o
                0x00000bd8                xTaskPriorityDisinherit
 .text.pvTaskIncrementMutexHeldCount
                0x00000c2c       0x18 release/./hal/uv_hal/freertos/tasks.o
                0x00000c2c                pvTaskIncrementMutexHeldCount
 .text.vListInitialise
                0x00000c44       0x16 release/./hal/uv_hal/freertos/list.o
                0x00000c44                vListInitialise
 .text.vListInitialiseItem
                0x00000c5a        0x6 release/./hal/uv_hal/freertos/list.o
                0x00000c5a                vListInitialiseItem
 .text.vListInsertEnd
                0x00000c60       0x18 release/./hal/uv_hal/freertos/list.o
                0x00000c60                vListInsertEnd
 .text.vListInsert
                0x00000c78       0x30 release/./hal/uv_hal/freertos/list.o
                0x00000c78                vListInsert
 .text.uxListRemove
                0x00000ca8       0x20 release/./hal/uv_hal/freertos/list.o
                0x00000ca8                uxListRemove
 .text.prvCheckForValidListAndQueue
                0x00000cc8       0x60 release/./hal/uv_hal/freertos/timers.o
 .text.prvInsertTimerInActiveList
                0x00000d28       0x3c release/./hal/uv_hal/freertos/timers.o
 .text.xTimerCreateTimerTask
                0x00000d64       0x38 release/./hal/uv_hal/freertos/timers.o
                0x00000d64                xTimerCreateTimerTask
 .text.xTimerGenericCommand
                0x00000d9c       0x48 release/./hal/uv_hal/freertos/timers.o
                0x00000d9c                xTimerGenericCommand
 .text.prvSwitchTimerLists
                0x00000de4       0x60 release/./hal/uv_hal/freertos/timers.o
 .text.prvTimerTask
                0x00000e44      0x16c release/./hal/uv_hal/freertos/timers.o
 .text.pvPortMalloc
                0x00000fb0       0xb8 release/./hal/uv_hal/freertos/heap_2.o
                0x00000fb0                pvPortMalloc
 .text.vPortFree
                0x00001068       0x38 release/./hal/uv_hal/freertos/heap_2.o
                0x00001068                vPortFree
 .text.prvCopyDataToQueue
                0x000010a0       0x72 release/./hal/uv_hal/freertos/queue.o
 .text.prvCopyDataFromQueue
                0x00001112       0x24 release/./hal/uv_hal/freertos/queue.o
 .text.prvUnlockQueue
                0x00001136       0x6a release/./hal/uv_hal/freertos/queue.o
 .text.xQueueGenericReset
                0x000011a0       0x5e release/./hal/uv_hal/freertos/queue.o
                0x000011a0                xQueueGenericReset
 .text.xQueueGenericCreate
                0x000011fe       0x3c release/./hal/uv_hal/freertos/queue.o
                0x000011fe                xQueueGenericCreate
 .text.xQueueGenericSend
                0x0000123a       0xdc release/./hal/uv_hal/freertos/queue.o
                0x0000123a                xQueueGenericSend
 .text.xQueueGenericSendFromISR
                0x00001316       0x5c release/./hal/uv_hal/freertos/queue.o
                0x00001316                xQueueGenericSendFromISR
 .text.xQueueGenericReceive
                0x00001372      0x11c release/./hal/uv_hal/freertos/queue.o
                0x00001372                xQueueGenericReceive
 *fill*         0x0000148e        0x2 ff
 .text.vQueueAddToRegistry
                0x00001490       0x24 release/./hal/uv_hal/freertos/queue.o
                0x00001490                vQueueAddToRegistry
 .text.vQueueWaitForMessageRestricted
                0x000014b4       0x3e release/./hal/uv_hal/freertos/queue.o
                0x000014b4                vQueueWaitForMessageRestricted
 .text.uv_rtos_task_delay
                0x000014f2       0x14 release/./hal/uv_hal/src/uv_rtos.o
                0x000014f2                uv_rtos_task_delay
 *fill*         0x00001506        0x2 ff
 .text.hal_task
                0x00001508       0x20 release/./hal/uv_hal/src/uv_rtos.o
                0x00001508                hal_task
 .text.vApplicationStackOverflowHook
                0x00001528       0x28 release/./hal/uv_hal/src/uv_rtos.o
                0x00001528                vApplicationStackOverflowHook
 .text.uv_init  0x00001550       0x68 release/./hal/uv_hal/src/uv_rtos.o
                0x00001550                uv_init
 .text.isr      0x000015b8       0x54 release/./hal/uv_hal/src/uv_gpio.o
 .text.PIOINT0_IRQHandler
                0x0000160c        0xe release/./hal/uv_hal/src/uv_gpio.o
                0x0000160c                PIOINT0_IRQHandler
 *fill*         0x0000161a        0x2 ff
 .text.PIOINT1_IRQHandler
                0x0000161c       0x10 release/./hal/uv_hal/src/uv_gpio.o
                0x0000161c                PIOINT1_IRQHandler
 .text.PIOINT2_IRQHandler
                0x0000162c       0x10 release/./hal/uv_hal/src/uv_gpio.o
                0x0000162c                PIOINT2_IRQHandler
 .text.PIOINT3_IRQHandler
                0x0000163c       0x10 release/./hal/uv_hal/src/uv_gpio.o
                0x0000163c                PIOINT3_IRQHandler
 .text.find_object
                0x0000164c       0x76 release/./hal/uv_hal/src/uv_canopen.o
 .text.sdo_send_response.isra.1
                0x000016c2       0x80 release/./hal/uv_hal/src/uv_canopen.o
 .text.sdo_send_error.isra.2
                0x00001742       0x52 release/./hal/uv_hal/src/uv_canopen.o
 .text.array_read
                0x00001794       0x22 release/./hal/uv_hal/src/uv_canopen.o
 *fill*         0x000017b6        0x2 ff
 .text.uv_canopen_init
                0x000017b8       0xd8 release/./hal/uv_hal/src/uv_canopen.o
                0x000017b8                uv_canopen_init
 .text.uv_canopen_restore_defaults
                0x00001890      0x124 release/./hal/uv_hal/src/uv_canopen.o
                0x00001890                uv_canopen_restore_defaults
 .text.uv_canopen_step
                0x000019b4      0x4dc release/./hal/uv_hal/src/uv_canopen.o
                0x000019b4                uv_canopen_step
 .text.CAN_tx   0x00001e90       0x10 release/./hal/uv_hal/src/uv_can.o
                0x00001e90                CAN_tx
 .text.CAN_error
                0x00001ea0        0x2 release/./hal/uv_hal/src/uv_can.o
                0x00001ea0                CAN_error
 *fill*         0x00001ea2        0x2 ff
 .text.CAN_rx   0x00001ea4       0x84 release/./hal/uv_hal/src/uv_can.o
                0x00001ea4                CAN_rx
 .text.check_channel
                0x00001f28       0x24 release/./hal/uv_hal/src/uv_can.o
 .text.CAN_IRQHandler
                0x00001f4c       0x14 release/./hal/uv_hal/src/uv_can.o
                0x00001f4c                CAN_IRQHandler
 .text.uv_can_step
                0x00001f60       0x34 release/./hal/uv_hal/src/uv_can.o
                0x00001f60                uv_can_step
 .text.uv_can_config_rx_message
                0x00001f94       0x80 release/./hal/uv_hal/src/uv_can.o
                0x00001f94                uv_can_config_rx_message
 .text._uv_can_init
                0x00002014       0xd0 release/./hal/uv_hal/src/uv_can.o
                0x00002014                _uv_can_init
 .text.uv_can_send_message
                0x000020e4       0xa4 release/./hal/uv_hal/src/uv_can.o
                0x000020e4                uv_can_send_message
 .text.uv_can_pop_message
                0x00002188       0x28 release/./hal/uv_hal/src/uv_can.o
                0x00002188                uv_can_pop_message
 .text.uv_can_get_error_state
                0x000021b0       0x24 release/./hal/uv_hal/src/uv_can.o
                0x000021b0                uv_can_get_error_state
 .text.uv_can_get_char
                0x000021d4       0x14 release/./hal/uv_hal/src/uv_can.o
                0x000021d4                uv_can_get_char
 .text._uv_can_hal_step
                0x000021e8       0x1c release/./hal/uv_hal/src/uv_can.o
                0x000021e8                _uv_can_hal_step
 .text._uv_adc_init
                0x00002204       0x8c release/./hal/uv_hal/src/uv_adc.o
                0x00002204                _uv_adc_init
 .text.uv_adc_read
                0x00002290       0x68 release/./hal/uv_hal/src/uv_adc.o
                0x00002290                uv_adc_read
 .text.uv_adc_read_average
                0x000022f8       0x24 release/./hal/uv_hal/src/uv_adc.o
                0x000022f8                uv_adc_read_average
 .text.check_uart
                0x0000231c       0x24 release/./hal/uv_hal/src/uv_uart.o
 .text.UART_IRQHandler
                0x00002340       0x48 release/./hal/uv_hal/src/uv_uart.o
                0x00002340                UART_IRQHandler
 .text._uv_uart_init
                0x00002388       0xc8 release/./hal/uv_hal/src/uv_uart.o
                0x00002388                _uv_uart_init
 .text.uv_uart_send_char
                0x00002450       0x50 release/./hal/uv_hal/src/uv_uart.o
                0x00002450                uv_uart_send_char
 .text.uv_uart_get_char
                0x000024a0       0x38 release/./hal/uv_hal/src/uv_uart.o
                0x000024a0                uv_uart_get_char
 .text.uv_uart_is_initialized
                0x000024d8       0x18 release/./hal/uv_hal/src/uv_uart.o
                0x000024d8                uv_uart_is_initialized
 .text._uv_wdt_init
                0x000024f0       0x6c release/./hal/uv_hal/src/uv_wdt.o
                0x000024f0                _uv_wdt_init
 .text.uv_wdt_update
                0x0000255c       0x14 release/./hal/uv_hal/src/uv_wdt.o
                0x0000255c                uv_wdt_update
 .text.uv_wdt_reset
                0x00002570       0x18 release/./hal/uv_hal/src/uv_wdt.o
                0x00002570                uv_wdt_reset
 .text.uv_terminal_dev_callb
                0x00002588       0x20 release/./hal/uv_hal/src/uv_terminal.o
                0x00002588                uv_terminal_dev_callb
 .text.uv_terminal_help_callb
                0x000025a8       0x54 release/./hal/uv_hal/src/uv_terminal.o
                0x000025a8                uv_terminal_help_callb
 .text.uv_terminal_reset_callb
                0x000025fc       0x1c release/./hal/uv_hal/src/uv_terminal.o
                0x000025fc                uv_terminal_reset_callb
 .text.uv_terminal_save_callb
                0x00002618       0x18 release/./hal/uv_hal/src/uv_terminal.o
                0x00002618                uv_terminal_save_callb
 .text.uv_terminal_revert_callb
                0x00002630       0x18 release/./hal/uv_hal/src/uv_terminal.o
                0x00002630                uv_terminal_revert_callb
 .text.uv_terminal_init
                0x00002648       0x30 release/./hal/uv_hal/src/uv_terminal.o
                0x00002648                uv_terminal_init
 .text.uv_terminal_step
                0x00002678      0x1d0 release/./hal/uv_hal/src/uv_terminal.o
                0x00002678                uv_terminal_step
 .text.send_can_msg
                0x00002848       0x70 release/./hal/uv_hal/src/uv_stdout.o
 .text.outbyte  0x000028b8       0x44 release/./hal/uv_hal/src/uv_stdout.o
                0x000028b8                outbyte
 .text.uv_stdout_send
                0x000028fc       0x16 release/./hal/uv_hal/src/uv_stdout.o
                0x000028fc                uv_stdout_send
 *fill*         0x00002912        0x2 ff
 .text._uv_stdout_hal_step
                0x00002914       0x28 release/./hal/uv_hal/src/uv_stdout.o
                0x00002914                _uv_stdout_hal_step
 .text.uv_set_application_ptr
                0x0000293c        0xc release/./hal/uv_hal/src/uv_utilities.o
                0x0000293c                uv_set_application_ptr
 .text.uv_delay
                0x00002948       0x1e release/./hal/uv_hal/src/uv_utilities.o
                0x00002948                uv_delay
 *fill*         0x00002966        0x2 ff
 .text.uv_ring_buffer_init
                0x00002968       0x1c release/./hal/uv_hal/src/uv_utilities.o
                0x00002968                uv_ring_buffer_init
 .text.uv_ring_buffer_push
                0x00002984       0x50 release/./hal/uv_hal/src/uv_utilities.o
                0x00002984                uv_ring_buffer_push
 .text.uv_ring_buffer_pop
                0x000029d4       0x4c release/./hal/uv_hal/src/uv_utilities.o
                0x000029d4                uv_ring_buffer_pop
 .text.uv_vector_push_back
                0x00002a20       0x34 release/./hal/uv_hal/src/uv_utilities.o
                0x00002a20                uv_vector_push_back
 .text.uv_reli  0x00002a54       0x1a release/./hal/uv_hal/src/uv_utilities.o
                0x00002a54                uv_reli
 *fill*         0x00002a6e        0x2 ff
 .text._delay_ms
                0x00002a70       0x40 release/./hal/uv_hal/src/uv_utilities.o
                0x00002a70                _delay_ms
 .text.uv_set_int_priority
                0x00002ab0       0x78 release/./hal/uv_hal/src/uv_utilities.o
                0x00002ab0                uv_set_int_priority
 .text.__uv_get_user_ptr
                0x00002b28        0xc release/./hal/uv_hal/src/uv_utilities.o
                0x00002b28                __uv_get_user_ptr
 .text.NMI_Handler
                0x00002b34       0x14 release/./hal/uv_hal/src/uv_utilities.o
                0x00002b34                NMI_Handler
 .text.HardFault_Handler
                0x00002b48       0x14 release/./hal/uv_hal/src/uv_utilities.o
                0x00002b48                HardFault_Handler
 .text.printchar
                0x00002b5c       0x1a release/./hal/uv_hal/src/printf.o
 .text.prints   0x00002b76       0x82 release/./hal/uv_hal/src/printf.o
 .text.printi   0x00002bf8       0xae release/./hal/uv_hal/src/printf.o
 *fill*         0x00002ca6        0x2 ff
 .text.print    0x00002ca8      0x108 release/./hal/uv_hal/src/printf.o
                0x00002ca8                print
 .text.printf   0x00002db0       0x1c release/./hal/uv_hal/src/printf.o
                0x00002db0                printf
 .text.uv_system_reset
                0x00002dcc       0x28 release/./hal/uv_hal/src/uv_reset.o
                0x00002dcc                uv_system_reset
 .text.uv_enter_ISP_mode
                0x00002df4       0x1c release/./hal/uv_hal/src/uv_memory.o
                0x00002df4                uv_enter_ISP_mode
 .text.uv_memory_load
                0x00002e10       0x64 release/./hal/uv_hal/src/uv_memory.o
                0x00002e10                uv_memory_load
 .text.uv_erase_and_write_to_flash
                0x00002e74       0xcc release/./hal/uv_hal/src/uv_memory.o
                0x00002e74                uv_erase_and_write_to_flash
 .text.uv_memory_save
                0x00002f40       0xc8 release/./hal/uv_hal/src/uv_memory.o
                0x00002f40                uv_memory_save
 .text.__uv_save_previous_non_volatile_data
                0x00003008       0x34 release/./hal/uv_hal/src/uv_memory.o
                0x00003008                __uv_save_previous_non_volatile_data
 .text.__uv_clear_previous_non_volatile_data
                0x0000303c       0x84 release/./hal/uv_hal/src/uv_memory.o
                0x0000303c                __uv_clear_previous_non_volatile_data
 .text.uv_set_id
                0x000030c0       0x10 release/./hal/uv_hal/src/uv_memory.o
                0x000030c0                uv_set_id
 .text.uv_get_id
                0x000030d0       0x1c release/./hal/uv_hal/src/uv_memory.o
                0x000030d0                uv_get_id
 .text.__uv_log_error
                0x000030ec       0x1c release/./hal/uv_hal/src/uv_errors.o
                0x000030ec                __uv_log_error
 .text.axis_calib_start
                0x00003108       0x24 release/./src/axis.o
                0x00003108                axis_calib_start
 .text.axis_step
                0x0000312c       0xcc release/./src/axis.o
                0x0000312c                axis_step
 .text.terminal_callback
                0x000031f8       0x88 release/./src/messages.o
                0x000031f8                terminal_callback
 .text.object_dictionary_size
                0x00003280        0x4 release/./src/messages.o
                0x00003280                object_dictionary_size
 .text.terminal_commands_size
                0x00003284        0x4 release/./src/messages.o
                0x00003284                terminal_commands_size
 .text.button_step
                0x00003288       0x22 release/./src/buttons.o
                0x00003288                button_step
 *fill*         0x000032aa        0x2 ff
 .text.keypad_init
                0x000032ac      0x260 release/./src/main.o
                0x000032ac                keypad_init
 .text.keypad_step
                0x0000350c      0x284 release/./src/main.o
                0x0000350c                keypad_step
 .text.startup.main
                0x00003790       0x6c release/./src/main.o
                0x00003790                main
 .text.SystemCoreClockUpdate
                0x000037fc       0xb8 release/./CMSIS_CORE_LPC11xx/src/system_LPC11xx.o
                0x000037fc                SystemCoreClockUpdate
 .text.SystemInit
                0x000038b4       0xa8 release/./CMSIS_CORE_LPC11xx/src/system_LPC11xx.o
                0x000038b4                SystemInit
 .text          0x0000395c       0x14 /usr/local/lpcxpresso_8.2.2_650/lpcxpresso/tools/bin/../lib/gcc/arm-none-eabi/5.4.1/armv6-m/libgcc.a(_thumb1_case_uqi.o)
                0x0000395c                __gnu_thumb1_case_uqi
 .text          0x00003970      0x114 /usr/local/lpcxpresso_8.2.2_650/lpcxpresso/tools/bin/../lib/gcc/arm-none-eabi/5.4.1/armv6-m/libgcc.a(_udivsi3.o)
                0x00003970                __udivsi3
                0x00003970                __aeabi_uidiv
                0x00003a7c                __aeabi_uidivmod
 .text          0x00003a84      0x1d4 /usr/local/lpcxpresso_8.2.2_650/lpcxpresso/tools/bin/../lib/gcc/arm-none-eabi/5.4.1/armv6-m/libgcc.a(_divsi3.o)
                0x00003a84                __aeabi_idiv
                0x00003a84                __divsi3
                0x00003c50                __aeabi_idivmod
 .text          0x00003c58        0x4 /usr/local/lpcxpresso_8.2.2_650/lpcxpresso/tools/bin/../lib/gcc/arm-none-eabi/5.4.1/armv6-m/libgcc.a(_dvmd_tls.o)
                0x00003c58                __aeabi_ldiv0
                0x00003c58                __aeabi_idiv0
 .text          0x00003c5c       0x74 /usr/local/lpcxpresso_8.2.2_650/lpcxpresso/tools/bin/../lib/gcc/arm-none-eabi/5.4.1/armv6-m/libgcc.a(_arm_cmpsf2.o)
                0x00003c5c                __aeabi_cfrcmple
                0x00003c64                __aeabi_cfcmple
                0x00003c64                __aeabi_cfcmpeq
                0x00003c74                __aeabi_fcmpeq
                0x00003c80                __aeabi_fcmplt
                0x00003c94                __aeabi_fcmple
                0x00003ca8                __aeabi_fcmpgt
                0x00003cbc                __aeabi_fcmpge
 .text          0x00003cd0       0x50 /usr/local/lpcxpresso_8.2.2_650/lpcxpresso/tools/bin/../lib/gcc/arm-none-eabi/5.4.1/armv6-m/libgcc.a(eqsf2.o)
                0x00003cd0                __nesf2
                0x00003cd0                __eqsf2
 .text          0x00003d20       0x88 /usr/local/lpcxpresso_8.2.2_650/lpcxpresso/tools/bin/../lib/gcc/arm-none-eabi/5.4.1/armv6-m/libgcc.a(gesf2.o)
                0x00003d20                __gtsf2
                0x00003d20                __gesf2
 .text          0x00003da8       0x88 /usr/local/lpcxpresso_8.2.2_650/lpcxpresso/tools/bin/../lib/gcc/arm-none-eabi/5.4.1/armv6-m/libgcc.a(lesf2.o)
                0x00003da8                __lesf2
                0x00003da8                __ltsf2
 .text          0x00003e30       0x90 /usr/local/lpcxpresso_8.2.2_650/lpcxpresso/tools/bin/../lib/gcc/arm-none-eabi/5.4.1/armv6-m/libgcc.a(floatsisf.o)
                0x00003e30                __aeabi_i2f
 .text          0x00003ec0       0x3c /usr/local/lpcxpresso_8.2.2_650/lpcxpresso/tools/bin/../lib/gcc/arm-none-eabi/5.4.1/armv6-m/libgcc.a(_clzsi2.o)
                0x00003ec0                __clzsi2
 .text.memcpy   0x00003efc       0x12 /usr/local/lpcxpresso_8.2.2_650/lpcxpresso/tools/bin/../lib/gcc/arm-none-eabi/5.4.1/../../../../arm-none-eabi/lib/armv6-m/libc_nano.a(lib_a-memcpy-stub.o)
                0x00003efc                memcpy
 .text.memset   0x00003f0e       0x10 /usr/local/lpcxpresso_8.2.2_650/lpcxpresso/tools/bin/../lib/gcc/arm-none-eabi/5.4.1/../../../../arm-none-eabi/lib/armv6-m/libc_nano.a(lib_a-memset.o)
                0x00003f0e                memset
 .text          0x00003f1e       0x14 /usr/local/lpcxpresso_8.2.2_650/lpcxpresso/tools/bin/../lib/gcc/arm-none-eabi/5.4.1/../../../../arm-none-eabi/lib/armv6-m/libc_nano.a(lib_a-strcmp.o)
                0x00003f1e                strcmp
 *fill*         0x00003f32        0x2 ff
 .text._strtol_r
                0x00003f34      0x124 /usr/local/lpcxpresso_8.2.2_650/lpcxpresso/tools/bin/../lib/gcc/arm-none-eabi/5.4.1/../../../../arm-none-eabi/lib/armv6-m/libc_nano.a(lib_a-strtol.o)
                0x00003f34                _strtol_r
 .text.strtol   0x00004058       0x18 /usr/local/lpcxpresso_8.2.2_650/lpcxpresso/tools/bin/../lib/gcc/arm-none-eabi/5.4.1/../../../../arm-none-eabi/lib/armv6-m/libc_nano.a(lib_a-strtol.o)
                0x00004058                strtol
 *(.rodata .rodata.* .constdata .constdata.*)
 .rodata.str1.1
                0x00004070        0x5 release/./hal/uv_hal/freertos/tasks.o
 .rodata.str1.1
                0x00004075        0xd release/./hal/uv_hal/freertos/timers.o
 .rodata.str1.1
                0x00004082       0x12 release/./hal/uv_hal/src/uv_rtos.o
 .rodata        0x00004094       0x20 release/./hal/uv_hal/src/uv_can.o
 .rodata.str1.1
                0x000040b4       0x83 release/./hal/uv_hal/src/uv_terminal.o
                                 0x88 (size before relaxing)
 *fill*         0x00004137        0x1 ff
 .rodata.common_cmds
                0x00004138       0x3c release/./hal/uv_hal/src/uv_terminal.o
                0x00004138                common_cmds
 .rodata.str1.1
                0x00004174       0x63 release/./hal/uv_hal/src/uv_utilities.o
 .rodata.str1.1
                0x000041d7        0x7 release/./hal/uv_hal/src/printf.o
 .rodata.str1.1
                0x000041de       0x42 release/./hal/uv_hal/src/uv_memory.o
 .rodata.str1.1
                0x00004220       0x40 release/./hal/uv_hal/src/uv_errors.o
 .rodata.str1.1
                0x00004260       0x84 release/./src/messages.o
                                 0x89 (size before relaxing)
 .rodata.terminal_commands
                0x000042e4       0x90 release/./src/messages.o
                0x000042e4                terminal_commands
 .rodata.obj_dict
                0x00004374       0xcc release/./src/messages.o
                0x00004374                obj_dict
 .rodata.str1.1
                0x00004440       0xbb release/./src/main.o
 *fill*         0x000044fb        0x1 ff
 .rodata.CSWTCH.7
                0x000044fc       0x40 release/./CMSIS_CORE_LPC11xx/src/system_LPC11xx.o
 .rodata._ctype_
                0x0000453c      0x101 /usr/local/lpcxpresso_8.2.2_650/lpcxpresso/tools/bin/../lib/gcc/arm-none-eabi/5.4.1/../../../../arm-none-eabi/lib/armv6-m/libc_nano.a(lib_a-ctype_.o)
                0x0000453c                _ctype_
 .rodata.str1.1
                0x0000463d        0x2 /usr/local/lpcxpresso_8.2.2_650/lpcxpresso/tools/bin/../lib/gcc/arm-none-eabi/5.4.1/../../../../arm-none-eabi/lib/armv6-m/libc_nano.a(lib_a-impure.o)
                0x00004640                . = ALIGN (0x4)
 *fill*         0x0000463f        0x1 ff

.glue_7         0x00004640        0x0
 .glue_7        0x00004640        0x0 linker stubs

.glue_7t        0x00004640        0x0
 .glue_7t       0x00004640        0x0 linker stubs

.vfp11_veneer   0x00004640        0x0
 .vfp11_veneer  0x00004640        0x0 linker stubs

.v4_bx          0x00004640        0x0
 .v4_bx         0x00004640        0x0 linker stubs

.iplt           0x00004640        0x0
 .iplt          0x00004640        0x0 release/./hal/uv_hal/freertos/portable/GCC/ARM_CM3/port.o

.rel.dyn        0x00004640        0x0
 .rel.iplt      0x00004640        0x0 release/./hal/uv_hal/freertos/portable/GCC/ARM_CM3/port.o

.ARM.extab
 *(.ARM.extab* .gnu.linkonce.armextab.*)
                0x00004640                __exidx_start = .

.ARM.exidx
 *(.ARM.exidx* .gnu.linkonce.armexidx.*)
                0x00004640                __exidx_end = .
                0x00004640                _etext = .

.uninit_RESERVED
                0x100000b8        0x0
 *(.bss.$RESERVED*)
                0x100000b8                . = ALIGN (0x4)
                0x100000b8                _end_uninit_RESERVED = .

.data           0x100000b8       0x88 load address 0x00004640
 FILL mask 0xff
                0x100000b8                _data = .
 *(vtable)
 *(.ramfunc*)
 *(.data*)
 .data.uxCriticalNesting
                0x100000b8        0x4 release/./hal/uv_hal/freertos/portable/GCC/ARM_CM0/port.o
 .data.xFreeBytesRemaining
                0x100000bc        0x4 release/./hal/uv_hal/freertos/heap_2.o
 .data.can_vec  0x100000c0        0xc release/./hal/uv_hal/src/uv_stdout.o
 .data.uv_projname
                0x100000cc        0x4 release/./hal/uv_hal/src/uv_memory.o
                0x100000cc                uv_projname
 .data.uv_datetime
                0x100000d0        0x4 release/./hal/uv_hal/src/uv_memory.o
                0x100000d0                uv_datetime
 .data.SystemCoreClock
                0x100000d4        0x4 release/./CMSIS_CORE_LPC11xx/src/system_LPC11xx.o
                0x100000d4                SystemCoreClock
 .data.__ctype_ptr__
                0x100000d8        0x4 /usr/local/lpcxpresso_8.2.2_650/lpcxpresso/tools/bin/../lib/gcc/arm-none-eabi/5.4.1/../../../../arm-none-eabi/lib/armv6-m/libc_nano.a(lib_a-ctype_.o)
                0x100000d8                __ctype_ptr__
 .data.impure_data
                0x100000dc       0x60 /usr/local/lpcxpresso_8.2.2_650/lpcxpresso/tools/bin/../lib/gcc/arm-none-eabi/5.4.1/../../../../arm-none-eabi/lib/armv6-m/libc_nano.a(lib_a-impure.o)
 .data._impure_ptr
                0x1000013c        0x4 /usr/local/lpcxpresso_8.2.2_650/lpcxpresso/tools/bin/../lib/gcc/arm-none-eabi/5.4.1/../../../../arm-none-eabi/lib/armv6-m/libc_nano.a(lib_a-impure.o)
                0x1000013c                _impure_ptr
                0x10000140                . = ALIGN (0x4)
                0x10000140                _edata = .

.igot.plt       0x10000140        0x0 load address 0x000046c8
 .igot.plt      0x10000140        0x0 release/./hal/uv_hal/freertos/portable/GCC/ARM_CM3/port.o

.bss            0x10000140     0x1170 load address 0x000046c8
                0x10000140                _bss = .
 *(.bss*)
 .bss.xNumOfOverflows
                0x10000140        0x4 release/./hal/uv_hal/freertos/tasks.o
 .bss.pxDelayedTaskList
                0x10000144        0x4 release/./hal/uv_hal/freertos/tasks.o
 .bss.xSchedulerRunning
                0x10000148        0x4 release/./hal/uv_hal/freertos/tasks.o
 .bss.uxSchedulerSuspended
                0x1000014c        0x4 release/./hal/uv_hal/freertos/tasks.o
 .bss.xDelayedTaskList1
                0x10000150       0x14 release/./hal/uv_hal/freertos/tasks.o
 .bss.pxOverflowDelayedTaskList
                0x10000164        0x4 release/./hal/uv_hal/freertos/tasks.o
 .bss.uxPendedTicks
                0x10000168        0x4 release/./hal/uv_hal/freertos/tasks.o
 .bss.pxReadyTasksLists
                0x1000016c       0x64 release/./hal/uv_hal/freertos/tasks.o
 .bss.xTasksWaitingTermination
                0x100001d0       0x14 release/./hal/uv_hal/freertos/tasks.o
 .bss.uxDeletedTasksWaitingCleanUp
                0x100001e4        0x4 release/./hal/uv_hal/freertos/tasks.o
 .bss.pxCurrentTCB
                0x100001e8        0x4 release/./hal/uv_hal/freertos/tasks.o
                0x100001e8                pxCurrentTCB
 .bss.xPendingReadyList
                0x100001ec       0x14 release/./hal/uv_hal/freertos/tasks.o
 .bss.xTickCount
                0x10000200        0x4 release/./hal/uv_hal/freertos/tasks.o
 .bss.xNextTaskUnblockTime
                0x10000204        0x4 release/./hal/uv_hal/freertos/tasks.o
 .bss.uxTaskNumber
                0x10000208        0x4 release/./hal/uv_hal/freertos/tasks.o
 .bss.uxCurrentNumberOfTasks
                0x1000020c        0x4 release/./hal/uv_hal/freertos/tasks.o
 .bss.xDelayedTaskList2
                0x10000210       0x14 release/./hal/uv_hal/freertos/tasks.o
 .bss.xIdleTaskHandle
                0x10000224        0x4 release/./hal/uv_hal/freertos/tasks.o
 .bss.xSuspendedTaskList
                0x10000228       0x14 release/./hal/uv_hal/freertos/tasks.o
 .bss.uxTopReadyPriority
                0x1000023c        0x4 release/./hal/uv_hal/freertos/tasks.o
 .bss.xYieldPending
                0x10000240        0x4 release/./hal/uv_hal/freertos/tasks.o
 .bss.pxCurrentTimerList
                0x10000244        0x4 release/./hal/uv_hal/freertos/timers.o
 .bss.xActiveTimerList1
                0x10000248       0x14 release/./hal/uv_hal/freertos/timers.o
 .bss.xActiveTimerList2
                0x1000025c       0x14 release/./hal/uv_hal/freertos/timers.o
 .bss.xLastTime.5425
                0x10000270        0x4 release/./hal/uv_hal/freertos/timers.o
 .bss.xTimerQueue
                0x10000274        0x4 release/./hal/uv_hal/freertos/timers.o
 .bss.pxOverflowTimerList
                0x10000278        0x4 release/./hal/uv_hal/freertos/timers.o
 .bss.xStart    0x1000027c        0x8 release/./hal/uv_hal/freertos/heap_2.o
 .bss.ucHeap    0x10000284      0xbb8 release/./hal/uv_hal/freertos/heap_2.o
 .bss.xHeapHasBeenInitialised.5182
                0x10000e3c        0x4 release/./hal/uv_hal/freertos/heap_2.o
 .bss.xEnd      0x10000e40        0x8 release/./hal/uv_hal/freertos/heap_2.o
 .bss.rtos_init
                0x10000e48        0x1 release/./hal/uv_hal/src/uv_rtos.o
                0x10000e48                rtos_init
 *fill*         0x10000e49        0x3 
 .bss.callback  0x10000e4c        0x4 release/./hal/uv_hal/src/uv_gpio.o
 .bss._can      0x10000e50      0x190 release/./hal/uv_hal/src/uv_can.o
 .bss.uart0_rxbuffer
                0x10000fe0        0x8 release/./hal/uv_hal/src/uv_uart.o
 .bss._this     0x10000fe8       0x20 release/./hal/uv_hal/src/uv_uart.o
 .bss.can_buffer
                0x10001008        0x8 release/./hal/uv_hal/src/uv_stdout.o
 .bss.can_delay
                0x10001010        0x1 release/./hal/uv_hal/src/uv_stdout.o
 *fill*         0x10001011        0x3 
 .bss.user_ptr  0x10001014        0x4 release/./hal/uv_hal/src/uv_utilities.o
                0x10001014                user_ptr
 .bss.last_start
                0x10001018        0x4 release/./hal/uv_hal/src/uv_memory.o
 .bss.last_end  0x1000101c        0x4 release/./hal/uv_hal/src/uv_memory.o
 .bss.ledi.7271
                0x10001020        0x1 release/./src/main.o
 *(COMMON)
 *fill*         0x10001021        0x3 
 COMMON         0x10001024       0x50 release/./hal/uv_hal/freertos/queue.o
                0x10001024                xQueueRegistry
 COMMON         0x10001074       0xf0 release/./hal/uv_hal/src/uv_terminal.o
                0x10001074                _terminal
 COMMON         0x10001164        0x4 release/./hal/uv_hal/src/uv_errors.o
                0x10001164                __uv_error
 COMMON         0x10001168      0x148 release/./src/main.o
                0x10001168                keypad
                0x100012b0                . = ALIGN (0x4)
                0x100012b0                _ebss = .
                [!provide]                PROVIDE (end, .)

.noinit         0x100012b0        0x0 load address 0x000046c8
                0x100012b0                _noinit = .
 *(.noinit*)
                0x100012b0                . = ALIGN (0x4)
                0x100012b0                _end_noinit = .
                [!provide]                PROVIDE (_pvHeapStart, DEFINED (__user_heap_base)?__user_heap_base:.)
                0x10001fe0                PROVIDE (_vStackTop, DEFINED (__user_stack_top)?__user_stack_top:(__top_RamLoc8 - 0x0))
OUTPUT(keypad.axf elf32-littlearm)

.debug_info     0x00000000    0x118b9
 .debug_info    0x00000000      0x2ab release/./hal/uv_hal/freertos/portable/GCC/ARM_CM0/port.o
 .debug_info    0x000002ab     0x2481 release/./hal/uv_hal/freertos/tasks.o
 .debug_info    0x0000272c      0x2a5 release/./hal/uv_hal/freertos/list.o
 .debug_info    0x000029d1      0xfdf release/./hal/uv_hal/freertos/timers.o
 .debug_info    0x000039b0      0x34d release/./hal/uv_hal/freertos/heap_2.o
 .debug_info    0x00003cfd     0x163a release/./hal/uv_hal/freertos/queue.o
 .debug_info    0x00005337      0x7c3 release/./hal/uv_hal/src/uv_rtos.o
 .debug_info    0x00005afa      0x5d1 release/./hal/uv_hal/src/uv_gpio.o
 .debug_info    0x000060cb     0x18a9 release/./hal/uv_hal/src/uv_canopen.o
 .debug_info    0x00007974     0x1926 release/./hal/uv_hal/src/uv_can.o
 .debug_info    0x0000929a      0xb09 release/./hal/uv_hal/src/uv_adc.o
 .debug_info    0x00009da3     0x12f3 release/./hal/uv_hal/src/uv_uart.o
 .debug_info    0x0000b096      0x535 release/./hal/uv_hal/src/uv_wdt.o
 .debug_info    0x0000b5cb      0xb0f release/./hal/uv_hal/src/uv_terminal.o
 .debug_info    0x0000c0da      0x5b9 release/./hal/uv_hal/src/uv_stdout.o
 .debug_info    0x0000c693      0xfb7 release/./hal/uv_hal/src/uv_utilities.o
 .debug_info    0x0000d64a      0x59d release/./hal/uv_hal/src/printf.o
 .debug_info    0x0000dbe7      0x237 release/./hal/uv_hal/src/uv_reset.o
 .debug_info    0x0000de1e      0xb85 release/./hal/uv_hal/src/uv_memory.o
 .debug_info    0x0000e9a3       0xfa release/./hal/uv_hal/src/uv_errors.o
 .debug_info    0x0000ea9d      0x289 release/./src/axis.o
 .debug_info    0x0000ed26       0x3f release/./src/crp.o
 .debug_info    0x0000ed65      0x241 release/./src/cr_startup_lpc11xx.o
 .debug_info    0x0000efa6      0xb74 release/./src/messages.o
 .debug_info    0x0000fb1a       0xfa release/./src/buttons.o
 .debug_info    0x0000fc14     0x1844 release/./src/main.o
 .debug_info    0x00011458      0x461 release/./CMSIS_CORE_LPC11xx/src/system_LPC11xx.o

.debug_abbrev   0x00000000     0x3a65
 .debug_abbrev  0x00000000      0x1fe release/./hal/uv_hal/freertos/portable/GCC/ARM_CM0/port.o
 .debug_abbrev  0x000001fe      0x332 release/./hal/uv_hal/freertos/tasks.o
 .debug_abbrev  0x00000530       0xdf release/./hal/uv_hal/freertos/list.o
 .debug_abbrev  0x0000060f      0x2d6 release/./hal/uv_hal/freertos/timers.o
 .debug_abbrev  0x000008e5      0x1c1 release/./hal/uv_hal/freertos/heap_2.o
 .debug_abbrev  0x00000aa6      0x29f release/./hal/uv_hal/freertos/queue.o
 .debug_abbrev  0x00000d45      0x1fd release/./hal/uv_hal/src/uv_rtos.o
 .debug_abbrev  0x00000f42      0x23a release/./hal/uv_hal/src/uv_gpio.o
 .debug_abbrev  0x0000117c      0x3e3 release/./hal/uv_hal/src/uv_canopen.o
 .debug_abbrev  0x0000155f      0x439 release/./hal/uv_hal/src/uv_can.o
 .debug_abbrev  0x00001998      0x221 release/./hal/uv_hal/src/uv_adc.o
 .debug_abbrev  0x00001bb9      0x369 release/./hal/uv_hal/src/uv_uart.o
 .debug_abbrev  0x00001f22      0x131 release/./hal/uv_hal/src/uv_wdt.o
 .debug_abbrev  0x00002053      0x2b6 release/./hal/uv_hal/src/uv_terminal.o
 .debug_abbrev  0x00002309      0x2c2 release/./hal/uv_hal/src/uv_stdout.o
 .debug_abbrev  0x000025cb      0x37a release/./hal/uv_hal/src/uv_utilities.o
 .debug_abbrev  0x00002945      0x1d6 release/./hal/uv_hal/src/printf.o
 .debug_abbrev  0x00002b1b      0x159 release/./hal/uv_hal/src/uv_reset.o
 .debug_abbrev  0x00002c74      0x3ad release/./hal/uv_hal/src/uv_memory.o
 .debug_abbrev  0x00003021       0x9e release/./hal/uv_hal/src/uv_errors.o
 .debug_abbrev  0x000030bf      0x136 release/./src/axis.o
 .debug_abbrev  0x000031f5       0x36 release/./src/crp.o
 .debug_abbrev  0x0000322b      0x105 release/./src/cr_startup_lpc11xx.o
 .debug_abbrev  0x00003330      0x21e release/./src/messages.o
 .debug_abbrev  0x0000354e       0x88 release/./src/buttons.o
 .debug_abbrev  0x000035d6      0x389 release/./src/main.o
 .debug_abbrev  0x0000395f      0x106 release/./CMSIS_CORE_LPC11xx/src/system_LPC11xx.o

.debug_loc      0x00000000     0x682e
 .debug_loc     0x00000000       0xb4 release/./hal/uv_hal/freertos/portable/GCC/ARM_CM0/port.o
 .debug_loc     0x000000b4     0x15ec release/./hal/uv_hal/freertos/tasks.o
 .debug_loc     0x000016a0       0x89 release/./hal/uv_hal/freertos/list.o
 .debug_loc     0x00001729      0x73b release/./hal/uv_hal/freertos/timers.o
 .debug_loc     0x00001e64      0x208 release/./hal/uv_hal/freertos/heap_2.o
 .debug_loc     0x0000206c     0x1000 release/./hal/uv_hal/freertos/queue.o
 .debug_loc     0x0000306c      0x13a release/./hal/uv_hal/src/uv_rtos.o
 .debug_loc     0x000031a6       0xfc release/./hal/uv_hal/src/uv_gpio.o
 .debug_loc     0x000032a2      0xb6f release/./hal/uv_hal/src/uv_canopen.o
 .debug_loc     0x00003e11      0x3a3 release/./hal/uv_hal/src/uv_can.o
 .debug_loc     0x000041b4       0xfc release/./hal/uv_hal/src/uv_adc.o
 .debug_loc     0x000042b0      0x2c4 release/./hal/uv_hal/src/uv_uart.o
 .debug_loc     0x00004574       0x1f release/./hal/uv_hal/src/uv_wdt.o
 .debug_loc     0x00004593      0x4ee release/./hal/uv_hal/src/uv_terminal.o
 .debug_loc     0x00004a81      0x141 release/./hal/uv_hal/src/uv_stdout.o
 .debug_loc     0x00004bc2      0x85f release/./hal/uv_hal/src/uv_utilities.o
 .debug_loc     0x00005421      0x692 release/./hal/uv_hal/src/printf.o
 .debug_loc     0x00005ab3       0x2c release/./hal/uv_hal/src/uv_reset.o
 .debug_loc     0x00005adf      0x58b release/./hal/uv_hal/src/uv_memory.o
 .debug_loc     0x0000606a       0x29 release/./hal/uv_hal/src/uv_errors.o
 .debug_loc     0x00006093       0x8c release/./src/axis.o
 .debug_loc     0x0000611f      0x1d4 release/./src/cr_startup_lpc11xx.o
 .debug_loc     0x000062f3      0x20d release/./src/messages.o
 .debug_loc     0x00006500      0x29f release/./src/main.o
 .debug_loc     0x0000679f       0x8f release/./CMSIS_CORE_LPC11xx/src/system_LPC11xx.o

.debug_aranges  0x00000000      0xa28
 .debug_aranges
                0x00000000       0x78 release/./hal/uv_hal/freertos/portable/GCC/ARM_CM0/port.o
 .debug_aranges
                0x00000078      0x1a0 release/./hal/uv_hal/freertos/tasks.o
 .debug_aranges
                0x00000218       0x40 release/./hal/uv_hal/freertos/list.o
 .debug_aranges
                0x00000258       0x70 release/./hal/uv_hal/freertos/timers.o
 .debug_aranges
                0x000002c8       0x38 release/./hal/uv_hal/freertos/heap_2.o
 .debug_aranges
                0x00000300       0xf8 release/./hal/uv_hal/freertos/queue.o
 .debug_aranges
                0x000003f8       0x50 release/./hal/uv_hal/src/uv_rtos.o
 .debug_aranges
                0x00000448       0x48 release/./hal/uv_hal/src/uv_gpio.o
 .debug_aranges
                0x00000490       0x68 release/./hal/uv_hal/src/uv_canopen.o
 .debug_aranges
                0x000004f8       0x88 release/./hal/uv_hal/src/uv_can.o
 .debug_aranges
                0x00000580       0x30 release/./hal/uv_hal/src/uv_adc.o
 .debug_aranges
                0x000005b0       0x60 release/./hal/uv_hal/src/uv_uart.o
 .debug_aranges
                0x00000610       0x30 release/./hal/uv_hal/src/uv_wdt.o
 .debug_aranges
                0x00000640       0x60 release/./hal/uv_hal/src/uv_terminal.o
 .debug_aranges
                0x000006a0       0x38 release/./hal/uv_hal/src/uv_stdout.o
 .debug_aranges
                0x000006d8      0x100 release/./hal/uv_hal/src/uv_utilities.o
 .debug_aranges
                0x000007d8       0x50 release/./hal/uv_hal/src/printf.o
 .debug_aranges
                0x00000828       0x28 release/./hal/uv_hal/src/uv_reset.o
 .debug_aranges
                0x00000850       0x70 release/./hal/uv_hal/src/uv_memory.o
 .debug_aranges
                0x000008c0       0x20 release/./hal/uv_hal/src/uv_errors.o
 .debug_aranges
                0x000008e0       0x28 release/./src/axis.o
 .debug_aranges
                0x00000908       0x18 release/./src/crp.o
 .debug_aranges
                0x00000920       0x60 release/./src/cr_startup_lpc11xx.o
 .debug_aranges
                0x00000980       0x30 release/./src/messages.o
 .debug_aranges
                0x000009b0       0x20 release/./src/buttons.o
 .debug_aranges
                0x000009d0       0x30 release/./src/main.o
 .debug_aranges
                0x00000a00       0x28 release/./CMSIS_CORE_LPC11xx/src/system_LPC11xx.o

.debug_ranges   0x00000000      0xc88
 .debug_ranges  0x00000000       0x80 release/./hal/uv_hal/freertos/portable/GCC/ARM_CM0/port.o
 .debug_ranges  0x00000080      0x288 release/./hal/uv_hal/freertos/tasks.o
 .debug_ranges  0x00000308       0x30 release/./hal/uv_hal/freertos/list.o
 .debug_ranges  0x00000338       0x60 release/./hal/uv_hal/freertos/timers.o
 .debug_ranges  0x00000398       0x40 release/./hal/uv_hal/freertos/heap_2.o
 .debug_ranges  0x000003d8      0x108 release/./hal/uv_hal/freertos/queue.o
 .debug_ranges  0x000004e0       0x40 release/./hal/uv_hal/src/uv_rtos.o
 .debug_ranges  0x00000520       0x60 release/./hal/uv_hal/src/uv_gpio.o
 .debug_ranges  0x00000580       0xd0 release/./hal/uv_hal/src/uv_canopen.o
 .debug_ranges  0x00000650       0xc0 release/./hal/uv_hal/src/uv_can.o
 .debug_ranges  0x00000710       0x40 release/./hal/uv_hal/src/uv_adc.o
 .debug_ranges  0x00000750       0x80 release/./hal/uv_hal/src/uv_uart.o
 .debug_ranges  0x000007d0       0x20 release/./hal/uv_hal/src/uv_wdt.o
 .debug_ranges  0x000007f0       0x80 release/./hal/uv_hal/src/uv_terminal.o
 .debug_ranges  0x00000870       0x28 release/./hal/uv_hal/src/uv_stdout.o
 .debug_ranges  0x00000898      0x108 release/./hal/uv_hal/src/uv_utilities.o
 .debug_ranges  0x000009a0       0x58 release/./hal/uv_hal/src/printf.o
 .debug_ranges  0x000009f8       0x18 release/./hal/uv_hal/src/uv_reset.o
 .debug_ranges  0x00000a10       0xd8 release/./hal/uv_hal/src/uv_memory.o
 .debug_ranges  0x00000ae8       0x10 release/./hal/uv_hal/src/uv_errors.o
 .debug_ranges  0x00000af8       0x18 release/./src/axis.o
 .debug_ranges  0x00000b10       0x50 release/./src/cr_startup_lpc11xx.o
 .debug_ranges  0x00000b60       0x20 release/./src/messages.o
 .debug_ranges  0x00000b80       0x10 release/./src/buttons.o
 .debug_ranges  0x00000b90       0xe0 release/./src/main.o
 .debug_ranges  0x00000c70       0x18 release/./CMSIS_CORE_LPC11xx/src/system_LPC11xx.o

.debug_macro    0x00000000     0x6c69
 .debug_macro   0x00000000      0x168 release/./hal/uv_hal/freertos/portable/GCC/ARM_CM0/port.o
 .debug_macro   0x00000168      0x174 release/./hal/uv_hal/freertos/portable/GCC/ARM_CM0/port.o
 .debug_macro   0x000002dc       0x22 release/./hal/uv_hal/freertos/portable/GCC/ARM_CM0/port.o
 .debug_macro   0x000002fe       0x87 release/./hal/uv_hal/freertos/portable/GCC/ARM_CM0/port.o
 .debug_macro   0x00000385       0x44 release/./hal/uv_hal/freertos/portable/GCC/ARM_CM0/port.o
 .debug_macro   0x000003c9       0xfd release/./hal/uv_hal/freertos/portable/GCC/ARM_CM0/port.o
 .debug_macro   0x000004c6       0x5e release/./hal/uv_hal/freertos/portable/GCC/ARM_CM0/port.o
 .debug_macro   0x00000524      0x1df release/./hal/uv_hal/freertos/portable/GCC/ARM_CM0/port.o
 .debug_macro   0x00000703       0x1c release/./hal/uv_hal/freertos/portable/GCC/ARM_CM0/port.o
 .debug_macro   0x0000071f       0x3a release/./hal/uv_hal/freertos/portable/GCC/ARM_CM0/port.o
 .debug_macro   0x00000759       0x1f release/./hal/uv_hal/freertos/portable/GCC/ARM_CM0/port.o
 .debug_macro   0x00000778      0x242 release/./hal/uv_hal/freertos/portable/GCC/ARM_CM0/port.o
 .debug_macro   0x000009ba      0x131 release/./hal/uv_hal/freertos/portable/GCC/ARM_CM0/port.o
 .debug_macro   0x00000aeb       0xfd release/./hal/uv_hal/freertos/portable/GCC/ARM_CM0/port.o
 .debug_macro   0x00000be8      0x164 release/./hal/uv_hal/freertos/portable/GCC/ARM_CM0/port.o
 .debug_macro   0x00000d4c       0xb4 release/./hal/uv_hal/freertos/portable/GCC/ARM_CM0/port.o
 .debug_macro   0x00000e00       0x10 release/./hal/uv_hal/freertos/portable/GCC/ARM_CM0/port.o
 .debug_macro   0x00000e10       0x1f release/./hal/uv_hal/freertos/portable/GCC/ARM_CM0/port.o
 .debug_macro   0x00000e2f      0x3f4 release/./hal/uv_hal/freertos/portable/GCC/ARM_CM0/port.o
 .debug_macro   0x00001223       0xc0 release/./hal/uv_hal/freertos/portable/GCC/ARM_CM0/port.o
 .debug_macro   0x000012e3       0x9a release/./hal/uv_hal/freertos/portable/GCC/ARM_CM0/port.o
 .debug_macro   0x0000137d      0x29e release/./hal/uv_hal/freertos/tasks.o
 .debug_macro   0x0000161b       0x4c release/./hal/uv_hal/freertos/tasks.o
 .debug_macro   0x00001667       0x8d release/./hal/uv_hal/freertos/tasks.o
 .debug_macro   0x000016f4       0x35 release/./hal/uv_hal/freertos/tasks.o
 .debug_macro   0x00001729       0x9c release/./hal/uv_hal/freertos/tasks.o
 .debug_macro   0x000017c5       0x16 release/./hal/uv_hal/freertos/tasks.o
 .debug_macro   0x000017db      0x10e release/./hal/uv_hal/freertos/tasks.o
 .debug_macro   0x000018e9       0x8d release/./hal/uv_hal/freertos/tasks.o
 .debug_macro   0x00001976       0x4a release/./hal/uv_hal/freertos/tasks.o
 .debug_macro   0x000019c0       0x52 release/./hal/uv_hal/freertos/tasks.o
 .debug_macro   0x00001a12       0x1f release/./hal/uv_hal/freertos/tasks.o
 .debug_macro   0x00001a31       0x43 release/./hal/uv_hal/freertos/tasks.o
 .debug_macro   0x00001a74       0x20 release/./hal/uv_hal/freertos/tasks.o
 .debug_macro   0x00001a94      0x187 release/./hal/uv_hal/freertos/tasks.o
 .debug_macro   0x00001c1b      0x30d release/./hal/uv_hal/freertos/tasks.o
 .debug_macro   0x00001f28       0x16 release/./hal/uv_hal/freertos/tasks.o
 .debug_macro   0x00001f3e       0x29 release/./hal/uv_hal/freertos/tasks.o
 .debug_macro   0x00001f67       0x16 release/./hal/uv_hal/freertos/tasks.o
 .debug_macro   0x00001f7d       0x35 release/./hal/uv_hal/freertos/tasks.o
 .debug_macro   0x00001fb2       0x98 release/./hal/uv_hal/freertos/tasks.o
 .debug_macro   0x0000204a       0x10 release/./hal/uv_hal/freertos/tasks.o
 .debug_macro   0x0000205a      0x1c5 release/./hal/uv_hal/freertos/list.o
 .debug_macro   0x0000221f      0x202 release/./hal/uv_hal/freertos/timers.o
 .debug_macro   0x00002421       0x94 release/./hal/uv_hal/freertos/timers.o
 .debug_macro   0x000024b5      0x1f3 release/./hal/uv_hal/freertos/heap_2.o
 .debug_macro   0x000026a8      0x244 release/./hal/uv_hal/freertos/queue.o
 .debug_macro   0x000028ec      0x351 release/./hal/uv_hal/src/uv_rtos.o
 .debug_macro   0x00002c3d       0x22 release/./hal/uv_hal/src/uv_rtos.o
 .debug_macro   0x00002c5f       0x50 release/./hal/uv_hal/src/uv_rtos.o
 .debug_macro   0x00002caf       0x78 release/./hal/uv_hal/src/uv_rtos.o
 .debug_macro   0x00002d27       0x34 release/./hal/uv_hal/src/uv_rtos.o
 .debug_macro   0x00002d5b       0x52 release/./hal/uv_hal/src/uv_rtos.o
 .debug_macro   0x00002dad       0x52 release/./hal/uv_hal/src/uv_rtos.o
 .debug_macro   0x00002dff       0x16 release/./hal/uv_hal/src/uv_rtos.o
 .debug_macro   0x00002e15       0x10 release/./hal/uv_hal/src/uv_rtos.o
 .debug_macro   0x00002e25       0x10 release/./hal/uv_hal/src/uv_rtos.o
 .debug_macro   0x00002e35       0x1c release/./hal/uv_hal/src/uv_rtos.o
 .debug_macro   0x00002e51       0x52 release/./hal/uv_hal/src/uv_rtos.o
 .debug_macro   0x00002ea3       0x40 release/./hal/uv_hal/src/uv_rtos.o
 .debug_macro   0x00002ee3       0x10 release/./hal/uv_hal/src/uv_rtos.o
 .debug_macro   0x00002ef3       0x40 release/./hal/uv_hal/src/uv_rtos.o
 .debug_macro   0x00002f33       0xd7 release/./hal/uv_hal/src/uv_rtos.o
 .debug_macro   0x0000300a       0x16 release/./hal/uv_hal/src/uv_rtos.o
 .debug_macro   0x00003020      0x189 release/./hal/uv_hal/src/uv_rtos.o
 .debug_macro   0x000031a9       0x16 release/./hal/uv_hal/src/uv_rtos.o
 .debug_macro   0x000031bf      0x460 release/./hal/uv_hal/src/uv_rtos.o
 .debug_macro   0x0000361f       0x3e release/./hal/uv_hal/src/uv_rtos.o
 .debug_macro   0x0000365d      0x26c release/./hal/uv_hal/src/uv_rtos.o
 .debug_macro   0x000038c9       0x16 release/./hal/uv_hal/src/uv_rtos.o
 .debug_macro   0x000038df      0x23e release/./hal/uv_hal/src/uv_gpio.o
 .debug_macro   0x00003b1d       0x97 release/./hal/uv_hal/src/uv_gpio.o
 .debug_macro   0x00003bb4       0xfd release/./hal/uv_hal/src/uv_gpio.o
 .debug_macro   0x00003cb1      0x33b release/./hal/uv_hal/src/uv_canopen.o
 .debug_macro   0x00003fec       0x20 release/./hal/uv_hal/src/uv_canopen.o
 .debug_macro   0x0000400c      0x395 release/./hal/uv_hal/src/uv_can.o
 .debug_macro   0x000043a1      0x103 release/./hal/uv_hal/src/uv_can.o
 .debug_macro   0x000044a4       0x52 release/./hal/uv_hal/src/uv_can.o
 .debug_macro   0x000044f6       0x1c release/./hal/uv_hal/src/uv_can.o
 .debug_macro   0x00004512       0x10 release/./hal/uv_hal/src/uv_can.o
 .debug_macro   0x00004522      0x2d9 release/./hal/uv_hal/src/uv_adc.o
 .debug_macro   0x000047fb      0x31f release/./hal/uv_hal/src/uv_uart.o
 .debug_macro   0x00004b1a       0x1c release/./hal/uv_hal/src/uv_uart.o
 .debug_macro   0x00004b36       0xb0 release/./hal/uv_hal/src/uv_wdt.o
 .debug_macro   0x00004be6      0x36b release/./hal/uv_hal/src/uv_terminal.o
 .debug_macro   0x00004f51       0x58 release/./hal/uv_hal/src/uv_terminal.o
 .debug_macro   0x00004fa9      0x312 release/./hal/uv_hal/src/uv_stdout.o
 .debug_macro   0x000052bb      0x27d release/./hal/uv_hal/src/uv_utilities.o
 .debug_macro   0x00005538       0x4c release/./hal/uv_hal/src/uv_utilities.o
 .debug_macro   0x00005584      0x16a release/./hal/uv_hal/src/printf.o
 .debug_macro   0x000056ee       0xac release/./hal/uv_hal/src/printf.o
 .debug_macro   0x0000579a       0xc3 release/./hal/uv_hal/src/uv_reset.o
 .debug_macro   0x0000585d      0x35a release/./hal/uv_hal/src/uv_memory.o
 .debug_macro   0x00005bb7       0x10 release/./hal/uv_hal/src/uv_memory.o
 .debug_macro   0x00005bc7      0x190 release/./hal/uv_hal/src/uv_errors.o
 .debug_macro   0x00005d57       0x4a release/./hal/uv_hal/src/uv_errors.o
 .debug_macro   0x00005da1      0x257 release/./src/axis.o
 .debug_macro   0x00005ff8       0x1c release/./src/axis.o
 .debug_macro   0x00006014       0x1a release/./src/crp.o
 .debug_macro   0x0000602e       0x34 release/./src/crp.o
 .debug_macro   0x00006062       0x1d release/./src/cr_startup_lpc11xx.o
 .debug_macro   0x0000607f      0x30d release/./src/messages.o
 .debug_macro   0x0000638c      0x282 release/./src/buttons.o
 .debug_macro   0x0000660e      0x3e0 release/./src/main.o
 .debug_macro   0x000069ee       0x82 release/./src/main.o
 .debug_macro   0x00006a70       0x76 release/./src/main.o
 .debug_macro   0x00006ae6       0x22 release/./src/main.o
 .debug_macro   0x00006b08      0x161 release/./CMSIS_CORE_LPC11xx/src/system_LPC11xx.o

.debug_line     0x00000000     0x8d5f
 .debug_line    0x00000000      0x46a release/./hal/uv_hal/freertos/portable/GCC/ARM_CM0/port.o
 .debug_line    0x0000046a      0xd0b release/./hal/uv_hal/freertos/tasks.o
 .debug_line    0x00001175      0x472 release/./hal/uv_hal/freertos/list.o
 .debug_line    0x000015e7      0x5aa release/./hal/uv_hal/freertos/timers.o
 .debug_line    0x00001b91      0x490 release/./hal/uv_hal/freertos/heap_2.o
 .debug_line    0x00002021      0x834 release/./hal/uv_hal/freertos/queue.o
 .debug_line    0x00002855      0x61b release/./hal/uv_hal/src/uv_rtos.o
 .debug_line    0x00002e70      0x48c release/./hal/uv_hal/src/uv_gpio.o
 .debug_line    0x000032fc      0x6ad release/./hal/uv_hal/src/uv_canopen.o
 .debug_line    0x000039a9      0x735 release/./hal/uv_hal/src/uv_can.o
 .debug_line    0x000040de      0x54a release/./hal/uv_hal/src/uv_adc.o
 .debug_line    0x00004628      0x69c release/./hal/uv_hal/src/uv_uart.o
 .debug_line    0x00004cc4      0x2fe release/./hal/uv_hal/src/uv_wdt.o
 .debug_line    0x00004fc2      0x6ef release/./hal/uv_hal/src/uv_terminal.o
 .debug_line    0x000056b1      0x5b1 release/./hal/uv_hal/src/uv_stdout.o
 .debug_line    0x00005c62      0x71d release/./hal/uv_hal/src/uv_utilities.o
 .debug_line    0x0000637f      0x45b release/./hal/uv_hal/src/printf.o
 .debug_line    0x000067da      0x2cf release/./hal/uv_hal/src/uv_reset.o
 .debug_line    0x00006aa9      0x76f release/./hal/uv_hal/src/uv_memory.o
 .debug_line    0x00007218      0x309 release/./hal/uv_hal/src/uv_errors.o
 .debug_line    0x00007521      0x448 release/./src/axis.o
 .debug_line    0x00007969       0x7e release/./src/crp.o
 .debug_line    0x000079e7       0x86 release/./src/cr_startup_lpc11xx.o
 .debug_line    0x00007a6d      0x4d5 release/./src/messages.o
 .debug_line    0x00007f42      0x41e release/./src/buttons.o
 .debug_line    0x00008360      0x732 release/./src/main.o
 .debug_line    0x00008a92      0x2cd release/./CMSIS_CORE_LPC11xx/src/system_LPC11xx.o

.debug_str      0x00000000    0x18809
 .debug_str     0x00000000     0x958c release/./hal/uv_hal/freertos/portable/GCC/ARM_CM0/port.o
                               0x97cb (size before relaxing)
 .debug_str     0x0000958c     0x4533 release/./hal/uv_hal/freertos/tasks.o
                               0xdacf (size before relaxing)
 .debug_str     0x0000dabf       0x5c release/./hal/uv_hal/freertos/list.o
                               0xb530 (size before relaxing)
 .debug_str     0x0000db1b      0xcdd release/./hal/uv_hal/freertos/timers.o
                               0xd415 (size before relaxing)
 .debug_str     0x0000e7f8      0x32c release/./hal/uv_hal/freertos/heap_2.o
                               0xbf42 (size before relaxing)
 .debug_str     0x0000eb24      0x769 release/./hal/uv_hal/freertos/queue.o
                               0xcf39 (size before relaxing)
 .debug_str     0x0000f28d     0x4942 release/./hal/uv_hal/src/uv_rtos.o
                              0x10c47 (size before relaxing)
 .debug_str     0x00013bcf      0x30f release/./hal/uv_hal/src/uv_gpio.o
                               0xc03d (size before relaxing)
 .debug_str     0x00013ede     0x16e3 release/./hal/uv_hal/src/uv_canopen.o
                               0xdb24 (size before relaxing)
 .debug_str     0x000155c1      0xa0c release/./hal/uv_hal/src/uv_can.o
                              0x118c2 (size before relaxing)
 .debug_str     0x00015fcd      0x51b release/./hal/uv_hal/src/uv_adc.o
                               0xed1b (size before relaxing)
 .debug_str     0x000164e8      0x103 release/./hal/uv_hal/src/uv_uart.o
                              0x112ce (size before relaxing)
 .debug_str     0x000165eb       0x72 release/./hal/uv_hal/src/uv_wdt.o
                               0x5eb4 (size before relaxing)
 .debug_str     0x0001665d      0x1e7 release/./hal/uv_hal/src/uv_terminal.o
                              0x10f1f (size before relaxing)
 .debug_str     0x00016844       0xbd release/./hal/uv_hal/src/uv_stdout.o
                              0x10763 (size before relaxing)
 .debug_str     0x00016901      0x360 release/./hal/uv_hal/src/uv_utilities.o
                               0xcbf5 (size before relaxing)
 .debug_str     0x00016c61      0x512 release/./hal/uv_hal/src/printf.o
                               0x7860 (size before relaxing)
 .debug_str     0x00017173       0xd8 release/./hal/uv_hal/src/uv_reset.o
                               0x5d48 (size before relaxing)
 .debug_str     0x0001724b      0x43a release/./hal/uv_hal/src/uv_memory.o
                              0x10ea8 (size before relaxing)
 .debug_str     0x00017685       0x1b release/./hal/uv_hal/src/uv_errors.o
                               0x7918 (size before relaxing)
 .debug_str     0x000176a0      0x12a release/./src/axis.o
                               0xbec0 (size before relaxing)
 .debug_str     0x000177ca       0xe6 release/./src/crp.o
                               0x2482 (size before relaxing)
 .debug_str     0x000178b0      0x12a release/./src/cr_startup_lpc11xx.o
                               0x2530 (size before relaxing)
 .debug_str     0x000179da      0x3a2 release/./src/messages.o
                               0xc9cf (size before relaxing)
 .debug_str     0x00017d7c       0x25 release/./src/buttons.o
                               0xbf09 (size before relaxing)
 .debug_str     0x00017da1      0x6f2 release/./src/main.o
                              0x11b34 (size before relaxing)
 .debug_str     0x00018493      0x376 release/./CMSIS_CORE_LPC11xx/src/system_LPC11xx.o
                               0x4ea6 (size before relaxing)

.comment        0x00000000       0x6e
 .comment       0x00000000       0x6e release/./hal/uv_hal/freertos/portable/GCC/ARM_CM0/port.o
                                 0x6f (size before relaxing)
 .comment       0x0000006e       0x6f release/./hal/uv_hal/freertos/tasks.o
 .comment       0x0000006e       0x6f release/./hal/uv_hal/freertos/list.o
 .comment       0x0000006e       0x6f release/./hal/uv_hal/freertos/timers.o
 .comment       0x0000006e       0x6f release/./hal/uv_hal/freertos/heap_2.o
 .comment       0x0000006e       0x6f release/./hal/uv_hal/freertos/queue.o
 .comment       0x0000006e       0x6f release/./hal/uv_hal/src/uv_rtos.o
 .comment       0x0000006e       0x6f release/./hal/uv_hal/src/uv_gpio.o
 .comment       0x0000006e       0x6f release/./hal/uv_hal/src/uv_canopen.o
 .comment       0x0000006e       0x6f release/./hal/uv_hal/src/uv_can.o
 .comment       0x0000006e       0x6f release/./hal/uv_hal/src/uv_adc.o
 .comment       0x0000006e       0x6f release/./hal/uv_hal/src/uv_uart.o
 .comment       0x0000006e       0x6f release/./hal/uv_hal/src/uv_wdt.o
 .comment       0x0000006e       0x6f release/./hal/uv_hal/src/uv_terminal.o
 .comment       0x0000006e       0x6f release/./hal/uv_hal/src/uv_stdout.o
 .comment       0x0000006e       0x6f release/./hal/uv_hal/src/uv_utilities.o
 .comment       0x0000006e       0x6f release/./hal/uv_hal/src/printf.o
 .comment       0x0000006e       0x6f release/./hal/uv_hal/src/uv_reset.o
 .comment       0x0000006e       0x6f release/./hal/uv_hal/src/uv_memory.o
 .comment       0x0000006e       0x6f release/./hal/uv_hal/src/uv_errors.o
 .comment       0x0000006e       0x6f release/./src/axis.o
 .comment       0x0000006e       0x6f release/./src/crp.o
 .comment       0x0000006e       0x6f release/./src/cr_startup_lpc11xx.o
 .comment       0x0000006e       0x6f release/./src/messages.o
 .comment       0x0000006e       0x6f release/./src/buttons.o
 .comment       0x0000006e       0x6f release/./src/main.o
 .comment       0x0000006e       0x6f release/./CMSIS_CORE_LPC11xx/src/system_LPC11xx.o

.ARM.attributes
                0x00000000       0x2f
 .ARM.attributes
                0x00000000       0x31 release/./hal/uv_hal/freertos/portable/GCC/ARM_CM0/port.o
 .ARM.attributes
                0x00000031       0x31 release/./hal/uv_hal/freertos/tasks.o
 .ARM.attributes
                0x00000062       0x31 release/./hal/uv_hal/freertos/list.o
 .ARM.attributes
                0x00000093       0x31 release/./hal/uv_hal/freertos/timers.o
 .ARM.attributes
                0x000000c4       0x31 release/./hal/uv_hal/freertos/heap_2.o
 .ARM.attributes
                0x000000f5       0x31 release/./hal/uv_hal/freertos/queue.o
 .ARM.attributes
                0x00000126       0x31 release/./hal/uv_hal/src/uv_rtos.o
 .ARM.attributes
                0x00000157       0x31 release/./hal/uv_hal/src/uv_gpio.o
 .ARM.attributes
                0x00000188       0x31 release/./hal/uv_hal/src/uv_canopen.o
 .ARM.attributes
                0x000001b9       0x31 release/./hal/uv_hal/src/uv_can.o
 .ARM.attributes
                0x000001ea       0x31 release/./hal/uv_hal/src/uv_adc.o
 .ARM.attributes
                0x0000021b       0x31 release/./hal/uv_hal/src/uv_uart.o
 .ARM.attributes
                0x0000024c       0x31 release/./hal/uv_hal/src/uv_wdt.o
 .ARM.attributes
                0x0000027d       0x31 release/./hal/uv_hal/src/uv_terminal.o
 .ARM.attributes
                0x000002ae       0x31 release/./hal/uv_hal/src/uv_stdout.o
 .ARM.attributes
                0x000002df       0x31 release/./hal/uv_hal/src/uv_utilities.o
 .ARM.attributes
                0x00000310       0x31 release/./hal/uv_hal/src/printf.o
 .ARM.attributes
                0x00000341       0x31 release/./hal/uv_hal/src/uv_reset.o
 .ARM.attributes
                0x00000372       0x31 release/./hal/uv_hal/src/uv_memory.o
 .ARM.attributes
                0x000003a3       0x31 release/./hal/uv_hal/src/uv_errors.o
 .ARM.attributes
                0x000003d4       0x31 release/./src/axis.o
 .ARM.attributes
                0x00000405       0x31 release/./src/crp.o
 .ARM.attributes
                0x00000436       0x31 release/./src/cr_startup_lpc11xx.o
 .ARM.attributes
                0x00000467       0x31 release/./src/messages.o
 .ARM.attributes
                0x00000498       0x31 release/./src/buttons.o
 .ARM.attributes
                0x000004c9       0x31 release/./src/main.o
 .ARM.attributes
                0x000004fa       0x31 release/./CMSIS_CORE_LPC11xx/src/system_LPC11xx.o
 .ARM.attributes
                0x0000052b       0x1e /usr/local/lpcxpresso_8.2.2_650/lpcxpresso/tools/bin/../lib/gcc/arm-none-eabi/5.4.1/armv6-m/libgcc.a(_thumb1_case_uqi.o)
 .ARM.attributes
                0x00000549       0x1e /usr/local/lpcxpresso_8.2.2_650/lpcxpresso/tools/bin/../lib/gcc/arm-none-eabi/5.4.1/armv6-m/libgcc.a(_udivsi3.o)
 .ARM.attributes
                0x00000567       0x1e /usr/local/lpcxpresso_8.2.2_650/lpcxpresso/tools/bin/../lib/gcc/arm-none-eabi/5.4.1/armv6-m/libgcc.a(_divsi3.o)
 .ARM.attributes
                0x00000585       0x1e /usr/local/lpcxpresso_8.2.2_650/lpcxpresso/tools/bin/../lib/gcc/arm-none-eabi/5.4.1/armv6-m/libgcc.a(_dvmd_tls.o)
 .ARM.attributes
                0x000005a3       0x1e /usr/local/lpcxpresso_8.2.2_650/lpcxpresso/tools/bin/../lib/gcc/arm-none-eabi/5.4.1/armv6-m/libgcc.a(_arm_cmpsf2.o)
 .ARM.attributes
                0x000005c1       0x2c /usr/local/lpcxpresso_8.2.2_650/lpcxpresso/tools/bin/../lib/gcc/arm-none-eabi/5.4.1/armv6-m/libgcc.a(eqsf2.o)
 .ARM.attributes
                0x000005ed       0x2c /usr/local/lpcxpresso_8.2.2_650/lpcxpresso/tools/bin/../lib/gcc/arm-none-eabi/5.4.1/armv6-m/libgcc.a(gesf2.o)
 .ARM.attributes
                0x00000619       0x2c /usr/local/lpcxpresso_8.2.2_650/lpcxpresso/tools/bin/../lib/gcc/arm-none-eabi/5.4.1/armv6-m/libgcc.a(lesf2.o)
 .ARM.attributes
                0x00000645       0x2c /usr/local/lpcxpresso_8.2.2_650/lpcxpresso/tools/bin/../lib/gcc/arm-none-eabi/5.4.1/armv6-m/libgcc.a(floatsisf.o)
 .ARM.attributes
                0x00000671       0x1e /usr/local/lpcxpresso_8.2.2_650/lpcxpresso/tools/bin/../lib/gcc/arm-none-eabi/5.4.1/armv6-m/libgcc.a(_clzsi2.o)
 .ARM.attributes
                0x0000068f       0x2c /usr/local/lpcxpresso_8.2.2_650/lpcxpresso/tools/bin/../lib/gcc/arm-none-eabi/5.4.1/../../../../arm-none-eabi/lib/armv6-m/libc_nano.a(lib_a-ctype_.o)
 .ARM.attributes
                0x000006bb       0x2c /usr/local/lpcxpresso_8.2.2_650/lpcxpresso/tools/bin/../lib/gcc/arm-none-eabi/5.4.1/../../../../arm-none-eabi/lib/armv6-m/libc_nano.a(lib_a-memcpy-stub.o)
 .ARM.attributes
                0x000006e7       0x2c /usr/local/lpcxpresso_8.2.2_650/lpcxpresso/tools/bin/../lib/gcc/arm-none-eabi/5.4.1/../../../../arm-none-eabi/lib/armv6-m/libc_nano.a(lib_a-memset.o)
 .ARM.attributes
                0x00000713       0x1c /usr/local/lpcxpresso_8.2.2_650/lpcxpresso/tools/bin/../lib/gcc/arm-none-eabi/5.4.1/../../../../arm-none-eabi/lib/armv6-m/libc_nano.a(lib_a-strcmp.o)
 .ARM.attributes
                0x0000072f       0x2c /usr/local/lpcxpresso_8.2.2_650/lpcxpresso/tools/bin/../lib/gcc/arm-none-eabi/5.4.1/../../../../arm-none-eabi/lib/armv6-m/libc_nano.a(lib_a-strtol.o)
 .ARM.attributes
                0x0000075b       0x2c /usr/local/lpcxpresso_8.2.2_650/lpcxpresso/tools/bin/../lib/gcc/arm-none-eabi/5.4.1/../../../../arm-none-eabi/lib/armv6-m/libc_nano.a(lib_a-impure.o)

.debug_frame    0x00000000     0x1b24
 .debug_frame   0x00000000       0xf8 release/./hal/uv_hal/freertos/portable/GCC/ARM_CM0/port.o
 .debug_frame   0x000000f8      0x50c release/./hal/uv_hal/freertos/tasks.o
 .debug_frame   0x00000604       0x6c release/./hal/uv_hal/freertos/list.o
 .debug_frame   0x00000670      0x154 release/./hal/uv_hal/freertos/timers.o
 .debug_frame   0x000007c4       0x64 release/./hal/uv_hal/freertos/heap_2.o
 .debug_frame   0x00000828      0x2e8 release/./hal/uv_hal/freertos/queue.o
 .debug_frame   0x00000b10       0xc0 release/./hal/uv_hal/src/uv_rtos.o
 .debug_frame   0x00000bd0       0xa4 release/./hal/uv_hal/src/uv_gpio.o
 .debug_frame   0x00000c74      0x140 release/./hal/uv_hal/src/uv_canopen.o
 .debug_frame   0x00000db4      0x164 release/./hal/uv_hal/src/uv_can.o
 .debug_frame   0x00000f18       0x68 release/./hal/uv_hal/src/uv_adc.o
 .debug_frame   0x00000f80      0x108 release/./hal/uv_hal/src/uv_uart.o
 .debug_frame   0x00001088       0x48 release/./hal/uv_hal/src/uv_wdt.o
 .debug_frame   0x000010d0       0xec release/./hal/uv_hal/src/uv_terminal.o
 .debug_frame   0x000011bc       0x80 release/./hal/uv_hal/src/uv_stdout.o
 .debug_frame   0x0000123c      0x2b4 release/./hal/uv_hal/src/uv_utilities.o
 .debug_frame   0x000014f0       0xf0 release/./hal/uv_hal/src/printf.o
 .debug_frame   0x000015e0       0x38 release/./hal/uv_hal/src/uv_reset.o
 .debug_frame   0x00001618      0x124 release/./hal/uv_hal/src/uv_memory.o
 .debug_frame   0x0000173c       0x28 release/./hal/uv_hal/src/uv_errors.o
 .debug_frame   0x00001764       0x4c release/./src/axis.o
 .debug_frame   0x000017b0       0xb0 release/./src/cr_startup_lpc11xx.o
 .debug_frame   0x00001860       0x48 release/./src/messages.o
 .debug_frame   0x000018a8       0x20 release/./src/buttons.o
 .debug_frame   0x000018c8       0x70 release/./src/main.o
 .debug_frame   0x00001938       0x44 release/./CMSIS_CORE_LPC11xx/src/system_LPC11xx.o
 .debug_frame   0x0000197c       0x20 /usr/local/lpcxpresso_8.2.2_650/lpcxpresso/tools/bin/../lib/gcc/arm-none-eabi/5.4.1/armv6-m/libgcc.a(_udivsi3.o)
 .debug_frame   0x0000199c       0x20 /usr/local/lpcxpresso_8.2.2_650/lpcxpresso/tools/bin/../lib/gcc/arm-none-eabi/5.4.1/armv6-m/libgcc.a(_divsi3.o)
 .debug_frame   0x000019bc       0x2c /usr/local/lpcxpresso_8.2.2_650/lpcxpresso/tools/bin/../lib/gcc/arm-none-eabi/5.4.1/armv6-m/libgcc.a(eqsf2.o)
 .debug_frame   0x000019e8       0x30 /usr/local/lpcxpresso_8.2.2_650/lpcxpresso/tools/bin/../lib/gcc/arm-none-eabi/5.4.1/armv6-m/libgcc.a(gesf2.o)
 .debug_frame   0x00001a18       0x30 /usr/local/lpcxpresso_8.2.2_650/lpcxpresso/tools/bin/../lib/gcc/arm-none-eabi/5.4.1/armv6-m/libgcc.a(lesf2.o)
 .debug_frame   0x00001a48       0x2c /usr/local/lpcxpresso_8.2.2_650/lpcxpresso/tools/bin/../lib/gcc/arm-none-eabi/5.4.1/armv6-m/libgcc.a(floatsisf.o)
 .debug_frame   0x00001a74       0x28 /usr/local/lpcxpresso_8.2.2_650/lpcxpresso/tools/bin/../lib/gcc/arm-none-eabi/5.4.1/../../../../arm-none-eabi/lib/armv6-m/libc_nano.a(lib_a-memcpy-stub.o)
 .debug_frame   0x00001a9c       0x20 /usr/local/lpcxpresso_8.2.2_650/lpcxpresso/tools/bin/../lib/gcc/arm-none-eabi/5.4.1/../../../../arm-none-eabi/lib/armv6-m/libc_nano.a(lib_a-memset.o)
 .debug_frame   0x00001abc       0x20 /usr/local/lpcxpresso_8.2.2_650/lpcxpresso/tools/bin/../lib/gcc/arm-none-eabi/5.4.1/../../../../arm-none-eabi/lib/armv6-m/libc_nano.a(lib_a-strcmp.o)
 .debug_frame   0x00001adc       0x48 /usr/local/lpcxpresso_8.2.2_650/lpcxpresso/tools/bin/../lib/gcc/arm-none-eabi/5.4.1/../../../../arm-none-eabi/lib/armv6-m/libc_nano.a(lib_a-strtol.o)

Cross Reference Table

Symbol                                            File
ADC_IRQHandler                                    release/./src/cr_startup_lpc11xx.o
BOD_IRQHandler                                    release/./src/cr_startup_lpc11xx.o
BusFault_Handler                                  release/./hal/uv_hal/src/uv_utilities.o
CAN_IRQHandler                                    release/./hal/uv_hal/src/uv_can.o
CAN_error                                         release/./hal/uv_hal/src/uv_can.o
CAN_rx                                            release/./hal/uv_hal/src/uv_can.o
CAN_tx                                            release/./hal/uv_hal/src/uv_can.o
CRP_WORD                                          release/./src/crp.o
HardFault_Handler                                 release/./hal/uv_hal/src/uv_utilities.o
I2C_IRQHandler                                    release/./src/cr_startup_lpc11xx.o
IntDefaultHandler                                 release/./hal/uv_hal/src/uv_utilities.o
MemManage_Handler                                 release/./hal/uv_hal/src/uv_utilities.o
NMI_Handler                                       release/./hal/uv_hal/src/uv_utilities.o
PIOINT0_IRQHandler                                release/./hal/uv_hal/src/uv_gpio.o
PIOINT1_IRQHandler                                release/./hal/uv_hal/src/uv_gpio.o
PIOINT2_IRQHandler                                release/./hal/uv_hal/src/uv_gpio.o
PIOINT3_IRQHandler                                release/./hal/uv_hal/src/uv_gpio.o
PendSV_Handler                                    release/./hal/uv_hal/freertos/portable/GCC/ARM_CM0/port.o
ResetISR                                          release/./src/cr_startup_lpc11xx.o
SSP0_IRQHandler                                   release/./src/cr_startup_lpc11xx.o
SSP1_IRQHandler                                   release/./src/cr_startup_lpc11xx.o
SVC_Handler                                       release/./hal/uv_hal/freertos/portable/GCC/ARM_CM0/port.o
SysTick_Handler                                   release/./hal/uv_hal/freertos/portable/GCC/ARM_CM0/port.o
SystemCoreClock                                   release/./CMSIS_CORE_LPC11xx/src/system_LPC11xx.o
                                                  release/./hal/uv_hal/src/uv_memory.o
                                                  release/./hal/uv_hal/src/uv_utilities.o
                                                  release/./hal/uv_hal/src/uv_timer.o
                                                  release/./hal/uv_hal/src/uv_wdt.o
                                                  release/./hal/uv_hal/src/uv_uart.o
                                                  release/./hal/uv_hal/src/uv_adc.o
                                                  release/./hal/uv_hal/src/uv_can.o
                                                  release/./hal/uv_hal/freertos/portable/GCC/ARM_CM0/port.o
SystemCoreClockUpdate                             release/./CMSIS_CORE_LPC11xx/src/system_LPC11xx.o
                                                  release/./hal/uv_hal/src/uv_memory.o
                                                  release/./hal/uv_hal/src/uv_timer.o
                                                  release/./hal/uv_hal/src/uv_wdt.o
                                                  release/./hal/uv_hal/src/uv_uart.o
                                                  release/./hal/uv_hal/src/uv_adc.o
                                                  release/./hal/uv_hal/src/uv_can.o
SystemInit                                        release/./CMSIS_CORE_LPC11xx/src/system_LPC11xx.o
                                                  release/./src/cr_startup_lpc11xx.o
TIMER16_0_IRQHandler                              release/./src/cr_startup_lpc11xx.o
TIMER16_1_IRQHandler                              release/./src/cr_startup_lpc11xx.o
TIMER32_0_IRQHandler                              release/./src/cr_startup_lpc11xx.o
TIMER32_1_IRQHandler                              release/./src/cr_startup_lpc11xx.o
UART_IRQHandler                                   release/./hal/uv_hal/src/uv_uart.o
UsageFault_Handler                                release/./hal/uv_hal/src/uv_utilities.o
WAKEUP_IRQHandler                                 release/./src/cr_startup_lpc11xx.o
WDT_IRQHandler                                    release/./src/cr_startup_lpc11xx.o
__aeabi_cdcmpeq                                   /usr/local/lpcxpresso_8.2.2_650/lpcxpresso/tools/bin/../lib/gcc/arm-none-eabi/5.4.1/armv6-m/libgcc.a(_arm_cmpdf2.o)
__aeabi_cdcmple                                   /usr/local/lpcxpresso_8.2.2_650/lpcxpresso/tools/bin/../lib/gcc/arm-none-eabi/5.4.1/armv6-m/libgcc.a(_arm_cmpdf2.o)
__aeabi_cdrcmple                                  /usr/local/lpcxpresso_8.2.2_650/lpcxpresso/tools/bin/../lib/gcc/arm-none-eabi/5.4.1/armv6-m/libgcc.a(_arm_cmpdf2.o)
__aeabi_cfcmpeq                                   /usr/local/lpcxpresso_8.2.2_650/lpcxpresso/tools/bin/../lib/gcc/arm-none-eabi/5.4.1/armv6-m/libgcc.a(_arm_cmpsf2.o)
__aeabi_cfcmple                                   /usr/local/lpcxpresso_8.2.2_650/lpcxpresso/tools/bin/../lib/gcc/arm-none-eabi/5.4.1/armv6-m/libgcc.a(_arm_cmpsf2.o)
__aeabi_cfrcmple                                  /usr/local/lpcxpresso_8.2.2_650/lpcxpresso/tools/bin/../lib/gcc/arm-none-eabi/5.4.1/armv6-m/libgcc.a(_arm_cmpsf2.o)
__aeabi_d2iz                                      /usr/local/lpcxpresso_8.2.2_650/lpcxpresso/tools/bin/../lib/gcc/arm-none-eabi/5.4.1/armv6-m/libgcc.a(fixdfsi.o)
                                                  /usr/local/lpcxpresso_8.2.2_650/lpcxpresso/tools/bin/../lib/gcc/arm-none-eabi/5.4.1/armv6-m/libgcc.a(_fixunsdfsi.o)
__aeabi_d2uiz                                     /usr/local/lpcxpresso_8.2.2_650/lpcxpresso/tools/bin/../lib/gcc/arm-none-eabi/5.4.1/armv6-m/libgcc.a(_fixunsdfsi.o)
                                                  /usr/local/lpcxpresso_8.2.2_650/lpcxpresso/tools/bin/../lib/gcc/arm-none-eabi/5.4.1/armv6-m/libgcc.a(_fixunssfdi.o)
__aeabi_dcmpeq                                    /usr/local/lpcxpresso_8.2.2_650/lpcxpresso/tools/bin/../lib/gcc/arm-none-eabi/5.4.1/armv6-m/libgcc.a(_arm_cmpdf2.o)
__aeabi_dcmpge                                    /usr/local/lpcxpresso_8.2.2_650/lpcxpresso/tools/bin/../lib/gcc/arm-none-eabi/5.4.1/armv6-m/libgcc.a(_arm_cmpdf2.o)
                                                  /usr/local/lpcxpresso_8.2.2_650/lpcxpresso/tools/bin/../lib/gcc/arm-none-eabi/5.4.1/armv6-m/libgcc.a(_fixunsdfsi.o)
__aeabi_dcmpgt                                    /usr/local/lpcxpresso_8.2.2_650/lpcxpresso/tools/bin/../lib/gcc/arm-none-eabi/5.4.1/armv6-m/libgcc.a(_arm_cmpdf2.o)
__aeabi_dcmple                                    /usr/local/lpcxpresso_8.2.2_650/lpcxpresso/tools/bin/../lib/gcc/arm-none-eabi/5.4.1/armv6-m/libgcc.a(_arm_cmpdf2.o)
__aeabi_dcmplt                                    /usr/local/lpcxpresso_8.2.2_650/lpcxpresso/tools/bin/../lib/gcc/arm-none-eabi/5.4.1/armv6-m/libgcc.a(_arm_cmpdf2.o)
__aeabi_dmul                                      /usr/local/lpcxpresso_8.2.2_650/lpcxpresso/tools/bin/../lib/gcc/arm-none-eabi/5.4.1/armv6-m/libgcc.a(muldf3.o)
                                                  /usr/local/lpcxpresso_8.2.2_650/lpcxpresso/tools/bin/../lib/gcc/arm-none-eabi/5.4.1/armv6-m/libgcc.a(_fixunssfdi.o)
__aeabi_dsub                                      /usr/local/lpcxpresso_8.2.2_650/lpcxpresso/tools/bin/../lib/gcc/arm-none-eabi/5.4.1/armv6-m/libgcc.a(subdf3.o)
                                                  /usr/local/lpcxpresso_8.2.2_650/lpcxpresso/tools/bin/../lib/gcc/arm-none-eabi/5.4.1/armv6-m/libgcc.a(_fixunsdfsi.o)
                                                  /usr/local/lpcxpresso_8.2.2_650/lpcxpresso/tools/bin/../lib/gcc/arm-none-eabi/5.4.1/armv6-m/libgcc.a(_fixunssfdi.o)
__aeabi_f2d                                       /usr/local/lpcxpresso_8.2.2_650/lpcxpresso/tools/bin/../lib/gcc/arm-none-eabi/5.4.1/armv6-m/libgcc.a(extendsfdf2.o)
                                                  /usr/local/lpcxpresso_8.2.2_650/lpcxpresso/tools/bin/../lib/gcc/arm-none-eabi/5.4.1/armv6-m/libgcc.a(_fixunssfdi.o)
__aeabi_f2iz                                      /usr/local/lpcxpresso_8.2.2_650/lpcxpresso/tools/bin/../lib/gcc/arm-none-eabi/5.4.1/armv6-m/libgcc.a(fixsfsi.o)
                                                  /usr/local/lpcxpresso_8.2.2_650/lpcxpresso/tools/bin/../lib/gcc/arm-none-eabi/5.4.1/armv6-m/libgcc.a(_fixunssfsi.o)
__aeabi_f2uiz                                     /usr/local/lpcxpresso_8.2.2_650/lpcxpresso/tools/bin/../lib/gcc/arm-none-eabi/5.4.1/armv6-m/libgcc.a(_fixunssfsi.o)
                                                  release/./hal/uv_hal/src/uv_timer.o
__aeabi_f2ulz                                     /usr/local/lpcxpresso_8.2.2_650/lpcxpresso/tools/bin/../lib/gcc/arm-none-eabi/5.4.1/armv6-m/libgcc.a(_fixunssfdi.o)
                                                  release/./hal/uv_hal/src/uv_timer.o
__aeabi_fadd                                      /usr/local/lpcxpresso_8.2.2_650/lpcxpresso/tools/bin/../lib/gcc/arm-none-eabi/5.4.1/armv6-m/libgcc.a(addsf3.o)
                                                  release/./hal/uv_hal/src/uv_utilities.o
__aeabi_fcmpeq                                    /usr/local/lpcxpresso_8.2.2_650/lpcxpresso/tools/bin/../lib/gcc/arm-none-eabi/5.4.1/armv6-m/libgcc.a(_arm_cmpsf2.o)
                                                  release/./hal/uv_hal/src/uv_utilities.o
__aeabi_fcmpge                                    /usr/local/lpcxpresso_8.2.2_650/lpcxpresso/tools/bin/../lib/gcc/arm-none-eabi/5.4.1/armv6-m/libgcc.a(_arm_cmpsf2.o)
                                                  /usr/local/lpcxpresso_8.2.2_650/lpcxpresso/tools/bin/../lib/gcc/arm-none-eabi/5.4.1/armv6-m/libgcc.a(_fixunssfsi.o)
__aeabi_fcmpgt                                    /usr/local/lpcxpresso_8.2.2_650/lpcxpresso/tools/bin/../lib/gcc/arm-none-eabi/5.4.1/armv6-m/libgcc.a(_arm_cmpsf2.o)
                                                  release/./src/axis.o
__aeabi_fcmple                                    /usr/local/lpcxpresso_8.2.2_650/lpcxpresso/tools/bin/../lib/gcc/arm-none-eabi/5.4.1/armv6-m/libgcc.a(_arm_cmpsf2.o)
__aeabi_fcmplt                                    /usr/local/lpcxpresso_8.2.2_650/lpcxpresso/tools/bin/../lib/gcc/arm-none-eabi/5.4.1/armv6-m/libgcc.a(_arm_cmpsf2.o)
                                                  release/./src/axis.o
__aeabi_fdiv                                      /usr/local/lpcxpresso_8.2.2_650/lpcxpresso/tools/bin/../lib/gcc/arm-none-eabi/5.4.1/armv6-m/libgcc.a(divsf3.o)
                                                  release/./hal/uv_hal/src/uv_utilities.o
                                                  release/./hal/uv_hal/src/uv_timer.o
__aeabi_fmul                                      /usr/local/lpcxpresso_8.2.2_650/lpcxpresso/tools/bin/../lib/gcc/arm-none-eabi/5.4.1/armv6-m/libgcc.a(mulsf3.o)
                                                  release/./hal/uv_hal/src/uv_utilities.o
                                                  release/./hal/uv_hal/src/uv_timer.o
__aeabi_fsub                                      /usr/local/lpcxpresso_8.2.2_650/lpcxpresso/tools/bin/../lib/gcc/arm-none-eabi/5.4.1/armv6-m/libgcc.a(subsf3.o)
                                                  /usr/local/lpcxpresso_8.2.2_650/lpcxpresso/tools/bin/../lib/gcc/arm-none-eabi/5.4.1/armv6-m/libgcc.a(_fixunssfsi.o)
                                                  release/./hal/uv_hal/src/uv_utilities.o
                                                  release/./hal/uv_hal/src/uv_timer.o
__aeabi_i2f                                       /usr/local/lpcxpresso_8.2.2_650/lpcxpresso/tools/bin/../lib/gcc/arm-none-eabi/5.4.1/armv6-m/libgcc.a(floatsisf.o)
                                                  release/./src/axis.o
                                                  release/./hal/uv_hal/src/uv_utilities.o
__aeabi_idiv                                      /usr/local/lpcxpresso_8.2.2_650/lpcxpresso/tools/bin/../lib/gcc/arm-none-eabi/5.4.1/armv6-m/libgcc.a(_divsi3.o)
                                                  release/./src/axis.o
                                                  release/./hal/uv_hal/src/uv_utilities.o
                                                  release/./hal/uv_hal/src/uv_filters.o
__aeabi_idiv0                                     /usr/local/lpcxpresso_8.2.2_650/lpcxpresso/tools/bin/../lib/gcc/arm-none-eabi/5.4.1/armv6-m/libgcc.a(_dvmd_tls.o)
                                                  /usr/local/lpcxpresso_8.2.2_650/lpcxpresso/tools/bin/../lib/gcc/arm-none-eabi/5.4.1/armv6-m/libgcc.a(_divsi3.o)
                                                  /usr/local/lpcxpresso_8.2.2_650/lpcxpresso/tools/bin/../lib/gcc/arm-none-eabi/5.4.1/armv6-m/libgcc.a(_udivsi3.o)
__aeabi_idivmod                                   /usr/local/lpcxpresso_8.2.2_650/lpcxpresso/tools/bin/../lib/gcc/arm-none-eabi/5.4.1/armv6-m/libgcc.a(_divsi3.o)
__aeabi_ldiv0                                     /usr/local/lpcxpresso_8.2.2_650/lpcxpresso/tools/bin/../lib/gcc/arm-none-eabi/5.4.1/armv6-m/libgcc.a(_dvmd_tls.o)
__aeabi_ui2d                                      /usr/local/lpcxpresso_8.2.2_650/lpcxpresso/tools/bin/../lib/gcc/arm-none-eabi/5.4.1/armv6-m/libgcc.a(floatunsidf.o)
                                                  /usr/local/lpcxpresso_8.2.2_650/lpcxpresso/tools/bin/../lib/gcc/arm-none-eabi/5.4.1/armv6-m/libgcc.a(_fixunssfdi.o)
__aeabi_ui2f                                      /usr/local/lpcxpresso_8.2.2_650/lpcxpresso/tools/bin/../lib/gcc/arm-none-eabi/5.4.1/armv6-m/libgcc.a(floatunsisf.o)
                                                  release/./hal/uv_hal/src/uv_timer.o
__aeabi_uidiv                                     /usr/local/lpcxpresso_8.2.2_650/lpcxpresso/tools/bin/../lib/gcc/arm-none-eabi/5.4.1/armv6-m/libgcc.a(_udivsi3.o)
                                                  /usr/local/lpcxpresso_8.2.2_650/lpcxpresso/tools/bin/../lib/gcc/arm-none-eabi/5.4.1/../../../../arm-none-eabi/lib/armv6-m/libc_nano.a(lib_a-utoa.o)
                                                  /usr/local/lpcxpresso_8.2.2_650/lpcxpresso/tools/bin/../lib/gcc/arm-none-eabi/5.4.1/../../../../arm-none-eabi/lib/armv6-m/libc_nano.a(lib_a-strtol.o)
                                                  release/./CMSIS_CORE_LPC11xx/src/system_LPC11xx.o
                                                  release/./hal/uv_hal/src/uv_memory.o
                                                  release/./hal/uv_hal/src/printf.o
                                                  release/./hal/uv_hal/src/uv_utilities.o
                                                  release/./hal/uv_hal/src/uv_uart.o
                                                  release/./hal/uv_hal/src/uv_adc.o
                                                  release/./hal/uv_hal/src/uv_can.o
                                                  release/./hal/uv_hal/freertos/portable/GCC/ARM_CM0/port.o
__aeabi_uidivmod                                  /usr/local/lpcxpresso_8.2.2_650/lpcxpresso/tools/bin/../lib/gcc/arm-none-eabi/5.4.1/armv6-m/libgcc.a(_udivsi3.o)
                                                  /usr/local/lpcxpresso_8.2.2_650/lpcxpresso/tools/bin/../lib/gcc/arm-none-eabi/5.4.1/../../../../arm-none-eabi/lib/armv6-m/libc_nano.a(lib_a-utoa.o)
                                                  /usr/local/lpcxpresso_8.2.2_650/lpcxpresso/tools/bin/../lib/gcc/arm-none-eabi/5.4.1/../../../../arm-none-eabi/lib/armv6-m/libc_nano.a(lib_a-strtol.o)
                                                  release/./hal/uv_hal/src/printf.o
__bss_section_table_end                           release/./src/cr_startup_lpc11xx.o
__clzsi2                                          /usr/local/lpcxpresso_8.2.2_650/lpcxpresso/tools/bin/../lib/gcc/arm-none-eabi/5.4.1/armv6-m/libgcc.a(_clzsi2.o)
                                                  /usr/local/lpcxpresso_8.2.2_650/lpcxpresso/tools/bin/../lib/gcc/arm-none-eabi/5.4.1/armv6-m/libgcc.a(extendsfdf2.o)